graph: { title: "/home/runner/work/GNAT-FSF-builds/GNAT-FSF-builds/sbx/arm-elf-linux64/embedded-runtimes/install/arm-eabi/lib/gnat/embedded-nrf52840/gnat/s-pack30.adb"
node: { title: "system__pack_30__clusterIP" label: "clusterIP\n<built-in>\n0 bytes (static)\n0 dynamic objects" }
node: { title: "system__pack_30__rev_clusterIP" label: "rev_clusterIP\n<built-in>\n0 bytes (static)\n0 dynamic objects" }
node: { title: "system__pack_30__clusteruIP" label: "clusteruIP\n<built-in>\n0 bytes (static)\n0 dynamic objects" }
node: { title: "system__pack_30__rev_clusteruIP" label: "rev_clusteruIP\n<built-in>\n0 bytes (static)\n0 dynamic objects" }
node: { title: "system__pack_30__get_30" label: "Get_30\n/home/runner/work/GNAT-FSF-builds/GNAT-FSF-builds/sbx/arm-elf-linux64/embedded-runtimes/install/arm-eabi/lib/gnat/embedded-nrf52840/gnat/s-pack30.adb:98:4\n0 bytes (static)\n0 dynamic objects" }
node: { title: "system__pack_30__getu_30" label: "Getu_30\n/home/runner/work/GNAT-FSF-builds/GNAT-FSF-builds/sbx/arm-elf-linux64/embedded-runtimes/install/arm-eabi/lib/gnat/embedded-nrf52840/gnat/s-pack30.adb:137:4\n0 bytes (static)\n0 dynamic objects" }
node: { title: "system__pack_30__set_30" label: "Set_30\n/home/runner/work/GNAT-FSF-builds/GNAT-FSF-builds/sbx/arm-elf-linux64/embedded-runtimes/install/arm-eabi/lib/gnat/embedded-nrf52840/gnat/s-pack30.adb:176:4\n4 bytes (static)\n0 dynamic objects" }
node: { title: "system__pack_30__setu_30" label: "Setu_30\n/home/runner/work/GNAT-FSF-builds/GNAT-FSF-builds/sbx/arm-elf-linux64/embedded-runtimes/install/arm-eabi/lib/gnat/embedded-nrf52840/gnat/s-pack30.adb:215:4\n4 bytes (static)\n0 dynamic objects" }
}
