graph: { title: "/home/runner/work/GNAT-FSF-builds/GNAT-FSF-builds/sbx/arm-elf-linux64/embedded-runtimes/install/arm-eabi/lib/gnat/embedded-nrf52840/gnat/s-pack15.adb"
node: { title: "system__pack_15__clusterIP" label: "clusterIP\n<built-in>\n0 bytes (static)\n0 dynamic objects" }
node: { title: "system__pack_15__rev_clusterIP" label: "rev_clusterIP\n<built-in>\n0 bytes (static)\n0 dynamic objects" }
node: { title: "system__pack_15__get_15" label: "Get_15\n/home/runner/work/GNAT-FSF-builds/GNAT-FSF-builds/sbx/arm-elf-linux64/embedded-runtimes/install/arm-eabi/lib/gnat/embedded-nrf52840/gnat/s-pack15.adb:83:4\n0 bytes (static)\n0 dynamic objects" }
node: { title: "system__pack_15__set_15" label: "Set_15\n/home/runner/work/GNAT-FSF-builds/GNAT-FSF-builds/sbx/arm-elf-linux64/embedded-runtimes/install/arm-eabi/lib/gnat/embedded-nrf52840/gnat/s-pack15.adb:122:4\n4 bytes (static)\n0 dynamic objects" }
}
