graph: { title: "/home/runner/work/GNAT-FSF-builds/GNAT-FSF-builds/sbx/arm-elf-linux64/embedded-runtimes/install/arm-eabi/lib/gnat/embedded-nrf52840/gnat/s-pack10.adb"
node: { title: "system__pack_10__clusterIP" label: "clusterIP\n<built-in>\n0 bytes (static)\n0 dynamic objects" }
node: { title: "system__pack_10__rev_clusterIP" label: "rev_clusterIP\n<built-in>\n0 bytes (static)\n0 dynamic objects" }
node: { title: "system__pack_10__clusteruIP" label: "clusteruIP\n<built-in>\n0 bytes (static)\n0 dynamic objects" }
node: { title: "system__pack_10__rev_clusteruIP" label: "rev_clusteruIP\n<built-in>\n0 bytes (static)\n0 dynamic objects" }
node: { title: "system__pack_10__get_10" label: "Get_10\n/home/runner/work/GNAT-FSF-builds/GNAT-FSF-builds/sbx/arm-elf-linux64/embedded-runtimes/install/arm-eabi/lib/gnat/embedded-nrf52840/gnat/s-pack10.adb:98:4\n0 bytes (static)\n0 dynamic objects" }
node: { title: "system__pack_10__getu_10" label: "Getu_10\n/home/runner/work/GNAT-FSF-builds/GNAT-FSF-builds/sbx/arm-elf-linux64/embedded-runtimes/install/arm-eabi/lib/gnat/embedded-nrf52840/gnat/s-pack10.adb:137:4\n0 bytes (static)\n0 dynamic objects" }
node: { title: "system__pack_10__set_10" label: "Set_10\n/home/runner/work/GNAT-FSF-builds/GNAT-FSF-builds/sbx/arm-elf-linux64/embedded-runtimes/install/arm-eabi/lib/gnat/embedded-nrf52840/gnat/s-pack10.adb:176:4\n4 bytes (static)\n0 dynamic objects" }
node: { title: "system__pack_10__setu_10" label: "Setu_10\n/home/runner/work/GNAT-FSF-builds/GNAT-FSF-builds/sbx/arm-elf-linux64/embedded-runtimes/install/arm-eabi/lib/gnat/embedded-nrf52840/gnat/s-pack10.adb:215:4\n4 bytes (static)\n0 dynamic objects" }
}
