graph: { title: "/home/runner/work/GNAT-FSF-builds/GNAT-FSF-builds/sbx/arm-elf-linux64/embedded-runtimes/install/arm-eabi/lib/gnat/embedded-rpi-pico-smp/gnat/a-suecin.adb"
node: { title: "_ada_ada__strings__unbounded__equal_case_insensitive" label: "Equal_Case_Insensitive\n/home/runner/work/GNAT-FSF-builds/GNAT-FSF-builds/sbx/arm-elf-linux64/embedded-runtimes/install/arm-eabi/lib/gnat/embedded-rpi-pico-smp/gnat/a-suecin.adb:33:1\n24 bytes (static)\n0 dynamic objects" }
node: { title: "_ada_ada__strings__equal_case_insensitive" label: "Equal_Case_Insensitive\n/home/runner/work/GNAT-FSF-builds/GNAT-FSF-builds/sbx/arm-elf-linux64/embedded-runtimes/install/arm-eabi/lib/gnat/embedded-rpi-pico-smp/gnat/a-secain.ads:30:22" shape : ellipse }
edge: { sourcename: "_ada_ada__strings__unbounded__equal_case_insensitive" targetname: "_ada_ada__strings__equal_case_insensitive" label: "/home/runner/work/GNAT-FSF-builds/GNAT-FSF-builds/sbx/arm-elf-linux64/embedded-runtimes/install/arm-eabi/lib/gnat/embedded-rpi-pico-smp/gnat/a-suecin.adb:44:22" }
}
