graph: { title: "/home/runner/work/GNAT-FSF-builds/GNAT-FSF-builds/sbx/arm-elf-linux64/embedded-runtimes/install/arm-eabi/lib/gnat/embedded-rpi-pico-smp/gnat/g-heasor.adb"
node: { title: "/home/runner/work/GNAT-FSF-builds/GNAT-FSF-builds/sbx/arm-elf-linux64/embedded-runtimes/install/arm-eabi/lib/gnat/embedded-rpi-pico-smp/gnat/g-heasor.adb:gnat__heap_sort__sort__sift.0" label: "SIFT\n/home/runner/work/GNAT-FSF-builds/GNAT-FSF-builds/sbx/arm-elf-linux64/embedded-runtimes/install/arm-eabi/lib/gnat/embedded-rpi-pico-smp/gnat/g-heasor.adb:62:7\n24 bytes (static)\n0 dynamic objects" }
node: { title: "__indirect_call" label: "Indirect Call Placeholder" shape : ellipse }
edge: { sourcename: "/home/runner/work/GNAT-FSF-builds/GNAT-FSF-builds/sbx/arm-elf-linux64/embedded-runtimes/install/arm-eabi/lib/gnat/embedded-rpi-pico-smp/gnat/g-heasor.adb:gnat__heap_sort__sort__sift.0" targetname: "__indirect_call" label: "/home/runner/work/GNAT-FSF-builds/GNAT-FSF-builds/sbx/arm-elf-linux64/embedded-runtimes/install/arm-eabi/lib/gnat/embedded-rpi-pico-smp/gnat/g-heasor.adb:84:19" }
edge: { sourcename: "/home/runner/work/GNAT-FSF-builds/GNAT-FSF-builds/sbx/arm-elf-linux64/embedded-runtimes/install/arm-eabi/lib/gnat/embedded-rpi-pico-smp/gnat/g-heasor.adb:gnat__heap_sort__sort__sift.0" targetname: "__indirect_call" label: "/home/runner/work/GNAT-FSF-builds/GNAT-FSF-builds/sbx/arm-elf-linux64/embedded-runtimes/install/arm-eabi/lib/gnat/embedded-rpi-pico-smp/gnat/g-heasor.adb:91:13" }
edge: { sourcename: "/home/runner/work/GNAT-FSF-builds/GNAT-FSF-builds/sbx/arm-elf-linux64/embedded-runtimes/install/arm-eabi/lib/gnat/embedded-rpi-pico-smp/gnat/g-heasor.adb:gnat__heap_sort__sort__sift.0" targetname: "__indirect_call" label: "/home/runner/work/GNAT-FSF-builds/GNAT-FSF-builds/sbx/arm-elf-linux64/embedded-runtimes/install/arm-eabi/lib/gnat/embedded-rpi-pico-smp/gnat/g-heasor.adb:100:16" }
edge: { sourcename: "/home/runner/work/GNAT-FSF-builds/GNAT-FSF-builds/sbx/arm-elf-linux64/embedded-runtimes/install/arm-eabi/lib/gnat/embedded-rpi-pico-smp/gnat/g-heasor.adb:gnat__heap_sort__sort__sift.0" targetname: "__indirect_call" label: "/home/runner/work/GNAT-FSF-builds/GNAT-FSF-builds/sbx/arm-elf-linux64/embedded-runtimes/install/arm-eabi/lib/gnat/embedded-rpi-pico-smp/gnat/g-heasor.adb:101:16" }
node: { title: "gnat__heap_sort__sort" label: "SORT\n/home/runner/work/GNAT-FSF-builds/GNAT-FSF-builds/sbx/arm-elf-linux64/embedded-runtimes/install/arm-eabi/lib/gnat/embedded-rpi-pico-smp/gnat/g-heasor.adb:47:4\n32 bytes (static)\n0 dynamic objects" }
edge: { sourcename: "gnat__heap_sort__sort" targetname: "/home/runner/work/GNAT-FSF-builds/GNAT-FSF-builds/sbx/arm-elf-linux64/embedded-runtimes/install/arm-eabi/lib/gnat/embedded-rpi-pico-smp/gnat/g-heasor.adb:gnat__heap_sort__sort__sift.0" label: "/home/runner/work/GNAT-FSF-builds/GNAT-FSF-builds/sbx/arm-elf-linux64/embedded-runtimes/install/arm-eabi/lib/gnat/embedded-rpi-pico-smp/gnat/g-heasor.adb:116:10" }
edge: { sourcename: "gnat__heap_sort__sort" targetname: "__indirect_call" label: "/home/runner/work/GNAT-FSF-builds/GNAT-FSF-builds/sbx/arm-elf-linux64/embedded-runtimes/install/arm-eabi/lib/gnat/embedded-rpi-pico-smp/gnat/g-heasor.adb:124:10" }
edge: { sourcename: "gnat__heap_sort__sort" targetname: "/home/runner/work/GNAT-FSF-builds/GNAT-FSF-builds/sbx/arm-elf-linux64/embedded-runtimes/install/arm-eabi/lib/gnat/embedded-rpi-pico-smp/gnat/g-heasor.adb:gnat__heap_sort__sort__sift.0" label: "/home/runner/work/GNAT-FSF-builds/GNAT-FSF-builds/sbx/arm-elf-linux64/embedded-runtimes/install/arm-eabi/lib/gnat/embedded-rpi-pico-smp/gnat/g-heasor.adb:126:10" }
}
