graph: { title: "/home/runner/work/GNAT-FSF-builds/GNAT-FSF-builds/sbx/arm-elf-linux64/embedded-runtimes/install/arm-eabi/lib/gnat/embedded-samv71/gnat/s-imgllf.ads"
node: { title: "/home/runner/work/GNAT-FSF-builds/GNAT-FSF-builds/sbx/arm-elf-linux64/embedded-runtimes/install/arm-eabi/lib/gnat/embedded-samv71/gnat/s-imgllf.ads:system__img_llf__impl__to_unsigned" label: "To_Unsigned\n/home/runner/work/GNAT-FSF-builds/GNAT-FSF-builds/sbx/arm-elf-linux64/embedded-runtimes/install/arm-eabi/lib/gnat/embedded-samv71/gnat/s-dourea.adb:239:4\n48 bytes (static)\n0 dynamic objects" }
node: { title: "system__fat_llf__attr_long_long_float__truncation" label: "Truncation\n/home/runner/work/GNAT-FSF-builds/GNAT-FSF-builds/sbx/arm-elf-linux64/embedded-runtimes/install/arm-eabi/lib/gnat/embedded-samv71/gnat/s-fatgen.ads:85:13" shape : ellipse }
edge: { sourcename: "/home/runner/work/GNAT-FSF-builds/GNAT-FSF-builds/sbx/arm-elf-linux64/embedded-runtimes/install/arm-eabi/lib/gnat/embedded-samv71/gnat/s-imgllf.ads:system__img_llf__impl__to_unsigned" targetname: "system__fat_llf__attr_long_long_float__truncation" label: "/home/runner/work/GNAT-FSF-builds/GNAT-FSF-builds/sbx/arm-elf-linux64/embedded-runtimes/install/arm-eabi/lib/gnat/embedded-samv71/gnat/s-dourea.adb:240:31" }
node: { title: "__aeabi_d2ulz" label: "aeabi_d2ulz\n<built-in>" shape : ellipse }
edge: { sourcename: "/home/runner/work/GNAT-FSF-builds/GNAT-FSF-builds/sbx/arm-elf-linux64/embedded-runtimes/install/arm-eabi/lib/gnat/embedded-samv71/gnat/s-imgllf.ads:system__img_llf__impl__to_unsigned" targetname: "__aeabi_d2ulz" }
edge: { sourcename: "/home/runner/work/GNAT-FSF-builds/GNAT-FSF-builds/sbx/arm-elf-linux64/embedded-runtimes/install/arm-eabi/lib/gnat/embedded-samv71/gnat/s-imgllf.ads:system__img_llf__impl__to_unsigned" targetname: "__aeabi_d2ulz" }
node: { title: "system__fat_llf__attr_long_long_float__ceiling" label: "Ceiling\n/home/runner/work/GNAT-FSF-builds/GNAT-FSF-builds/sbx/arm-elf-linux64/embedded-runtimes/install/arm-eabi/lib/gnat/embedded-samv71/gnat/s-fatgen.ads:55:13" shape : ellipse }
edge: { sourcename: "/home/runner/work/GNAT-FSF-builds/GNAT-FSF-builds/sbx/arm-elf-linux64/embedded-runtimes/install/arm-eabi/lib/gnat/embedded-samv71/gnat/s-imgllf.ads:system__img_llf__impl__to_unsigned" targetname: "system__fat_llf__attr_long_long_float__ceiling" label: "/home/runner/work/GNAT-FSF-builds/GNAT-FSF-builds/sbx/arm-elf-linux64/embedded-runtimes/install/arm-eabi/lib/gnat/embedded-samv71/gnat/s-dourea.adb:248:39" }
edge: { sourcename: "/home/runner/work/GNAT-FSF-builds/GNAT-FSF-builds/sbx/arm-elf-linux64/embedded-runtimes/install/arm-eabi/lib/gnat/embedded-samv71/gnat/s-imgllf.ads:system__img_llf__impl__to_unsigned" targetname: "__aeabi_d2ulz" }
edge: { sourcename: "/home/runner/work/GNAT-FSF-builds/GNAT-FSF-builds/sbx/arm-elf-linux64/embedded-runtimes/install/arm-eabi/lib/gnat/embedded-samv71/gnat/s-imgllf.ads:system__img_llf__impl__to_unsigned" targetname: "__aeabi_d2ulz" }
edge: { sourcename: "/home/runner/work/GNAT-FSF-builds/GNAT-FSF-builds/sbx/arm-elf-linux64/embedded-runtimes/install/arm-eabi/lib/gnat/embedded-samv71/gnat/s-imgllf.ads:system__img_llf__impl__to_unsigned" targetname: "__aeabi_d2ulz" }
edge: { sourcename: "/home/runner/work/GNAT-FSF-builds/GNAT-FSF-builds/sbx/arm-elf-linux64/embedded-runtimes/install/arm-eabi/lib/gnat/embedded-samv71/gnat/s-imgllf.ads:system__img_llf__impl__to_unsigned" targetname: "__aeabi_d2ulz" }
node: { title: "system__fat_llf__attr_long_long_float__floor" label: "Floor\n/home/runner/work/GNAT-FSF-builds/GNAT-FSF-builds/sbx/arm-elf-linux64/embedded-runtimes/install/arm-eabi/lib/gnat/embedded-samv71/gnat/s-fatgen.ads:63:13" shape : ellipse }
edge: { sourcename: "/home/runner/work/GNAT-FSF-builds/GNAT-FSF-builds/sbx/arm-elf-linux64/embedded-runtimes/install/arm-eabi/lib/gnat/embedded-samv71/gnat/s-imgllf.ads:system__img_llf__impl__to_unsigned" targetname: "system__fat_llf__attr_long_long_float__floor" label: "/home/runner/work/GNAT-FSF-builds/GNAT-FSF-builds/sbx/arm-elf-linux64/embedded-runtimes/install/arm-eabi/lib/gnat/embedded-samv71/gnat/s-dourea.adb:250:39" }
edge: { sourcename: "/home/runner/work/GNAT-FSF-builds/GNAT-FSF-builds/sbx/arm-elf-linux64/embedded-runtimes/install/arm-eabi/lib/gnat/embedded-samv71/gnat/s-imgllf.ads:system__img_llf__impl__to_unsigned" targetname: "__aeabi_d2ulz" }
edge: { sourcename: "/home/runner/work/GNAT-FSF-builds/GNAT-FSF-builds/sbx/arm-elf-linux64/embedded-runtimes/install/arm-eabi/lib/gnat/embedded-samv71/gnat/s-imgllf.ads:system__img_llf__impl__to_unsigned" targetname: "__aeabi_d2ulz" }
edge: { sourcename: "/home/runner/work/GNAT-FSF-builds/GNAT-FSF-builds/sbx/arm-elf-linux64/embedded-runtimes/install/arm-eabi/lib/gnat/embedded-samv71/gnat/s-imgllf.ads:system__img_llf__impl__to_unsigned" targetname: "__aeabi_d2ulz" }
edge: { sourcename: "/home/runner/work/GNAT-FSF-builds/GNAT-FSF-builds/sbx/arm-elf-linux64/embedded-runtimes/install/arm-eabi/lib/gnat/embedded-samv71/gnat/s-imgllf.ads:system__img_llf__impl__to_unsigned" targetname: "__aeabi_d2ulz" }
node: { title: "/home/runner/work/GNAT-FSF-builds/GNAT-FSF-builds/sbx/arm-elf-linux64/embedded-runtimes/install/arm-eabi/lib/gnat/embedded-samv71/gnat/s-imgllf.ads:system__img_llf__impl__double_real__OmultiplyXnn" label: "*Xnn\n/home/runner/work/GNAT-FSF-builds/GNAT-FSF-builds/sbx/arm-elf-linux64/embedded-runtimes/install/arm-eabi/lib/gnat/embedded-samv71/gnat/s-dourea.adb:150:4\n56 bytes (static)\n0 dynamic objects" }
node: { title: "/home/runner/work/GNAT-FSF-builds/GNAT-FSF-builds/sbx/arm-elf-linux64/embedded-runtimes/install/arm-eabi/lib/gnat/embedded-samv71/gnat/s-imgllf.ads:system__img_llf__impl__double_real__Odivide__2Xnn" label: "2xnn\n/home/runner/work/GNAT-FSF-builds/GNAT-FSF-builds/sbx/arm-elf-linux64/embedded-runtimes/install/arm-eabi/lib/gnat/embedded-samv71/gnat/s-dourea.adb:194:4\n112 bytes (static)\n0 dynamic objects" }
edge: { sourcename: "/home/runner/work/GNAT-FSF-builds/GNAT-FSF-builds/sbx/arm-elf-linux64/embedded-runtimes/install/arm-eabi/lib/gnat/embedded-samv71/gnat/s-imgllf.ads:system__img_llf__impl__double_real__Odivide__2Xnn" targetname: "/home/runner/work/GNAT-FSF-builds/GNAT-FSF-builds/sbx/arm-elf-linux64/embedded-runtimes/install/arm-eabi/lib/gnat/embedded-samv71/gnat/s-imgllf.ads:system__img_llf__impl__double_real__OmultiplyXnn" label: "/home/runner/work/GNAT-FSF-builds/GNAT-FSF-builds/sbx/arm-elf-linux64/embedded-runtimes/install/arm-eabi/lib/gnat/embedded-samv71/gnat/s-dourea.adb:200:18" }
edge: { sourcename: "/home/runner/work/GNAT-FSF-builds/GNAT-FSF-builds/sbx/arm-elf-linux64/embedded-runtimes/install/arm-eabi/lib/gnat/embedded-samv71/gnat/s-imgllf.ads:system__img_llf__impl__double_real__Odivide__2Xnn" targetname: "/home/runner/work/GNAT-FSF-builds/GNAT-FSF-builds/sbx/arm-elf-linux64/embedded-runtimes/install/arm-eabi/lib/gnat/embedded-samv71/gnat/s-imgllf.ads:system__img_llf__impl__double_real__OmultiplyXnn" label: "/home/runner/work/GNAT-FSF-builds/GNAT-FSF-builds/sbx/arm-elf-linux64/embedded-runtimes/install/arm-eabi/lib/gnat/embedded-samv71/gnat/s-dourea.adb:203:18" }
node: { title: "/home/runner/work/GNAT-FSF-builds/GNAT-FSF-builds/sbx/arm-elf-linux64/embedded-runtimes/install/arm-eabi/lib/gnat/embedded-samv71/gnat/s-imgllf.ads:system__img_llf__impl__double_real__Omultiply__2Xnn" label: "2xnn\n/home/runner/work/GNAT-FSF-builds/GNAT-FSF-builds/sbx/arm-elf-linux64/embedded-runtimes/install/arm-eabi/lib/gnat/embedded-samv71/gnat/s-dourea.adb:161:4\n72 bytes (static)\n0 dynamic objects" }
node: { title: "system__img_llf__impl__double_real__product__splitXnnb" label: "Splitxnnb\n/home/runner/work/GNAT-FSF-builds/GNAT-FSF-builds/sbx/arm-elf-linux64/embedded-runtimes/install/arm-eabi/lib/gnat/embedded-samv71/gnat/s-dorepr.adb:57:4\n32 bytes (static)\n0 dynamic objects" }
node: { title: "system__img_llf__impl__double_real__product__two_prodXnnb" label: "Two_Prodxnnb\n/home/runner/work/GNAT-FSF-builds/GNAT-FSF-builds/sbx/arm-elf-linux64/embedded-runtimes/install/arm-eabi/lib/gnat/embedded-samv71/gnat/s-dorepr.adb:131:4\n32 bytes (static)\n0 dynamic objects" }
node: { title: "/home/runner/work/GNAT-FSF-builds/GNAT-FSF-builds/sbx/arm-elf-linux64/embedded-runtimes/install/arm-eabi/lib/gnat/embedded-samv71/gnat/s-imgllf.ads:system__img_llf__impl__double_real__OdivideXnn.constprop.0" label: "/Xnn.Constprop\n/home/runner/work/GNAT-FSF-builds/GNAT-FSF-builds/sbx/arm-elf-linux64/embedded-runtimes/install/arm-eabi/lib/gnat/embedded-samv71/gnat/s-dourea.adb:176:4\n96 bytes (static)\n0 dynamic objects" }
edge: { sourcename: "/home/runner/work/GNAT-FSF-builds/GNAT-FSF-builds/sbx/arm-elf-linux64/embedded-runtimes/install/arm-eabi/lib/gnat/embedded-samv71/gnat/s-imgllf.ads:system__img_llf__impl__double_real__OdivideXnn.constprop.0" targetname: "system__img_llf__impl__double_real__product__two_prodXnnb" label: "/home/runner/work/GNAT-FSF-builds/GNAT-FSF-builds/sbx/arm-elf-linux64/embedded-runtimes/install/arm-eabi/lib/gnat/embedded-samv71/gnat/s-dourea.adb:98:13" }
node: { title: "/home/runner/work/GNAT-FSF-builds/GNAT-FSF-builds/sbx/arm-elf-linux64/embedded-runtimes/install/arm-eabi/lib/gnat/embedded-samv71/gnat/s-imgllf.ads:system__img_llf__impl__set_image_real__adjust_scale.0" label: "Adjust_Scale\n/home/runner/work/GNAT-FSF-builds/GNAT-FSF-builds/sbx/arm-elf-linux64/embedded-runtimes/install/arm-eabi/lib/gnat/embedded-samv71/gnat/s-imager.adb:197:7\n112 bytes (static)\n0 dynamic objects" }
edge: { sourcename: "/home/runner/work/GNAT-FSF-builds/GNAT-FSF-builds/sbx/arm-elf-linux64/embedded-runtimes/install/arm-eabi/lib/gnat/embedded-samv71/gnat/s-imgllf.ads:system__img_llf__impl__set_image_real__adjust_scale.0" targetname: "/home/runner/work/GNAT-FSF-builds/GNAT-FSF-builds/sbx/arm-elf-linux64/embedded-runtimes/install/arm-eabi/lib/gnat/embedded-samv71/gnat/s-imgllf.ads:system__img_llf__impl__double_real__Omultiply__2Xnn" label: "/home/runner/work/GNAT-FSF-builds/GNAT-FSF-builds/sbx/arm-elf-linux64/embedded-runtimes/install/arm-eabi/lib/gnat/embedded-samv71/gnat/s-imager.adb:210:24" }
node: { title: "__gnat_rcheck_CE_Explicit_Raise" label: "gnat_rcheck_CE_Explicit_Raise\n<built-in>" shape : ellipse }
edge: { sourcename: "/home/runner/work/GNAT-FSF-builds/GNAT-FSF-builds/sbx/arm-elf-linux64/embedded-runtimes/install/arm-eabi/lib/gnat/embedded-samv71/gnat/s-imgllf.ads:system__img_llf__impl__set_image_real__adjust_scale.0" targetname: "__gnat_rcheck_CE_Explicit_Raise" label: "/home/runner/work/GNAT-FSF-builds/GNAT-FSF-builds/sbx/arm-elf-linux64/embedded-runtimes/install/arm-eabi/lib/gnat/embedded-samv71/gnat/s-imager.adb:223:16" }
edge: { sourcename: "/home/runner/work/GNAT-FSF-builds/GNAT-FSF-builds/sbx/arm-elf-linux64/embedded-runtimes/install/arm-eabi/lib/gnat/embedded-samv71/gnat/s-imgllf.ads:system__img_llf__impl__set_image_real__adjust_scale.0" targetname: "/home/runner/work/GNAT-FSF-builds/GNAT-FSF-builds/sbx/arm-elf-linux64/embedded-runtimes/install/arm-eabi/lib/gnat/embedded-samv71/gnat/s-imgllf.ads:system__img_llf__impl__double_real__Omultiply__2Xnn" label: "/home/runner/work/GNAT-FSF-builds/GNAT-FSF-builds/sbx/arm-elf-linux64/embedded-runtimes/install/arm-eabi/lib/gnat/embedded-samv71/gnat/s-imager.adb:240:24" }
edge: { sourcename: "/home/runner/work/GNAT-FSF-builds/GNAT-FSF-builds/sbx/arm-elf-linux64/embedded-runtimes/install/arm-eabi/lib/gnat/embedded-samv71/gnat/s-imgllf.ads:system__img_llf__impl__set_image_real__adjust_scale.0" targetname: "/home/runner/work/GNAT-FSF-builds/GNAT-FSF-builds/sbx/arm-elf-linux64/embedded-runtimes/install/arm-eabi/lib/gnat/embedded-samv71/gnat/s-imgllf.ads:system__img_llf__impl__double_real__OmultiplyXnn" label: "/home/runner/work/GNAT-FSF-builds/GNAT-FSF-builds/sbx/arm-elf-linux64/embedded-runtimes/install/arm-eabi/lib/gnat/embedded-samv71/gnat/s-imager.adb:246:31" }
edge: { sourcename: "/home/runner/work/GNAT-FSF-builds/GNAT-FSF-builds/sbx/arm-elf-linux64/embedded-runtimes/install/arm-eabi/lib/gnat/embedded-samv71/gnat/s-imgllf.ads:system__img_llf__impl__set_image_real__adjust_scale.0" targetname: "/home/runner/work/GNAT-FSF-builds/GNAT-FSF-builds/sbx/arm-elf-linux64/embedded-runtimes/install/arm-eabi/lib/gnat/embedded-samv71/gnat/s-imgllf.ads:system__img_llf__impl__double_real__OdivideXnn.constprop.0" label: "/home/runner/work/GNAT-FSF-builds/GNAT-FSF-builds/sbx/arm-elf-linux64/embedded-runtimes/install/arm-eabi/lib/gnat/embedded-samv71/gnat/s-imager.adb:257:31" }
edge: { sourcename: "/home/runner/work/GNAT-FSF-builds/GNAT-FSF-builds/sbx/arm-elf-linux64/embedded-runtimes/install/arm-eabi/lib/gnat/embedded-samv71/gnat/s-imgllf.ads:system__img_llf__impl__set_image_real__adjust_scale.0" targetname: "/home/runner/work/GNAT-FSF-builds/GNAT-FSF-builds/sbx/arm-elf-linux64/embedded-runtimes/install/arm-eabi/lib/gnat/embedded-samv71/gnat/s-imgllf.ads:system__img_llf__impl__double_real__Odivide__2Xnn" label: "/home/runner/work/GNAT-FSF-builds/GNAT-FSF-builds/sbx/arm-elf-linux64/embedded-runtimes/install/arm-eabi/lib/gnat/embedded-samv71/gnat/s-imager.adb:280:24" }
edge: { sourcename: "/home/runner/work/GNAT-FSF-builds/GNAT-FSF-builds/sbx/arm-elf-linux64/embedded-runtimes/install/arm-eabi/lib/gnat/embedded-samv71/gnat/s-imgllf.ads:system__img_llf__impl__set_image_real__adjust_scale.0" targetname: "__gnat_rcheck_CE_Explicit_Raise" label: "/home/runner/work/GNAT-FSF-builds/GNAT-FSF-builds/sbx/arm-elf-linux64/embedded-runtimes/install/arm-eabi/lib/gnat/embedded-samv71/gnat/s-imager.adb:293:16" }
edge: { sourcename: "/home/runner/work/GNAT-FSF-builds/GNAT-FSF-builds/sbx/arm-elf-linux64/embedded-runtimes/install/arm-eabi/lib/gnat/embedded-samv71/gnat/s-imgllf.ads:system__img_llf__impl__set_image_real__adjust_scale.0" targetname: "/home/runner/work/GNAT-FSF-builds/GNAT-FSF-builds/sbx/arm-elf-linux64/embedded-runtimes/install/arm-eabi/lib/gnat/embedded-samv71/gnat/s-imgllf.ads:system__img_llf__impl__double_real__Odivide__2Xnn" label: "/home/runner/work/GNAT-FSF-builds/GNAT-FSF-builds/sbx/arm-elf-linux64/embedded-runtimes/install/arm-eabi/lib/gnat/embedded-samv71/gnat/s-imager.adb:304:24" }
edge: { sourcename: "/home/runner/work/GNAT-FSF-builds/GNAT-FSF-builds/sbx/arm-elf-linux64/embedded-runtimes/install/arm-eabi/lib/gnat/embedded-samv71/gnat/s-imgllf.ads:system__img_llf__impl__set_image_real__adjust_scale.0" targetname: "/home/runner/work/GNAT-FSF-builds/GNAT-FSF-builds/sbx/arm-elf-linux64/embedded-runtimes/install/arm-eabi/lib/gnat/embedded-samv71/gnat/s-imgllf.ads:system__img_llf__impl__double_real__OmultiplyXnn" label: "/home/runner/work/GNAT-FSF-builds/GNAT-FSF-builds/sbx/arm-elf-linux64/embedded-runtimes/install/arm-eabi/lib/gnat/embedded-samv71/gnat/s-imager.adb:309:31" }
edge: { sourcename: "/home/runner/work/GNAT-FSF-builds/GNAT-FSF-builds/sbx/arm-elf-linux64/embedded-runtimes/install/arm-eabi/lib/gnat/embedded-samv71/gnat/s-imgllf.ads:system__img_llf__impl__set_image_real__adjust_scale.0" targetname: "/home/runner/work/GNAT-FSF-builds/GNAT-FSF-builds/sbx/arm-elf-linux64/embedded-runtimes/install/arm-eabi/lib/gnat/embedded-samv71/gnat/s-imgllf.ads:system__img_llf__impl__double_real__OdivideXnn.constprop.0" label: "/home/runner/work/GNAT-FSF-builds/GNAT-FSF-builds/sbx/arm-elf-linux64/embedded-runtimes/install/arm-eabi/lib/gnat/embedded-samv71/gnat/s-imager.adb:320:31" }
node: { title: "system__img_llf__impl__double_real__product__two_sqrXnnb" label: "Two_Sqrxnnb\n/home/runner/work/GNAT-FSF-builds/GNAT-FSF-builds/sbx/arm-elf-linux64/embedded-runtimes/install/arm-eabi/lib/gnat/embedded-samv71/gnat/s-dorepr.adb:154:4\n32 bytes (static)\n0 dynamic objects" }
node: { title: "system__img_llf__impl__double_real__is_nanXnn" label: "Is_Nanxnn\n/home/runner/work/GNAT-FSF-builds/GNAT-FSF-builds/sbx/arm-elf-linux64/embedded-runtimes/install/arm-eabi/lib/gnat/embedded-samv71/gnat/s-dourea.adb:34:4\n0 bytes (static)\n0 dynamic objects" }
node: { title: "system__img_llf__impl__double_real__is_infinityXnn" label: "Is_Infinityxnn\n/home/runner/work/GNAT-FSF-builds/GNAT-FSF-builds/sbx/arm-elf-linux64/embedded-runtimes/install/arm-eabi/lib/gnat/embedded-samv71/gnat/s-dourea.adb:37:4\n0 bytes (static)\n0 dynamic objects" }
node: { title: "system__img_llf__impl__double_real__is_zeroXnn" label: "Is_Zeroxnn\n/home/runner/work/GNAT-FSF-builds/GNAT-FSF-builds/sbx/arm-elf-linux64/embedded-runtimes/install/arm-eabi/lib/gnat/embedded-samv71/gnat/s-dourea.adb:41:4\n0 bytes (static)\n0 dynamic objects" }
node: { title: "system__img_llf__impl__double_real__double_tIPXnn" label: "double_tIPXnn\n<built-in>\n48 bytes (static)\n0 dynamic objects" }
node: { title: "system__img_llf__impl__set_image_real" label: "Set_Image_Real\n/home/runner/work/GNAT-FSF-builds/GNAT-FSF-builds/sbx/arm-elf-linux64/embedded-runtimes/install/arm-eabi/lib/gnat/embedded-samv71/gnat/s-imager.adb:159:4\n216 bytes (static)\n0 dynamic objects" }
node: { title: "system__img_util__set_floating_invalid_value" label: "Set_Floating_Invalid_Value\n/home/runner/work/GNAT-FSF-builds/GNAT-FSF-builds/sbx/arm-elf-linux64/embedded-runtimes/install/arm-eabi/lib/gnat/embedded-samv71/gnat/s-imguti.ads:68:14" shape : ellipse }
edge: { sourcename: "system__img_llf__impl__set_image_real" targetname: "system__img_util__set_floating_invalid_value" label: "/home/runner/work/GNAT-FSF-builds/GNAT-FSF-builds/sbx/arm-elf-linux64/embedded-runtimes/install/arm-eabi/lib/gnat/embedded-samv71/gnat/s-imager.adb:376:13" }
edge: { sourcename: "system__img_llf__impl__set_image_real" targetname: "system__img_util__set_floating_invalid_value" label: "/home/runner/work/GNAT-FSF-builds/GNAT-FSF-builds/sbx/arm-elf-linux64/embedded-runtimes/install/arm-eabi/lib/gnat/embedded-samv71/gnat/s-imager.adb:379:13" }
edge: { sourcename: "system__img_llf__impl__set_image_real" targetname: "system__img_util__set_floating_invalid_value" label: "/home/runner/work/GNAT-FSF-builds/GNAT-FSF-builds/sbx/arm-elf-linux64/embedded-runtimes/install/arm-eabi/lib/gnat/embedded-samv71/gnat/s-imager.adb:384:13" }
edge: { sourcename: "system__img_llf__impl__set_image_real" targetname: "/home/runner/work/GNAT-FSF-builds/GNAT-FSF-builds/sbx/arm-elf-linux64/embedded-runtimes/install/arm-eabi/lib/gnat/embedded-samv71/gnat/s-imgllf.ads:system__img_llf__impl__set_image_real__adjust_scale.0" label: "/home/runner/work/GNAT-FSF-builds/GNAT-FSF-builds/sbx/arm-elf-linux64/embedded-runtimes/install/arm-eabi/lib/gnat/embedded-samv71/gnat/s-imager.adb:410:13" }
edge: { sourcename: "system__img_llf__impl__set_image_real" targetname: "/home/runner/work/GNAT-FSF-builds/GNAT-FSF-builds/sbx/arm-elf-linux64/embedded-runtimes/install/arm-eabi/lib/gnat/embedded-samv71/gnat/s-imgllf.ads:system__img_llf__impl__set_image_real__adjust_scale.0" label: "/home/runner/work/GNAT-FSF-builds/GNAT-FSF-builds/sbx/arm-elf-linux64/embedded-runtimes/install/arm-eabi/lib/gnat/embedded-samv71/gnat/s-imager.adb:419:13" }
edge: { sourcename: "system__img_llf__impl__set_image_real" targetname: "/home/runner/work/GNAT-FSF-builds/GNAT-FSF-builds/sbx/arm-elf-linux64/embedded-runtimes/install/arm-eabi/lib/gnat/embedded-samv71/gnat/s-imgllf.ads:system__img_llf__impl__to_unsigned" label: "/home/runner/work/GNAT-FSF-builds/GNAT-FSF-builds/sbx/arm-elf-linux64/embedded-runtimes/install/arm-eabi/lib/gnat/embedded-samv71/gnat/s-imager.adb:429:33" }
node: { title: "system__img_llu__impl__set_image_unsigned" label: "Set_Image_Unsigned\n/home/runner/work/GNAT-FSF-builds/GNAT-FSF-builds/sbx/arm-elf-linux64/embedded-runtimes/install/arm-eabi/lib/gnat/embedded-samv71/gnat/s-imageu.ads:52:14" shape : ellipse }
edge: { sourcename: "system__img_llf__impl__set_image_real" targetname: "system__img_llu__impl__set_image_unsigned" label: "/home/runner/work/GNAT-FSF-builds/GNAT-FSF-builds/sbx/arm-elf-linux64/embedded-runtimes/install/arm-eabi/lib/gnat/embedded-samv71/gnat/s-imager.adb:429:13" }
edge: { sourcename: "system__img_llf__impl__set_image_real" targetname: "/home/runner/work/GNAT-FSF-builds/GNAT-FSF-builds/sbx/arm-elf-linux64/embedded-runtimes/install/arm-eabi/lib/gnat/embedded-samv71/gnat/s-imgllf.ads:system__img_llf__impl__double_real__Odivide__2Xnn" label: "/home/runner/work/GNAT-FSF-builds/GNAT-FSF-builds/sbx/arm-elf-linux64/embedded-runtimes/install/arm-eabi/lib/gnat/embedded-samv71/gnat/s-imager.adb:435:51" }
edge: { sourcename: "system__img_llf__impl__set_image_real" targetname: "/home/runner/work/GNAT-FSF-builds/GNAT-FSF-builds/sbx/arm-elf-linux64/embedded-runtimes/install/arm-eabi/lib/gnat/embedded-samv71/gnat/s-imgllf.ads:system__img_llf__impl__to_unsigned" label: "/home/runner/work/GNAT-FSF-builds/GNAT-FSF-builds/sbx/arm-elf-linux64/embedded-runtimes/install/arm-eabi/lib/gnat/embedded-samv71/gnat/s-imager.adb:435:36" }
edge: { sourcename: "system__img_llf__impl__set_image_real" targetname: "system__img_llu__impl__set_image_unsigned" label: "/home/runner/work/GNAT-FSF-builds/GNAT-FSF-builds/sbx/arm-elf-linux64/embedded-runtimes/install/arm-eabi/lib/gnat/embedded-samv71/gnat/s-imager.adb:441:16" }
node: { title: "__aeabi_ul2d" label: "aeabi_ul2d\n<built-in>" shape : ellipse }
edge: { sourcename: "system__img_llf__impl__set_image_real" targetname: "__aeabi_ul2d" }
edge: { sourcename: "system__img_llf__impl__set_image_real" targetname: "/home/runner/work/GNAT-FSF-builds/GNAT-FSF-builds/sbx/arm-elf-linux64/embedded-runtimes/install/arm-eabi/lib/gnat/embedded-samv71/gnat/s-imgllf.ads:system__img_llf__impl__double_real__Omultiply__2Xnn" label: "/home/runner/work/GNAT-FSF-builds/GNAT-FSF-builds/sbx/arm-elf-linux64/embedded-runtimes/install/arm-eabi/lib/gnat/embedded-samv71/gnat/s-imager.adb:443:43" }
edge: { sourcename: "system__img_llf__impl__set_image_real" targetname: "/home/runner/work/GNAT-FSF-builds/GNAT-FSF-builds/sbx/arm-elf-linux64/embedded-runtimes/install/arm-eabi/lib/gnat/embedded-samv71/gnat/s-imgllf.ads:system__img_llf__impl__to_unsigned" label: "/home/runner/work/GNAT-FSF-builds/GNAT-FSF-builds/sbx/arm-elf-linux64/embedded-runtimes/install/arm-eabi/lib/gnat/embedded-samv71/gnat/s-imager.adb:446:36" }
edge: { sourcename: "system__img_llf__impl__set_image_real" targetname: "system__img_llu__impl__set_image_unsigned" label: "/home/runner/work/GNAT-FSF-builds/GNAT-FSF-builds/sbx/arm-elf-linux64/embedded-runtimes/install/arm-eabi/lib/gnat/embedded-samv71/gnat/s-imager.adb:446:16" }
node: { title: "memset" label: "builtin_memset\n<built-in>" shape : ellipse }
edge: { sourcename: "system__img_llf__impl__set_image_real" targetname: "memset" label: "/home/runner/work/GNAT-FSF-builds/GNAT-FSF-builds/sbx/arm-elf-linux64/embedded-runtimes/install/arm-eabi/lib/gnat/embedded-samv71/gnat/s-imager.adb:449:36" }
node: { title: "memcpy" label: "builtin_memcpy\n<built-in>" shape : ellipse }
edge: { sourcename: "system__img_llf__impl__set_image_real" targetname: "memcpy" }
node: { title: "system__img_util__set_decimal_digits" label: "Set_Decimal_Digits\n/home/runner/work/GNAT-FSF-builds/GNAT-FSF-builds/sbx/arm-elf-linux64/embedded-runtimes/install/arm-eabi/lib/gnat/embedded-samv71/gnat/s-imguti.ads:42:14" shape : ellipse }
edge: { sourcename: "system__img_llf__impl__set_image_real" targetname: "system__img_util__set_decimal_digits" label: "/home/runner/work/GNAT-FSF-builds/GNAT-FSF-builds/sbx/arm-elf-linux64/embedded-runtimes/install/arm-eabi/lib/gnat/embedded-samv71/gnat/s-imager.adb:461:7" }
node: { title: "system__img_llf__impl__image_fixed_point" label: "Image_Fixed_Point\n/home/runner/work/GNAT-FSF-builds/GNAT-FSF-builds/sbx/arm-elf-linux64/embedded-runtimes/install/arm-eabi/lib/gnat/embedded-samv71/gnat/s-imager.adb:79:4\n16 bytes (static)\n0 dynamic objects" }
edge: { sourcename: "system__img_llf__impl__image_fixed_point" targetname: "system__img_llf__impl__set_image_real" label: "/home/runner/work/GNAT-FSF-builds/GNAT-FSF-builds/sbx/arm-elf-linux64/embedded-runtimes/install/arm-eabi/lib/gnat/embedded-samv71/gnat/s-imager.adb:97:7" }
node: { title: "system__img_llf__impl__image_floating_point" label: "Image_Floating_Point\n/home/runner/work/GNAT-FSF-builds/GNAT-FSF-builds/sbx/arm-elf-linux64/embedded-runtimes/install/arm-eabi/lib/gnat/embedded-samv71/gnat/s-imager.adb:104:4\n24 bytes (static)\n0 dynamic objects" }
edge: { sourcename: "system__img_llf__impl__image_floating_point" targetname: "system__img_llf__impl__set_image_real" label: "/home/runner/work/GNAT-FSF-builds/GNAT-FSF-builds/sbx/arm-elf-linux64/embedded-runtimes/install/arm-eabi/lib/gnat/embedded-samv71/gnat/s-imager.adb:132:7" }
}
