graph: { title: "/home/runner/work/GNAT-FSF-builds/GNAT-FSF-builds/sbx/arm-elf-linux64/embedded-runtimes/install/arm-eabi/lib/gnat/light-tasking-rpi-pico/gnat/s-imde32.ads"
node: { title: "system__img_decimal_32__impl__set_image_decimal" label: "Set_Image_Decimal\n/home/runner/work/GNAT-FSF-builds/GNAT-FSF-builds/sbx/arm-elf-linux64/embedded-runtimes/install/arm-eabi/lib/gnat/light-tasking-rpi-pico/gnat/s-imaged.adb:65:4\n88 bytes (dynamic)\n1 dynamic objects\n Digs /home/runner/work/GNAT-FSF-builds/GNAT-FSF-builds/sbx/arm-elf-linux64/embedded-runtimes/install/arm-eabi/lib/gnat/light-tasking-rpi-pico/gnat/s-imaged.adb:74:7" }
node: { title: "system__img_int__impl__image_integer" label: "Image_Integer\n/home/runner/work/GNAT-FSF-builds/GNAT-FSF-builds/sbx/arm-elf-linux64/embedded-runtimes/install/arm-eabi/lib/gnat/light-tasking-rpi-pico/gnat/s-imagei.ads:43:14" shape : ellipse }
edge: { sourcename: "system__img_decimal_32__impl__set_image_decimal" targetname: "system__img_int__impl__image_integer" label: "/home/runner/work/GNAT-FSF-builds/GNAT-FSF-builds/sbx/arm-elf-linux64/embedded-runtimes/install/arm-eabi/lib/gnat/light-tasking-rpi-pico/gnat/s-imaged.adb:74:27" }
node: { title: "memcpy" label: "builtin_memcpy\n<built-in>" shape : ellipse }
edge: { sourcename: "system__img_decimal_32__impl__set_image_decimal" targetname: "memcpy" }
node: { title: "system__img_util__set_decimal_digits" label: "Set_Decimal_Digits\n/home/runner/work/GNAT-FSF-builds/GNAT-FSF-builds/sbx/arm-elf-linux64/embedded-runtimes/install/arm-eabi/lib/gnat/light-tasking-rpi-pico/gnat/s-imguti.ads:42:14" shape : ellipse }
edge: { sourcename: "system__img_decimal_32__impl__set_image_decimal" targetname: "system__img_util__set_decimal_digits" label: "/home/runner/work/GNAT-FSF-builds/GNAT-FSF-builds/sbx/arm-elf-linux64/embedded-runtimes/install/arm-eabi/lib/gnat/light-tasking-rpi-pico/gnat/s-imaged.adb:78:7" }
node: { title: "system__img_decimal_32__impl__image_decimal" label: "Image_Decimal\n/home/runner/work/GNAT-FSF-builds/GNAT-FSF-builds/sbx/arm-elf-linux64/embedded-runtimes/install/arm-eabi/lib/gnat/light-tasking-rpi-pico/gnat/s-imaged.adb:40:4\n32 bytes (static)\n0 dynamic objects" }
edge: { sourcename: "system__img_decimal_32__impl__image_decimal" targetname: "system__img_decimal_32__impl__set_image_decimal" label: "/home/runner/work/GNAT-FSF-builds/GNAT-FSF-builds/sbx/arm-elf-linux64/embedded-runtimes/install/arm-eabi/lib/gnat/light-tasking-rpi-pico/gnat/s-imaged.adb:58:7" }
}
