graph: { title: "/home/runner/work/GNAT-FSF-builds/GNAT-FSF-builds/sbx/arm-elf-linux64/embedded-runtimes/install/arm-eabi/lib/gnat/embedded-stm32f769disco/gnat/g-shsh64.adb"
node: { title: "gnat__secure_hashes__sha2_64__hash_state__to_hash" label: "TO_HASH\n/home/runner/work/GNAT-FSF-builds/GNAT-FSF-builds/sbx/arm-elf-linux64/embedded-runtimes/install/arm-eabi/lib/gnat/embedded-stm32f769disco/gnat/g-sechas.adb:470:7\n56 bytes (dynamic)\n1 dynamic objects\n RESULT /home/runner/work/GNAT-FSF-builds/GNAT-FSF-builds/sbx/arm-elf-linux64/embedded-runtimes/install/arm-eabi/lib/gnat/embedded-stm32f769disco/gnat/g-sechas.adb:472:10" }
node: { title: "memcpy" label: "builtin_memcpy\n<built-in>" shape : ellipse }
edge: { sourcename: "gnat__secure_hashes__sha2_64__hash_state__to_hash" targetname: "memcpy" }
edge: { sourcename: "gnat__secure_hashes__sha2_64__hash_state__to_hash" targetname: "memcpy" }
node: { title: "gnat__secure_hashes__sha2_64__transform" label: "TRANSFORM\n/home/runner/work/GNAT-FSF-builds/GNAT-FSF-builds/sbx/arm-elf-linux64/embedded-runtimes/install/arm-eabi/lib/gnat/embedded-stm32f769disco/gnat/g-shshco.adb:38:4\n832 bytes (static)\n0 dynamic objects" }
edge: { sourcename: "gnat__secure_hashes__sha2_64__transform" targetname: "memcpy" }
node: { title: "gnat__secure_hashes__sha2_64__hash_state__stateIP" label: "stateIP\n<built-in>\n0 bytes (static)\n0 dynamic objects" }
node: { title: "gnat__secure_hashes__sha2_64__sigma0" label: "SIGMA0\n/home/runner/work/GNAT-FSF-builds/GNAT-FSF-builds/sbx/arm-elf-linux64/embedded-runtimes/install/arm-eabi/lib/gnat/embedded-stm32f769disco/gnat/g-shsh64.adb:40:4\n0 bytes (static)\n0 dynamic objects" }
node: { title: "gnat__secure_hashes__sha2_64__sigma1" label: "SIGMA1\n/home/runner/work/GNAT-FSF-builds/GNAT-FSF-builds/sbx/arm-elf-linux64/embedded-runtimes/install/arm-eabi/lib/gnat/embedded-stm32f769disco/gnat/g-shsh64.adb:51:4\n4 bytes (static)\n0 dynamic objects" }
node: { title: "gnat__secure_hashes__sha2_64__s0" label: "S0\n/home/runner/work/GNAT-FSF-builds/GNAT-FSF-builds/sbx/arm-elf-linux64/embedded-runtimes/install/arm-eabi/lib/gnat/embedded-stm32f769disco/gnat/g-shsh64.adb:62:4\n0 bytes (static)\n0 dynamic objects" }
node: { title: "gnat__secure_hashes__sha2_64__s1" label: "S1\n/home/runner/work/GNAT-FSF-builds/GNAT-FSF-builds/sbx/arm-elf-linux64/embedded-runtimes/install/arm-eabi/lib/gnat/embedded-stm32f769disco/gnat/g-shsh64.adb:73:4\n0 bytes (static)\n0 dynamic objects" }
node: { title: "gnat__secure_hashes__sha2_64___elabs" label: "SHA2_64\n/home/runner/work/GNAT-FSF-builds/GNAT-FSF-builds/sbx/arm-elf-linux64/embedded-runtimes/install/arm-eabi/lib/gnat/embedded-stm32f769disco/gnat/g-shsh64.ads:43:1\n8 bytes (static)\n0 dynamic objects" }
edge: { sourcename: "gnat__secure_hashes__sha2_64___elabs" targetname: "memcpy" }
}
