graph: { title: "/home/runner/work/GNAT-FSF-builds/GNAT-FSF-builds/sbx/arm-elf-linux64/embedded-runtimes/install/arm-eabi/lib/gnat/embedded-nrf52832/gnat/a-stbuun.adb"
edge: { sourcename: "ada__strings__text_buffers__unbounded__mapping__Tbuffer_typeCFD"
  targetname: "-9:ada__strings__text_buffers__unbounded__mapping__buffer_type,ada__strings__text_buffers__unbounded__mapping__buffer_type"
  label: "a-sttebu.ads:116:12 [a-stbuun.ads:54:4]"
}
class {
  classname: "ada__strings__text_buffers__unbounded__mapping__buffer_type"
  label: "ada__strings__text_buffers__unbounded__mapping__buffer_type\a-sttebu.ads:116:12 [a-stbuun.ads:54:4]"
  parent: "ada__strings__text_buffers__root_buffer_type"
  virtuals: "1:ada__strings__text_buffers__unbounded__mapping__put,1:ada__strings__text_buffers__root_buffer_type\n
             2:ada__strings__text_buffers__unbounded__mapping__wide_put,2:ada__strings__text_buffers__root_buffer_type\n
             3:ada__strings__text_buffers__unbounded__mapping__wide_wide_put,3:ada__strings__text_buffers__root_buffer_type\n
             4:ada__strings__text_buffers__unbounded__mapping__put_utf_8,4:ada__strings__text_buffers__root_buffer_type\n
             5:ada__strings__text_buffers__unbounded__mapping__wide_put_utf_16,5:ada__strings__text_buffers__root_buffer_type\n
             6:ada__strings__text_buffers__unbounded__mapping__new_line,6:ada__strings__text_buffers__root_buffer_type\n
             -1:ada__strings__text_buffers__unbounded__mapping___size,-1:ada__strings__text_buffers__root_buffer_type\n
             -10:ada__strings__text_buffers__unbounded__mapping__buffer_typePI,-10:ada__strings__text_buffers__root_buffer_type\n
             -9:ada__strings__text_buffers__unbounded__mapping__buffer_typeDF,-9:ada__strings__text_buffers__root_buffer_type"
}
edge: { sourcename: "ada__strings__text_buffers__unbounded__Tmanaged_chunk_listCFD"
  targetname: "-9:ada__strings__text_buffers__unbounded__managed_chunk_list,ada__strings__text_buffers__unbounded__managed_chunk_list"
  label: "a-stbuun.ads:63:9"
}
edge: { sourcename: "ada__strings__text_buffers__unbounded__Tbuffer_typeCFD"
  targetname: "-9:ada__strings__text_buffers__unbounded__buffer_type,ada__strings__text_buffers__unbounded__buffer_type"
  label: "a-stbuun.ads:23:9"
}
class {
  classname: "ada__strings__text_buffers__unbounded__buffer_type"
  label: "ada__strings__text_buffers__unbounded__buffer_type\a-stbuun.ads:23:9"
  parent: "ada__strings__text_buffers__root_buffer_type"
  virtuals: "-1:ada__strings__text_buffers__unbounded___size__4,-1:ada__strings__text_buffers__unbounded__mapping__buffer_type\n
             -10:ada__strings__text_buffers__unbounded__buffer_typePI__2,-10:ada__strings__text_buffers__unbounded__mapping__buffer_type\n
             -9:ada__strings__text_buffers__unbounded__buffer_typeDF__2,-9:ada__strings__text_buffers__unbounded__mapping__buffer_type\n
             10:ada__strings__text_buffers__unbounded__get\n
             11:ada__strings__text_buffers__unbounded__wide_get\n
             12:ada__strings__text_buffers__unbounded__wide_wide_get\n
             13:ada__strings__text_buffers__unbounded__get_utf_8\n
             14:ada__strings__text_buffers__unbounded__wide_get_utf_16"
}
class {
  classname: "ada__strings__text_buffers__unbounded__managed_chunk_list"
  label: "ada__strings__text_buffers__unbounded__managed_chunk_list\a-stbuun.ads:63:9"
  parent: "ada__finalization__limited_controlled"
  virtuals: "2:ada__strings__text_buffers__unbounded__finalize__2,2:ada__finalization__limited_controlled\n
             3:ada__strings__text_buffers__unbounded__initialize__2,3:ada__finalization__limited_controlled\n
             -1:ada__strings__text_buffers__unbounded___size__3,-1:ada__finalization__limited_controlled\n
             -10:ada__strings__text_buffers__unbounded__managed_chunk_listPI__2,-10:ada__finalization__limited_controlled\n
             -9:ada__strings__text_buffers__unbounded__managed_chunk_listDF__2,-9:ada__finalization__limited_controlled"
}
node: { title: "ada__strings__text_buffers__unbounded__mapping___size" label: "mapping\n<built-in>\n0 bytes (static)\n0 dynamic objects" }
node: { title: "ada__strings__text_buffers__unbounded__mapping__buffer_typeDF" label: "buffer_typeDF\n<built-in>\n0 bytes (static)\n0 dynamic objects" }
node: { title: "ada__strings__text_buffers__unbounded___size__3" label: "unbounded\n<built-in>\n0 bytes (static)\n0 dynamic objects" }
node: { title: "ada__strings__text_buffers__unbounded___size__4" label: "unbounded\n<built-in>\n0 bytes (static)\n0 dynamic objects" }
node: { title: "ada__strings__text_buffers__unbounded__initialize__2" label: "Initialize\n/home/runner/work/GNAT-FSF-builds/GNAT-FSF-builds/sbx/arm-elf-linux64/embedded-runtimes/install/arm-eabi/lib/gnat/embedded-nrf52832/gnat/a-stbuun.adb:171:4\n0 bytes (static)\n0 dynamic objects" }
node: { title: "ada__strings__text_buffers__unbounded__mapping__buffer_typePI" label: "buffer_typePI\n<built-in>\n0 bytes (static)\n0 dynamic objects" }
node: { title: "system__put_images__put_image_unknown" label: "Put_Image_Unknown\n/home/runner/work/GNAT-FSF-builds/GNAT-FSF-builds/sbx/arm-elf-linux64/embedded-runtimes/install/arm-eabi/lib/gnat/embedded-nrf52832/gnat/s-putima.ads:106:14" shape : ellipse }
edge: { sourcename: "ada__strings__text_buffers__unbounded__mapping__buffer_typePI" targetname: "system__put_images__put_image_unknown" label: "/home/runner/work/GNAT-FSF-builds/GNAT-FSF-builds/sbx/arm-elf-linux64/embedded-runtimes/install/arm-eabi/lib/gnat/embedded-nrf52832/gnat/a-sttebu.ads:116:12" }
node: { title: "ada__strings__text_buffers__unbounded__managed_chunk_listPI__2" label: "managed_chunk_listPI\n<built-in>\n0 bytes (static)\n0 dynamic objects" }
edge: { sourcename: "ada__strings__text_buffers__unbounded__managed_chunk_listPI__2" targetname: "system__put_images__put_image_unknown" label: "/home/runner/work/GNAT-FSF-builds/GNAT-FSF-builds/sbx/arm-elf-linux64/embedded-runtimes/install/arm-eabi/lib/gnat/embedded-nrf52832/gnat/a-stbuun.ads:63:9" }
node: { title: "ada__strings__text_buffers__unbounded__buffer_typePI__2" label: "buffer_typePI\n<built-in>\n0 bytes (static)\n0 dynamic objects" }
edge: { sourcename: "ada__strings__text_buffers__unbounded__buffer_typePI__2" targetname: "system__put_images__put_image_unknown" label: "/home/runner/work/GNAT-FSF-builds/GNAT-FSF-builds/sbx/arm-elf-linux64/embedded-runtimes/install/arm-eabi/lib/gnat/embedded-nrf52832/gnat/a-stbuun.ads:80:9" }
node: { title: "/home/runner/work/GNAT-FSF-builds/GNAT-FSF-builds/sbx/arm-elf-linux64/embedded-runtimes/install/arm-eabi/lib/gnat/embedded-nrf52832/gnat/a-stbuun.adb:ada__strings__text_buffers__unbounded__put_utf_8_implementation__buffer_type_implementation.6" label: "Buffer_Type_Implementation\n/home/runner/work/GNAT-FSF-builds/GNAT-FSF-builds/sbx/arm-elf-linux64/embedded-runtimes/install/arm-eabi/lib/gnat/embedded-nrf52832/gnat/a-stbuun.adb:140:7\n32 bytes (static)\n0 dynamic objects" }
node: { title: "__gnat_malloc" label: "gnat_malloc\n<built-in>" shape : ellipse }
edge: { sourcename: "/home/runner/work/GNAT-FSF-builds/GNAT-FSF-builds/sbx/arm-elf-linux64/embedded-runtimes/install/arm-eabi/lib/gnat/embedded-nrf52832/gnat/a-stbuun.adb:ada__strings__text_buffers__unbounded__put_utf_8_implementation__buffer_type_implementation.6" targetname: "__gnat_malloc" label: "/home/runner/work/GNAT-FSF-builds/GNAT-FSF-builds/sbx/arm-elf-linux64/embedded-runtimes/install/arm-eabi/lib/gnat/embedded-nrf52832/gnat/a-stbuun.adb:155:48" }
node: { title: "ada__strings__text_buffers__unbounded__mapping__put_utf_8" label: "Put_Utf_8\n/home/runner/work/GNAT-FSF-builds/GNAT-FSF-builds/sbx/arm-elf-linux64/embedded-runtimes/install/arm-eabi/lib/gnat/embedded-nrf52832/gnat/a-sttebu.adb:85:7\n80 bytes (dynamic)\n1 dynamic objects\n A202s /home/runner/work/GNAT-FSF-builds/GNAT-FSF-builds/sbx/arm-elf-linux64/embedded-runtimes/install/arm-eabi/lib/gnat/embedded-nrf52832/gnat/a-sttebu.adb:97:27" }
node: { title: "memset" label: "builtin_memset\n<built-in>" shape : ellipse }
edge: { sourcename: "ada__strings__text_buffers__unbounded__mapping__put_utf_8" targetname: "memset" label: "/home/runner/work/GNAT-FSF-builds/GNAT-FSF-builds/sbx/arm-elf-linux64/embedded-runtimes/install/arm-eabi/lib/gnat/embedded-nrf52832/gnat/a-sttebu.adb:97:27" }
edge: { sourcename: "ada__strings__text_buffers__unbounded__mapping__put_utf_8" targetname: "/home/runner/work/GNAT-FSF-builds/GNAT-FSF-builds/sbx/arm-elf-linux64/embedded-runtimes/install/arm-eabi/lib/gnat/embedded-nrf52832/gnat/a-stbuun.adb:ada__strings__text_buffers__unbounded__put_utf_8_implementation__buffer_type_implementation.6" label: "/home/runner/work/GNAT-FSF-builds/GNAT-FSF-builds/sbx/arm-elf-linux64/embedded-runtimes/install/arm-eabi/lib/gnat/embedded-nrf52832/gnat/a-stbuun.adb:168:7" }
edge: { sourcename: "ada__strings__text_buffers__unbounded__mapping__put_utf_8" targetname: "/home/runner/work/GNAT-FSF-builds/GNAT-FSF-builds/sbx/arm-elf-linux64/embedded-runtimes/install/arm-eabi/lib/gnat/embedded-nrf52832/gnat/a-stbuun.adb:ada__strings__text_buffers__unbounded__put_utf_8_implementation__buffer_type_implementation.6" label: "/home/runner/work/GNAT-FSF-builds/GNAT-FSF-builds/sbx/arm-elf-linux64/embedded-runtimes/install/arm-eabi/lib/gnat/embedded-nrf52832/gnat/a-stbuun.adb:168:7" }
node: { title: "ada__strings__text_buffers__unbounded__mapping__put" label: "Put\n/home/runner/work/GNAT-FSF-builds/GNAT-FSF-builds/sbx/arm-elf-linux64/embedded-runtimes/install/arm-eabi/lib/gnat/embedded-nrf52832/gnat/a-sttebu.adb:60:7\n0 bytes (static)\n0 dynamic objects" }
edge: { sourcename: "ada__strings__text_buffers__unbounded__mapping__put" targetname: "ada__strings__text_buffers__unbounded__mapping__put_utf_8" label: "/home/runner/work/GNAT-FSF-builds/GNAT-FSF-builds/sbx/arm-elf-linux64/embedded-runtimes/install/arm-eabi/lib/gnat/embedded-nrf52832/gnat/a-sttebu.adb:62:10" }
node: { title: "ada__strings__text_buffers__unbounded__mapping__wide_put" label: "Wide_Put\n/home/runner/work/GNAT-FSF-builds/GNAT-FSF-builds/sbx/arm-elf-linux64/embedded-runtimes/install/arm-eabi/lib/gnat/embedded-nrf52832/gnat/a-sttebu.adb:65:7\n32 bytes (static)\n0 dynamic objects" }
node: { title: "system__secondary_stack__ss_mark" label: "Ss_Mark\n/home/runner/work/GNAT-FSF-builds/GNAT-FSF-builds/sbx/arm-elf-linux64/embedded-runtimes/install/arm-eabi/lib/gnat/embedded-nrf52832/gnat/s-secsta.ads:67:13" shape : ellipse }
edge: { sourcename: "ada__strings__text_buffers__unbounded__mapping__wide_put" targetname: "system__secondary_stack__ss_mark" label: "/home/runner/work/GNAT-FSF-builds/GNAT-FSF-builds/sbx/arm-elf-linux64/embedded-runtimes/install/arm-eabi/lib/gnat/embedded-nrf52832/gnat/a-sttebu.adb:71:10" }
node: { title: "ada__strings__utf_encoding__wide_strings__encode__2" label: "Encode\n/home/runner/work/GNAT-FSF-builds/GNAT-FSF-builds/sbx/arm-elf-linux64/embedded-runtimes/install/arm-eabi/lib/gnat/embedded-nrf52832/gnat/a-suewst.ads:38:13" shape : ellipse }
edge: { sourcename: "ada__strings__text_buffers__unbounded__mapping__wide_put" targetname: "ada__strings__utf_encoding__wide_strings__encode__2" label: "/home/runner/work/GNAT-FSF-builds/GNAT-FSF-builds/sbx/arm-elf-linux64/embedded-runtimes/install/arm-eabi/lib/gnat/embedded-nrf52832/gnat/a-sttebu.adb:71:54" }
edge: { sourcename: "ada__strings__text_buffers__unbounded__mapping__wide_put" targetname: "ada__strings__text_buffers__unbounded__mapping__put_utf_8" label: "/home/runner/work/GNAT-FSF-builds/GNAT-FSF-builds/sbx/arm-elf-linux64/embedded-runtimes/install/arm-eabi/lib/gnat/embedded-nrf52832/gnat/a-sttebu.adb:71:10" }
node: { title: "system__secondary_stack__ss_release" label: "Ss_Release\n/home/runner/work/GNAT-FSF-builds/GNAT-FSF-builds/sbx/arm-elf-linux64/embedded-runtimes/install/arm-eabi/lib/gnat/embedded-nrf52832/gnat/s-secsta.ads:70:14" shape : ellipse }
edge: { sourcename: "ada__strings__text_buffers__unbounded__mapping__wide_put" targetname: "system__secondary_stack__ss_release" label: "/home/runner/work/GNAT-FSF-builds/GNAT-FSF-builds/sbx/arm-elf-linux64/embedded-runtimes/install/arm-eabi/lib/gnat/embedded-nrf52832/gnat/a-sttebu.adb:71:0" }
edge: { sourcename: "ada__strings__text_buffers__unbounded__mapping__wide_put" targetname: "system__secondary_stack__ss_release" label: "/home/runner/work/GNAT-FSF-builds/GNAT-FSF-builds/sbx/arm-elf-linux64/embedded-runtimes/install/arm-eabi/lib/gnat/embedded-nrf52832/gnat/a-sttebu.adb:71:0" }
node: { title: "_Unwind_Resume" label: "builtin_unwind_resume\n<built-in>" shape : ellipse }
edge: { sourcename: "ada__strings__text_buffers__unbounded__mapping__wide_put" targetname: "_Unwind_Resume" }
node: { title: "ada__strings__text_buffers__unbounded__mapping__wide_wide_put" label: "Wide_Wide_Put\n/home/runner/work/GNAT-FSF-builds/GNAT-FSF-builds/sbx/arm-elf-linux64/embedded-runtimes/install/arm-eabi/lib/gnat/embedded-nrf52832/gnat/a-sttebu.adb:74:7\n32 bytes (static)\n0 dynamic objects" }
edge: { sourcename: "ada__strings__text_buffers__unbounded__mapping__wide_wide_put" targetname: "system__secondary_stack__ss_mark" label: "/home/runner/work/GNAT-FSF-builds/GNAT-FSF-builds/sbx/arm-elf-linux64/embedded-runtimes/install/arm-eabi/lib/gnat/embedded-nrf52832/gnat/a-sttebu.adb:82:10" }
node: { title: "ada__strings__utf_encoding__wide_wide_strings__encode__2" label: "Encode\n/home/runner/work/GNAT-FSF-builds/GNAT-FSF-builds/sbx/arm-elf-linux64/embedded-runtimes/install/arm-eabi/lib/gnat/embedded-nrf52832/gnat/a-suezst.ads:35:13" shape : ellipse }
edge: { sourcename: "ada__strings__text_buffers__unbounded__mapping__wide_wide_put" targetname: "ada__strings__utf_encoding__wide_wide_strings__encode__2" label: "/home/runner/work/GNAT-FSF-builds/GNAT-FSF-builds/sbx/arm-elf-linux64/embedded-runtimes/install/arm-eabi/lib/gnat/embedded-nrf52832/gnat/a-sttebu.adb:82:59" }
edge: { sourcename: "ada__strings__text_buffers__unbounded__mapping__wide_wide_put" targetname: "ada__strings__text_buffers__unbounded__mapping__put_utf_8" label: "/home/runner/work/GNAT-FSF-builds/GNAT-FSF-builds/sbx/arm-elf-linux64/embedded-runtimes/install/arm-eabi/lib/gnat/embedded-nrf52832/gnat/a-sttebu.adb:82:10" }
edge: { sourcename: "ada__strings__text_buffers__unbounded__mapping__wide_wide_put" targetname: "system__secondary_stack__ss_release" label: "/home/runner/work/GNAT-FSF-builds/GNAT-FSF-builds/sbx/arm-elf-linux64/embedded-runtimes/install/arm-eabi/lib/gnat/embedded-nrf52832/gnat/a-sttebu.adb:82:0" }
edge: { sourcename: "ada__strings__text_buffers__unbounded__mapping__wide_wide_put" targetname: "system__secondary_stack__ss_release" label: "/home/runner/work/GNAT-FSF-builds/GNAT-FSF-builds/sbx/arm-elf-linux64/embedded-runtimes/install/arm-eabi/lib/gnat/embedded-nrf52832/gnat/a-sttebu.adb:82:0" }
edge: { sourcename: "ada__strings__text_buffers__unbounded__mapping__wide_wide_put" targetname: "_Unwind_Resume" }
node: { title: "ada__strings__text_buffers__unbounded__mapping__wide_put_utf_16" label: "Wide_Put_Utf_16\n/home/runner/work/GNAT-FSF-builds/GNAT-FSF-builds/sbx/arm-elf-linux64/embedded-runtimes/install/arm-eabi/lib/gnat/embedded-nrf52832/gnat/a-sttebu.adb:104:7\n32 bytes (static)\n0 dynamic objects" }
edge: { sourcename: "ada__strings__text_buffers__unbounded__mapping__wide_put_utf_16" targetname: "system__secondary_stack__ss_mark" label: "/home/runner/work/GNAT-FSF-builds/GNAT-FSF-builds/sbx/arm-elf-linux64/embedded-runtimes/install/arm-eabi/lib/gnat/embedded-nrf52832/gnat/a-sttebu.adb:108:10" }
node: { title: "ada__strings__utf_encoding__wide_wide_strings__decode__3" label: "Decode\n/home/runner/work/GNAT-FSF-builds/GNAT-FSF-builds/sbx/arm-elf-linux64/embedded-runtimes/install/arm-eabi/lib/gnat/embedded-nrf52832/gnat/a-suezst.ads:60:13" shape : ellipse }
edge: { sourcename: "ada__strings__text_buffers__unbounded__mapping__wide_put_utf_16" targetname: "ada__strings__utf_encoding__wide_wide_strings__decode__3" label: "/home/runner/work/GNAT-FSF-builds/GNAT-FSF-builds/sbx/arm-elf-linux64/embedded-runtimes/install/arm-eabi/lib/gnat/embedded-nrf52832/gnat/a-sttebu.adb:108:63" }
edge: { sourcename: "ada__strings__text_buffers__unbounded__mapping__wide_put_utf_16" targetname: "ada__strings__text_buffers__unbounded__mapping__wide_wide_put" label: "/home/runner/work/GNAT-FSF-builds/GNAT-FSF-builds/sbx/arm-elf-linux64/embedded-runtimes/install/arm-eabi/lib/gnat/embedded-nrf52832/gnat/a-sttebu.adb:108:10" }
edge: { sourcename: "ada__strings__text_buffers__unbounded__mapping__wide_put_utf_16" targetname: "system__secondary_stack__ss_release" label: "/home/runner/work/GNAT-FSF-builds/GNAT-FSF-builds/sbx/arm-elf-linux64/embedded-runtimes/install/arm-eabi/lib/gnat/embedded-nrf52832/gnat/a-sttebu.adb:108:0" }
edge: { sourcename: "ada__strings__text_buffers__unbounded__mapping__wide_put_utf_16" targetname: "system__secondary_stack__ss_release" label: "/home/runner/work/GNAT-FSF-builds/GNAT-FSF-builds/sbx/arm-elf-linux64/embedded-runtimes/install/arm-eabi/lib/gnat/embedded-nrf52832/gnat/a-sttebu.adb:108:0" }
edge: { sourcename: "ada__strings__text_buffers__unbounded__mapping__wide_put_utf_16" targetname: "_Unwind_Resume" }
node: { title: "ada__strings__text_buffers__unbounded__finalize__2" label: "Finalize\n/home/runner/work/GNAT-FSF-builds/GNAT-FSF-builds/sbx/arm-elf-linux64/embedded-runtimes/install/arm-eabi/lib/gnat/embedded-nrf52832/gnat/a-stbuun.adb:176:4\n16 bytes (static)\n0 dynamic objects" }
node: { title: "__gnat_free" label: "gnat_free\n<built-in>" shape : ellipse }
edge: { sourcename: "ada__strings__text_buffers__unbounded__finalize__2" targetname: "__gnat_free" label: "/home/runner/work/GNAT-FSF-builds/GNAT-FSF-builds/sbx/arm-elf-linux64/embedded-runtimes/install/arm-eabi/lib/gnat/embedded-nrf52832/gnat/a-stbuun.adb:185:13" }
node: { title: "ada__strings__text_buffers__unbounded__managed_chunk_listDF__2" label: "managed_chunk_listDF\n<built-in>\n16 bytes (static)\n0 dynamic objects" }
edge: { sourcename: "ada__strings__text_buffers__unbounded__managed_chunk_listDF__2" targetname: "__gnat_free" label: "/home/runner/work/GNAT-FSF-builds/GNAT-FSF-builds/sbx/arm-elf-linux64/embedded-runtimes/install/arm-eabi/lib/gnat/embedded-nrf52832/gnat/a-stbuun.adb:185:13" }
node: { title: "ada__strings__text_buffers__unbounded__buffer_typeDF__2" label: "buffer_typeDF\n<built-in>\n16 bytes (static)\n0 dynamic objects" }
edge: { sourcename: "ada__strings__text_buffers__unbounded__buffer_typeDF__2" targetname: "__gnat_free" label: "/home/runner/work/GNAT-FSF-builds/GNAT-FSF-builds/sbx/arm-elf-linux64/embedded-runtimes/install/arm-eabi/lib/gnat/embedded-nrf52832/gnat/a-stbuun.adb:185:13" }
edge: { sourcename: "ada__strings__text_buffers__unbounded__buffer_typeDF__2" targetname: "_Unwind_Resume" }
node: { title: "__gnat_begin_handler_v1" label: "gnat_begin_handler_v1\n<built-in>" shape : ellipse }
edge: { sourcename: "ada__strings__text_buffers__unbounded__buffer_typeDF__2" targetname: "__gnat_begin_handler_v1" label: "/home/runner/work/GNAT-FSF-builds/GNAT-FSF-builds/sbx/arm-elf-linux64/embedded-runtimes/install/arm-eabi/lib/gnat/embedded-nrf52832/gnat/a-stbuun.ads:80:9" }
node: { title: "__gnat_end_handler_v1" label: "gnat_end_handler_v1\n<built-in>" shape : ellipse }
edge: { sourcename: "ada__strings__text_buffers__unbounded__buffer_typeDF__2" targetname: "__gnat_end_handler_v1" label: "/home/runner/work/GNAT-FSF-builds/GNAT-FSF-builds/sbx/arm-elf-linux64/embedded-runtimes/install/arm-eabi/lib/gnat/embedded-nrf52832/gnat/a-stbuun.ads:80:9" }
node: { title: "__gnat_rcheck_PE_Finalize_Raised_Exception" label: "gnat_rcheck_PE_Finalize_Raised_Exception\n<built-in>" shape : ellipse }
edge: { sourcename: "ada__strings__text_buffers__unbounded__buffer_typeDF__2" targetname: "__gnat_rcheck_PE_Finalize_Raised_Exception" label: "/home/runner/work/GNAT-FSF-builds/GNAT-FSF-builds/sbx/arm-elf-linux64/embedded-runtimes/install/arm-eabi/lib/gnat/embedded-nrf52832/gnat/a-stbuun.ads:80:9" }
node: { title: "/home/runner/work/GNAT-FSF-builds/GNAT-FSF-builds/sbx/arm-elf-linux64/embedded-runtimes/install/arm-eabi/lib/gnat/embedded-nrf52832/gnat/a-stbuun.adb:ada__strings__text_buffers__unbounded__get_utf_8__B_4__TdummyBDF.5.constprop.0" label: "TdummyBDF.constprop\n<built-in>\n0 bytes (static)\n0 dynamic objects" }
node: { title: "ada__strings__text_buffers__unbounded__mapping__new_line" label: "New_Line\n/home/runner/work/GNAT-FSF-builds/GNAT-FSF-builds/sbx/arm-elf-linux64/embedded-runtimes/install/arm-eabi/lib/gnat/embedded-nrf52832/gnat/a-sttebu.adb:111:7\n40 bytes (static)\n0 dynamic objects" }
edge: { sourcename: "ada__strings__text_buffers__unbounded__mapping__new_line" targetname: "/home/runner/work/GNAT-FSF-builds/GNAT-FSF-builds/sbx/arm-elf-linux64/embedded-runtimes/install/arm-eabi/lib/gnat/embedded-nrf52832/gnat/a-stbuun.adb:ada__strings__text_buffers__unbounded__put_utf_8_implementation__buffer_type_implementation.6" label: "/home/runner/work/GNAT-FSF-builds/GNAT-FSF-builds/sbx/arm-elf-linux64/embedded-runtimes/install/arm-eabi/lib/gnat/embedded-nrf52832/gnat/a-stbuun.adb:168:7" }
node: { title: "ada__strings__text_buffers__unbounded__get_utf_8" label: "Get_Utf_8\n/home/runner/work/GNAT-FSF-builds/GNAT-FSF-builds/sbx/arm-elf-linux64/embedded-runtimes/install/arm-eabi/lib/gnat/embedded-nrf52832/gnat/a-stbuun.adb:67:4\n168 bytes (static)\n0 dynamic objects" }
node: { title: "system__secondary_stack__ss_allocate" label: "Ss_Allocate\n/home/runner/work/GNAT-FSF-builds/GNAT-FSF-builds/sbx/arm-elf-linux64/embedded-runtimes/install/arm-eabi/lib/gnat/embedded-nrf52832/gnat/s-secsta.ads:58:14" shape : ellipse }
edge: { sourcename: "ada__strings__text_buffers__unbounded__get_utf_8" targetname: "system__secondary_stack__ss_allocate" label: "/home/runner/work/GNAT-FSF-builds/GNAT-FSF-builds/sbx/arm-elf-linux64/embedded-runtimes/install/arm-eabi/lib/gnat/embedded-nrf52832/gnat/a-stbuun.adb:71:7" }
node: { title: "memcpy" label: "builtin_memcpy\n<built-in>" shape : ellipse }
edge: { sourcename: "ada__strings__text_buffers__unbounded__get_utf_8" targetname: "memcpy" }
node: { title: "memmove" label: "builtin_memmove\n<built-in>" shape : ellipse }
edge: { sourcename: "ada__strings__text_buffers__unbounded__get_utf_8" targetname: "memmove" label: "/home/runner/work/GNAT-FSF-builds/GNAT-FSF-builds/sbx/arm-elf-linux64/embedded-runtimes/install/arm-eabi/lib/gnat/embedded-nrf52832/gnat/a-stbuun.adb:89:35" }
edge: { sourcename: "ada__strings__text_buffers__unbounded__get_utf_8" targetname: "__gnat_free" label: "/home/runner/work/GNAT-FSF-builds/GNAT-FSF-builds/sbx/arm-elf-linux64/embedded-runtimes/install/arm-eabi/lib/gnat/embedded-nrf52832/gnat/a-stbuun.adb:185:13" }
edge: { sourcename: "ada__strings__text_buffers__unbounded__get_utf_8" targetname: "ada__strings__text_buffers__unbounded__buffer_typeDF__2" label: "/home/runner/work/GNAT-FSF-builds/GNAT-FSF-builds/sbx/arm-elf-linux64/embedded-runtimes/install/arm-eabi/lib/gnat/embedded-nrf52832/gnat/a-stbuun.adb:119:0" }
edge: { sourcename: "ada__strings__text_buffers__unbounded__get_utf_8" targetname: "_Unwind_Resume" }
edge: { sourcename: "ada__strings__text_buffers__unbounded__get_utf_8" targetname: "__gnat_begin_handler_v1" label: "/home/runner/work/GNAT-FSF-builds/GNAT-FSF-builds/sbx/arm-elf-linux64/embedded-runtimes/install/arm-eabi/lib/gnat/embedded-nrf52832/gnat/a-stbuun.adb:119:0" }
edge: { sourcename: "ada__strings__text_buffers__unbounded__get_utf_8" targetname: "__gnat_end_handler_v1" label: "/home/runner/work/GNAT-FSF-builds/GNAT-FSF-builds/sbx/arm-elf-linux64/embedded-runtimes/install/arm-eabi/lib/gnat/embedded-nrf52832/gnat/a-stbuun.adb:119:0" }
edge: { sourcename: "ada__strings__text_buffers__unbounded__get_utf_8" targetname: "__gnat_rcheck_PE_Finalize_Raised_Exception" label: "/home/runner/work/GNAT-FSF-builds/GNAT-FSF-builds/sbx/arm-elf-linux64/embedded-runtimes/install/arm-eabi/lib/gnat/embedded-nrf52832/gnat/a-stbuun.adb:119:0" }
edge: { sourcename: "ada__strings__text_buffers__unbounded__get_utf_8" targetname: "ada__strings__text_buffers__unbounded__buffer_typeDF__2" label: "/home/runner/work/GNAT-FSF-builds/GNAT-FSF-builds/sbx/arm-elf-linux64/embedded-runtimes/install/arm-eabi/lib/gnat/embedded-nrf52832/gnat/a-stbuun.adb:119:0" }
edge: { sourcename: "ada__strings__text_buffers__unbounded__get_utf_8" targetname: "_Unwind_Resume" }
edge: { sourcename: "ada__strings__text_buffers__unbounded__get_utf_8" targetname: "__gnat_begin_handler_v1" label: "/home/runner/work/GNAT-FSF-builds/GNAT-FSF-builds/sbx/arm-elf-linux64/embedded-runtimes/install/arm-eabi/lib/gnat/embedded-nrf52832/gnat/a-stbuun.adb:119:0" }
edge: { sourcename: "ada__strings__text_buffers__unbounded__get_utf_8" targetname: "__gnat_end_handler_v1" label: "/home/runner/work/GNAT-FSF-builds/GNAT-FSF-builds/sbx/arm-elf-linux64/embedded-runtimes/install/arm-eabi/lib/gnat/embedded-nrf52832/gnat/a-stbuun.adb:119:0" }
edge: { sourcename: "ada__strings__text_buffers__unbounded__get_utf_8" targetname: "__gnat_rcheck_PE_Finalize_Raised_Exception" label: "/home/runner/work/GNAT-FSF-builds/GNAT-FSF-builds/sbx/arm-elf-linux64/embedded-runtimes/install/arm-eabi/lib/gnat/embedded-nrf52832/gnat/a-stbuun.adb:119:0" }
edge: { sourcename: "ada__strings__text_buffers__unbounded__get_utf_8" targetname: "_Unwind_Resume" }
node: { title: "ada__strings__text_buffers__unbounded__get" label: "Get\n/home/runner/work/GNAT-FSF-builds/GNAT-FSF-builds/sbx/arm-elf-linux64/embedded-runtimes/install/arm-eabi/lib/gnat/embedded-nrf52832/gnat/a-stbuun.adb:39:4\n16 bytes (static)\n0 dynamic objects" }
edge: { sourcename: "ada__strings__text_buffers__unbounded__get" targetname: "ada__strings__text_buffers__unbounded__get_utf_8" label: "/home/runner/work/GNAT-FSF-builds/GNAT-FSF-builds/sbx/arm-elf-linux64/embedded-runtimes/install/arm-eabi/lib/gnat/embedded-nrf52832/gnat/a-stbuun.adb:50:46" }
node: { title: "ada__strings__utf_encoding__strings__decode__2" label: "Decode\n/home/runner/work/GNAT-FSF-builds/GNAT-FSF-builds/sbx/arm-elf-linux64/embedded-runtimes/install/arm-eabi/lib/gnat/embedded-nrf52832/gnat/a-suenst.ads:57:13" shape : ellipse }
edge: { sourcename: "ada__strings__text_buffers__unbounded__get" targetname: "ada__strings__utf_encoding__strings__decode__2" label: "/home/runner/work/GNAT-FSF-builds/GNAT-FSF-builds/sbx/arm-elf-linux64/embedded-runtimes/install/arm-eabi/lib/gnat/embedded-nrf52832/gnat/a-stbuun.adb:50:37" }
edge: { sourcename: "ada__strings__text_buffers__unbounded__get" targetname: "ada__strings__text_buffers__unbounded__get_utf_8" label: "/home/runner/work/GNAT-FSF-builds/GNAT-FSF-builds/sbx/arm-elf-linux64/embedded-runtimes/install/arm-eabi/lib/gnat/embedded-nrf52832/gnat/a-stbuun.adb:52:17" }
node: { title: "ada__strings__text_buffers__unbounded__wide_get" label: "Wide_Get\n/home/runner/work/GNAT-FSF-builds/GNAT-FSF-builds/sbx/arm-elf-linux64/embedded-runtimes/install/arm-eabi/lib/gnat/embedded-nrf52832/gnat/a-stbuun.adb:56:4\n24 bytes (static)\n0 dynamic objects" }
edge: { sourcename: "ada__strings__text_buffers__unbounded__wide_get" targetname: "ada__strings__text_buffers__unbounded__get_utf_8" label: "/home/runner/work/GNAT-FSF-builds/GNAT-FSF-builds/sbx/arm-elf-linux64/embedded-runtimes/install/arm-eabi/lib/gnat/embedded-nrf52832/gnat/a-stbuun.adb:58:48" }
node: { title: "ada__strings__utf_encoding__wide_strings__decode__2" label: "Decode\n/home/runner/work/GNAT-FSF-builds/GNAT-FSF-builds/sbx/arm-elf-linux64/embedded-runtimes/install/arm-eabi/lib/gnat/embedded-nrf52832/gnat/a-suewst.ads:59:13" shape : ellipse }
edge: { sourcename: "ada__strings__text_buffers__unbounded__wide_get" targetname: "ada__strings__utf_encoding__wide_strings__decode__2" label: "/home/runner/work/GNAT-FSF-builds/GNAT-FSF-builds/sbx/arm-elf-linux64/embedded-runtimes/install/arm-eabi/lib/gnat/embedded-nrf52832/gnat/a-stbuun.adb:58:39" }
node: { title: "ada__strings__text_buffers__unbounded__wide_wide_get" label: "Wide_Wide_Get\n/home/runner/work/GNAT-FSF-builds/GNAT-FSF-builds/sbx/arm-elf-linux64/embedded-runtimes/install/arm-eabi/lib/gnat/embedded-nrf52832/gnat/a-stbuun.adb:61:4\n24 bytes (static)\n0 dynamic objects" }
edge: { sourcename: "ada__strings__text_buffers__unbounded__wide_wide_get" targetname: "ada__strings__text_buffers__unbounded__get_utf_8" label: "/home/runner/work/GNAT-FSF-builds/GNAT-FSF-builds/sbx/arm-elf-linux64/embedded-runtimes/install/arm-eabi/lib/gnat/embedded-nrf52832/gnat/a-stbuun.adb:64:53" }
node: { title: "ada__strings__utf_encoding__wide_wide_strings__decode__2" label: "Decode\n/home/runner/work/GNAT-FSF-builds/GNAT-FSF-builds/sbx/arm-elf-linux64/embedded-runtimes/install/arm-eabi/lib/gnat/embedded-nrf52832/gnat/a-suezst.ads:56:13" shape : ellipse }
edge: { sourcename: "ada__strings__text_buffers__unbounded__wide_wide_get" targetname: "ada__strings__utf_encoding__wide_wide_strings__decode__2" label: "/home/runner/work/GNAT-FSF-builds/GNAT-FSF-builds/sbx/arm-elf-linux64/embedded-runtimes/install/arm-eabi/lib/gnat/embedded-nrf52832/gnat/a-stbuun.adb:64:44" }
node: { title: "ada__strings__text_buffers__unbounded__wide_get_utf_16" label: "Wide_Get_Utf_16\n/home/runner/work/GNAT-FSF-builds/GNAT-FSF-builds/sbx/arm-elf-linux64/embedded-runtimes/install/arm-eabi/lib/gnat/embedded-nrf52832/gnat/a-stbuun.adb:123:4\n32 bytes (static)\n0 dynamic objects" }
edge: { sourcename: "ada__strings__text_buffers__unbounded__wide_get_utf_16" targetname: "ada__strings__text_buffers__unbounded__get_utf_8" label: "/home/runner/work/GNAT-FSF-builds/GNAT-FSF-builds/sbx/arm-elf-linux64/embedded-runtimes/install/arm-eabi/lib/gnat/embedded-nrf52832/gnat/a-stbuun.adb:129:12" }
node: { title: "ada__strings__utf_encoding__conversions__convert__2" label: "Convert\n/home/runner/work/GNAT-FSF-builds/GNAT-FSF-builds/sbx/arm-elf-linux64/embedded-runtimes/install/arm-eabi/lib/gnat/embedded-nrf52832/gnat/a-suenco.ads:37:13" shape : ellipse }
edge: { sourcename: "ada__strings__text_buffers__unbounded__wide_get_utf_16" targetname: "ada__strings__utf_encoding__conversions__convert__2" label: "/home/runner/work/GNAT-FSF-builds/GNAT-FSF-builds/sbx/arm-elf-linux64/embedded-runtimes/install/arm-eabi/lib/gnat/embedded-nrf52832/gnat/a-stbuun.adb:128:33" }
node: { title: "ada__strings__text_buffers__unbounded__mapping__buffer_typeIP" label: "buffer_typeIP\n<built-in>\n0 bytes (static)\n0 dynamic objects" }
node: { title: "ada__strings__text_buffers__unbounded__mapping__buffer_typeDIC" label: "buffer_typeDIC\n<built-in>\n0 bytes (static)\n0 dynamic objects" }
node: { title: "ada__strings__text_buffers__unbounded__mapping__Tbuffer_typeCFD" label: "Tbuffer_typeCFD\n<built-in>\n0 bytes (static)\n0 dynamic objects" }
node: { title: "__indirect_call" label: "Indirect Call Placeholder" shape : ellipse }
edge: { sourcename: "ada__strings__text_buffers__unbounded__mapping__Tbuffer_typeCFD" targetname: "__indirect_call" label: "/home/runner/work/GNAT-FSF-builds/GNAT-FSF-builds/sbx/arm-elf-linux64/embedded-runtimes/install/arm-eabi/lib/gnat/embedded-nrf52832/gnat/a-sttebu.ads:116:12" }
node: { title: "ada__strings__text_buffers__unbounded__chunkIP" label: "chunkIP\n<built-in>\n0 bytes (static)\n0 dynamic objects" }
node: { title: "ada__strings__text_buffers__unbounded__managed_chunk_listIP" label: "managed_chunk_listIP\n<built-in>\n0 bytes (static)\n0 dynamic objects" }
node: { title: "ada__strings__text_buffers__unbounded__managed_chunk_listFD" label: "managed_chunk_listFD\n<built-in>\n16 bytes (static)\n0 dynamic objects" }
edge: { sourcename: "ada__strings__text_buffers__unbounded__managed_chunk_listFD" targetname: "__gnat_free" label: "/home/runner/work/GNAT-FSF-builds/GNAT-FSF-builds/sbx/arm-elf-linux64/embedded-runtimes/install/arm-eabi/lib/gnat/embedded-nrf52832/gnat/a-stbuun.adb:185:13" }
node: { title: "ada__strings__text_buffers__unbounded__Tmanaged_chunk_listCFD" label: "Tmanaged_chunk_listCFD\n<built-in>\n0 bytes (static)\n0 dynamic objects" }
edge: { sourcename: "ada__strings__text_buffers__unbounded__Tmanaged_chunk_listCFD" targetname: "__indirect_call" label: "/home/runner/work/GNAT-FSF-builds/GNAT-FSF-builds/sbx/arm-elf-linux64/embedded-runtimes/install/arm-eabi/lib/gnat/embedded-nrf52832/gnat/a-stbuun.ads:63:9" }
node: { title: "ada__strings__text_buffers__unbounded__buffer_typeDI" label: "buffer_typeDI\n<built-in>\n0 bytes (static)\n0 dynamic objects" }
node: { title: "ada__strings__text_buffers__unbounded__buffer_typeFD" label: "buffer_typeFD\n<built-in>\n0 bytes (static)\n0 dynamic objects" }
edge: { sourcename: "ada__strings__text_buffers__unbounded__buffer_typeFD" targetname: "ada__strings__text_buffers__unbounded__buffer_typeDF__2" label: "/home/runner/work/GNAT-FSF-builds/GNAT-FSF-builds/sbx/arm-elf-linux64/embedded-runtimes/install/arm-eabi/lib/gnat/embedded-nrf52832/gnat/a-stbuun.ads:80:9" }
node: { title: "ada__strings__text_buffers__unbounded__buffer_typeIP" label: "buffer_typeIP\n<built-in>\n4 bytes (static)\n0 dynamic objects" }
node: { title: "ada__strings__text_buffers__unbounded__buffer_typeDIC" label: "buffer_typeDIC\n<built-in>\n0 bytes (static)\n0 dynamic objects" }
node: { title: "ada__strings__text_buffers__unbounded__Tbuffer_typeCFD" label: "Tbuffer_typeCFD\n<built-in>\n0 bytes (static)\n0 dynamic objects" }
edge: { sourcename: "ada__strings__text_buffers__unbounded__Tbuffer_typeCFD" targetname: "__indirect_call" }
node: { title: "ada__strings__text_buffers__unbounded__finalize_spec" label: "finalize_spec\n<built-in>\n8 bytes (static)\n0 dynamic objects" }
node: { title: "ada__tags__unregister_tag" label: "Unregister_Tag\n/home/runner/work/GNAT-FSF-builds/GNAT-FSF-builds/sbx/arm-elf-linux64/embedded-runtimes/install/arm-eabi/lib/gnat/embedded-nrf52832/gnat/a-tags.ads:589:14" shape : ellipse }
edge: { sourcename: "ada__strings__text_buffers__unbounded__finalize_spec" targetname: "ada__tags__unregister_tag" label: "/home/runner/work/GNAT-FSF-builds/GNAT-FSF-builds/sbx/arm-elf-linux64/embedded-runtimes/install/arm-eabi/lib/gnat/embedded-nrf52832/gnat/a-stbuun.ads:17:1" }
edge: { sourcename: "ada__strings__text_buffers__unbounded__finalize_spec" targetname: "ada__tags__unregister_tag" label: "/home/runner/work/GNAT-FSF-builds/GNAT-FSF-builds/sbx/arm-elf-linux64/embedded-runtimes/install/arm-eabi/lib/gnat/embedded-nrf52832/gnat/a-stbuun.ads:17:1" }
node: { title: "ada__strings__text_buffers__unbounded__put_utf_8_implementation" label: "Put_Utf_8_Implementation\n/home/runner/work/GNAT-FSF-builds/GNAT-FSF-builds/sbx/arm-elf-linux64/embedded-runtimes/install/arm-eabi/lib/gnat/embedded-nrf52832/gnat/a-stbuun.adb:132:4\n32 bytes (static)\n0 dynamic objects" }
edge: { sourcename: "ada__strings__text_buffers__unbounded__put_utf_8_implementation" targetname: "/home/runner/work/GNAT-FSF-builds/GNAT-FSF-builds/sbx/arm-elf-linux64/embedded-runtimes/install/arm-eabi/lib/gnat/embedded-nrf52832/gnat/a-stbuun.adb:ada__strings__text_buffers__unbounded__put_utf_8_implementation__buffer_type_implementation.6" label: "/home/runner/work/GNAT-FSF-builds/GNAT-FSF-builds/sbx/arm-elf-linux64/embedded-runtimes/install/arm-eabi/lib/gnat/embedded-nrf52832/gnat/a-stbuun.adb:168:7" }
node: { title: "ada__strings__text_buffers__unbounded___elabs" label: "Unbounded\n/home/runner/work/GNAT-FSF-builds/GNAT-FSF-builds/sbx/arm-elf-linux64/embedded-runtimes/install/arm-eabi/lib/gnat/embedded-nrf52832/gnat/a-stbuun.ads:17:1\n8 bytes (static)\n0 dynamic objects" }
node: { title: "ada__tags__register_tag" label: "Register_Tag\n/home/runner/work/GNAT-FSF-builds/GNAT-FSF-builds/sbx/arm-elf-linux64/embedded-runtimes/install/arm-eabi/lib/gnat/embedded-nrf52832/gnat/a-tags.ads:553:14" shape : ellipse }
edge: { sourcename: "ada__strings__text_buffers__unbounded___elabs" targetname: "ada__tags__register_tag" label: "/home/runner/work/GNAT-FSF-builds/GNAT-FSF-builds/sbx/arm-elf-linux64/embedded-runtimes/install/arm-eabi/lib/gnat/embedded-nrf52832/gnat/a-sttebu.ads:116:12" }
edge: { sourcename: "ada__strings__text_buffers__unbounded___elabs" targetname: "ada__tags__register_tag" label: "/home/runner/work/GNAT-FSF-builds/GNAT-FSF-builds/sbx/arm-elf-linux64/embedded-runtimes/install/arm-eabi/lib/gnat/embedded-nrf52832/gnat/a-stbuun.ads:80:9" }
edge: { sourcename: "ada__strings__text_buffers__unbounded___elabs" targetname: "ada__tags__register_tag" label: "/home/runner/work/GNAT-FSF-builds/GNAT-FSF-builds/sbx/arm-elf-linux64/embedded-runtimes/install/arm-eabi/lib/gnat/embedded-nrf52832/gnat/a-stbuun.ads:63:9" }
}
