graph: { title: "/home/runner/work/GNAT-FSF-builds/GNAT-FSF-builds/sbx/arm-elf-linux64/embedded-runtimes/install/arm-eabi/lib/gnat/embedded-nrf52832/gnat/a-wichha.adb"
node: { title: "ada__wide_characters__handling__character_set_version" label: "Character_Set_Version\n/home/runner/work/GNAT-FSF-builds/GNAT-FSF-builds/sbx/arm-elf-linux64/embedded-runtimes/install/arm-eabi/lib/gnat/embedded-nrf52832/gnat/a-wichha.adb:40:4\n16 bytes (static)\n0 dynamic objects" }
node: { title: "system__secondary_stack__ss_allocate" label: "Ss_Allocate\n/home/runner/work/GNAT-FSF-builds/GNAT-FSF-builds/sbx/arm-elf-linux64/embedded-runtimes/install/arm-eabi/lib/gnat/embedded-nrf52832/gnat/s-secsta.ads:58:14" shape : ellipse }
edge: { sourcename: "ada__wide_characters__handling__character_set_version" targetname: "system__secondary_stack__ss_allocate" label: "/home/runner/work/GNAT-FSF-builds/GNAT-FSF-builds/sbx/arm-elf-linux64/embedded-runtimes/install/arm-eabi/lib/gnat/embedded-nrf52832/gnat/a-wichha.adb:42:7" }
node: { title: "ada__wide_characters__handling__is_alphanumeric" label: "Is_Alphanumeric\n/home/runner/work/GNAT-FSF-builds/GNAT-FSF-builds/sbx/arm-elf-linux64/embedded-runtimes/install/arm-eabi/lib/gnat/embedded-nrf52832/gnat/a-wichha.adb:49:4\n16 bytes (static)\n0 dynamic objects" }
node: { title: "system__utf_32__range_search" label: "Range_Search\n/home/runner/work/GNAT-FSF-builds/GNAT-FSF-builds/sbx/arm-elf-linux64/embedded-runtimes/install/arm-eabi/lib/gnat/embedded-nrf52832/gnat/s-utf_32.adb:12261:13" shape : ellipse }
edge: { sourcename: "ada__wide_characters__handling__is_alphanumeric" targetname: "system__utf_32__range_search" label: "/home/runner/work/GNAT-FSF-builds/GNAT-FSF-builds/sbx/arm-elf-linux64/embedded-runtimes/install/arm-eabi/lib/gnat/embedded-nrf52832/gnat/a-wichha.adb:101:13" }
edge: { sourcename: "ada__wide_characters__handling__is_alphanumeric" targetname: "system__utf_32__range_search" label: "/home/runner/work/GNAT-FSF-builds/GNAT-FSF-builds/sbx/arm-elf-linux64/embedded-runtimes/install/arm-eabi/lib/gnat/embedded-nrf52832/gnat/a-wichha.adb:74:13" }
node: { title: "ada__wide_characters__handling__is_basic" label: "Is_Basic\n/home/runner/work/GNAT-FSF-builds/GNAT-FSF-builds/sbx/arm-elf-linux64/embedded-runtimes/install/arm-eabi/lib/gnat/embedded-nrf52832/gnat/a-wichha.adb:58:13\n8 bytes (static)\n0 dynamic objects" }
node: { title: "system__utf_32__decomposition_search" label: "Decomposition_Search\n/home/runner/work/GNAT-FSF-builds/GNAT-FSF-builds/sbx/arm-elf-linux64/embedded-runtimes/install/arm-eabi/lib/gnat/embedded-nrf52832/gnat/s-utf_32.adb:12256:13" shape : ellipse }
edge: { sourcename: "ada__wide_characters__handling__is_basic" targetname: "system__utf_32__decomposition_search" label: "/home/runner/work/GNAT-FSF-builds/GNAT-FSF-builds/sbx/arm-elf-linux64/embedded-runtimes/install/arm-eabi/lib/gnat/embedded-nrf52832/gnat/a-wichha.adb:58:13" }
node: { title: "ada__wide_characters__handling__is_control" label: "Is_Control\n/home/runner/work/GNAT-FSF-builds/GNAT-FSF-builds/sbx/arm-elf-linux64/embedded-runtimes/install/arm-eabi/lib/gnat/embedded-nrf52832/gnat/a-wichha.adb:65:4\n8 bytes (static)\n0 dynamic objects" }
node: { title: "system__utf_32__get_category" label: "Get_Category\n/home/runner/work/GNAT-FSF-builds/GNAT-FSF-builds/sbx/arm-elf-linux64/embedded-runtimes/install/arm-eabi/lib/gnat/embedded-nrf52832/gnat/s-utf_32.ads:90:13" shape : ellipse }
edge: { sourcename: "ada__wide_characters__handling__is_control" targetname: "system__utf_32__get_category" label: "/home/runner/work/GNAT-FSF-builds/GNAT-FSF-builds/sbx/arm-elf-linux64/embedded-runtimes/install/arm-eabi/lib/gnat/embedded-nrf52832/gnat/a-wichun.adb:42:25" }
node: { title: "ada__wide_characters__handling__is_digit" label: "Is_Digit\n/home/runner/work/GNAT-FSF-builds/GNAT-FSF-builds/sbx/arm-elf-linux64/embedded-runtimes/install/arm-eabi/lib/gnat/embedded-nrf52832/gnat/a-wichha.adb:74:13\n8 bytes (static)\n0 dynamic objects" }
edge: { sourcename: "ada__wide_characters__handling__is_digit" targetname: "system__utf_32__range_search" label: "/home/runner/work/GNAT-FSF-builds/GNAT-FSF-builds/sbx/arm-elf-linux64/embedded-runtimes/install/arm-eabi/lib/gnat/embedded-nrf52832/gnat/a-wichha.adb:74:13" }
node: { title: "ada__wide_characters__handling__is_graphic" label: "Is_Graphic\n/home/runner/work/GNAT-FSF-builds/GNAT-FSF-builds/sbx/arm-elf-linux64/embedded-runtimes/install/arm-eabi/lib/gnat/embedded-nrf52832/gnat/a-wichha.adb:81:4\n8 bytes (static)\n0 dynamic objects" }
edge: { sourcename: "ada__wide_characters__handling__is_graphic" targetname: "system__utf_32__range_search" label: "/home/runner/work/GNAT-FSF-builds/GNAT-FSF-builds/sbx/arm-elf-linux64/embedded-runtimes/install/arm-eabi/lib/gnat/embedded-nrf52832/gnat/s-utf_32.adb:12369:17" }
node: { title: "ada__wide_characters__handling__is_hexadecimal_digit" label: "Is_Hexadecimal_Digit\n/home/runner/work/GNAT-FSF-builds/GNAT-FSF-builds/sbx/arm-elf-linux64/embedded-runtimes/install/arm-eabi/lib/gnat/embedded-nrf52832/gnat/a-wichha.adb:90:4\n8 bytes (static)\n0 dynamic objects" }
edge: { sourcename: "ada__wide_characters__handling__is_hexadecimal_digit" targetname: "system__utf_32__range_search" label: "/home/runner/work/GNAT-FSF-builds/GNAT-FSF-builds/sbx/arm-elf-linux64/embedded-runtimes/install/arm-eabi/lib/gnat/embedded-nrf52832/gnat/a-wichha.adb:74:13" }
node: { title: "ada__wide_characters__handling__is_letter" label: "Is_Letter\n/home/runner/work/GNAT-FSF-builds/GNAT-FSF-builds/sbx/arm-elf-linux64/embedded-runtimes/install/arm-eabi/lib/gnat/embedded-nrf52832/gnat/a-wichha.adb:101:13\n8 bytes (static)\n0 dynamic objects" }
edge: { sourcename: "ada__wide_characters__handling__is_letter" targetname: "system__utf_32__range_search" label: "/home/runner/work/GNAT-FSF-builds/GNAT-FSF-builds/sbx/arm-elf-linux64/embedded-runtimes/install/arm-eabi/lib/gnat/embedded-nrf52832/gnat/a-wichha.adb:101:13" }
node: { title: "ada__wide_characters__handling__is_line_terminator" label: "Is_Line_Terminator\n/home/runner/work/GNAT-FSF-builds/GNAT-FSF-builds/sbx/arm-elf-linux64/embedded-runtimes/install/arm-eabi/lib/gnat/embedded-nrf52832/gnat/a-wichha.adb:108:13\n0 bytes (static)\n0 dynamic objects" }
node: { title: "ada__wide_characters__handling__is_lower" label: "Is_Lower\n/home/runner/work/GNAT-FSF-builds/GNAT-FSF-builds/sbx/arm-elf-linux64/embedded-runtimes/install/arm-eabi/lib/gnat/embedded-nrf52832/gnat/a-wichha.adb:115:4\n8 bytes (static)\n0 dynamic objects" }
edge: { sourcename: "ada__wide_characters__handling__is_lower" targetname: "system__utf_32__get_category" label: "/home/runner/work/GNAT-FSF-builds/GNAT-FSF-builds/sbx/arm-elf-linux64/embedded-runtimes/install/arm-eabi/lib/gnat/embedded-nrf52832/gnat/a-wichun.adb:42:25" }
node: { title: "ada__wide_characters__handling__is_mark" label: "Is_Mark\n/home/runner/work/GNAT-FSF-builds/GNAT-FSF-builds/sbx/arm-elf-linux64/embedded-runtimes/install/arm-eabi/lib/gnat/embedded-nrf52832/gnat/a-wichha.adb:124:13\n8 bytes (static)\n0 dynamic objects" }
edge: { sourcename: "ada__wide_characters__handling__is_mark" targetname: "system__utf_32__range_search" label: "/home/runner/work/GNAT-FSF-builds/GNAT-FSF-builds/sbx/arm-elf-linux64/embedded-runtimes/install/arm-eabi/lib/gnat/embedded-nrf52832/gnat/a-wichha.adb:124:13" }
node: { title: "ada__wide_characters__handling__is_nfkc" label: "Is_Nfkc\n/home/runner/work/GNAT-FSF-builds/GNAT-FSF-builds/sbx/arm-elf-linux64/embedded-runtimes/install/arm-eabi/lib/gnat/embedded-nrf52832/gnat/a-wichha.adb:131:13\n8 bytes (static)\n0 dynamic objects" }
edge: { sourcename: "ada__wide_characters__handling__is_nfkc" targetname: "system__utf_32__range_search" label: "/home/runner/work/GNAT-FSF-builds/GNAT-FSF-builds/sbx/arm-elf-linux64/embedded-runtimes/install/arm-eabi/lib/gnat/embedded-nrf52832/gnat/s-utf_32.adb:12393:30" }
node: { title: "ada__wide_characters__handling__is_other_format" label: "Is_Other_Format\n/home/runner/work/GNAT-FSF-builds/GNAT-FSF-builds/sbx/arm-elf-linux64/embedded-runtimes/install/arm-eabi/lib/gnat/embedded-nrf52832/gnat/a-wichha.adb:138:13\n8 bytes (static)\n0 dynamic objects" }
edge: { sourcename: "ada__wide_characters__handling__is_other_format" targetname: "system__utf_32__range_search" label: "/home/runner/work/GNAT-FSF-builds/GNAT-FSF-builds/sbx/arm-elf-linux64/embedded-runtimes/install/arm-eabi/lib/gnat/embedded-nrf52832/gnat/a-wichha.adb:138:13" }
node: { title: "ada__wide_characters__handling__is_punctuation_connector" label: "Is_Punctuation_Connector\n/home/runner/work/GNAT-FSF-builds/GNAT-FSF-builds/sbx/arm-elf-linux64/embedded-runtimes/install/arm-eabi/lib/gnat/embedded-nrf52832/gnat/a-wichha.adb:145:13\n8 bytes (static)\n0 dynamic objects" }
edge: { sourcename: "ada__wide_characters__handling__is_punctuation_connector" targetname: "system__utf_32__range_search" label: "/home/runner/work/GNAT-FSF-builds/GNAT-FSF-builds/sbx/arm-elf-linux64/embedded-runtimes/install/arm-eabi/lib/gnat/embedded-nrf52832/gnat/a-wichha.adb:145:13" }
node: { title: "ada__wide_characters__handling__is_space" label: "Is_Space\n/home/runner/work/GNAT-FSF-builds/GNAT-FSF-builds/sbx/arm-elf-linux64/embedded-runtimes/install/arm-eabi/lib/gnat/embedded-nrf52832/gnat/a-wichha.adb:152:13\n8 bytes (static)\n0 dynamic objects" }
edge: { sourcename: "ada__wide_characters__handling__is_space" targetname: "system__utf_32__range_search" label: "/home/runner/work/GNAT-FSF-builds/GNAT-FSF-builds/sbx/arm-elf-linux64/embedded-runtimes/install/arm-eabi/lib/gnat/embedded-nrf52832/gnat/a-wichha.adb:152:13" }
node: { title: "ada__wide_characters__handling__is_special" label: "Is_Special\n/home/runner/work/GNAT-FSF-builds/GNAT-FSF-builds/sbx/arm-elf-linux64/embedded-runtimes/install/arm-eabi/lib/gnat/embedded-nrf52832/gnat/a-wichha.adb:159:4\n16 bytes (static)\n0 dynamic objects" }
edge: { sourcename: "ada__wide_characters__handling__is_special" targetname: "system__utf_32__range_search" label: "/home/runner/work/GNAT-FSF-builds/GNAT-FSF-builds/sbx/arm-elf-linux64/embedded-runtimes/install/arm-eabi/lib/gnat/embedded-nrf52832/gnat/s-utf_32.adb:12369:17" }
edge: { sourcename: "ada__wide_characters__handling__is_special" targetname: "system__utf_32__range_search" label: "/home/runner/work/GNAT-FSF-builds/GNAT-FSF-builds/sbx/arm-elf-linux64/embedded-runtimes/install/arm-eabi/lib/gnat/embedded-nrf52832/gnat/a-wichha.adb:101:13" }
edge: { sourcename: "ada__wide_characters__handling__is_special" targetname: "system__utf_32__range_search" label: "/home/runner/work/GNAT-FSF-builds/GNAT-FSF-builds/sbx/arm-elf-linux64/embedded-runtimes/install/arm-eabi/lib/gnat/embedded-nrf52832/gnat/a-wichha.adb:74:13" }
node: { title: "ada__wide_characters__handling__is_upper" label: "Is_Upper\n/home/runner/work/GNAT-FSF-builds/GNAT-FSF-builds/sbx/arm-elf-linux64/embedded-runtimes/install/arm-eabi/lib/gnat/embedded-nrf52832/gnat/a-wichha.adb:168:4\n8 bytes (static)\n0 dynamic objects" }
edge: { sourcename: "ada__wide_characters__handling__is_upper" targetname: "system__utf_32__get_category" label: "/home/runner/work/GNAT-FSF-builds/GNAT-FSF-builds/sbx/arm-elf-linux64/embedded-runtimes/install/arm-eabi/lib/gnat/embedded-nrf52832/gnat/a-wichun.adb:42:25" }
node: { title: "ada__wide_characters__handling__to_lower" label: "To_Lower\n/home/runner/work/GNAT-FSF-builds/GNAT-FSF-builds/sbx/arm-elf-linux64/embedded-runtimes/install/arm-eabi/lib/gnat/embedded-nrf52832/gnat/a-wichha.adb:177:13\n8 bytes (static)\n0 dynamic objects" }
edge: { sourcename: "ada__wide_characters__handling__to_lower" targetname: "system__utf_32__range_search" label: "/home/runner/work/GNAT-FSF-builds/GNAT-FSF-builds/sbx/arm-elf-linux64/embedded-runtimes/install/arm-eabi/lib/gnat/embedded-nrf52832/gnat/s-utf_32.adb:12541:35" }
node: { title: "ada__wide_characters__handling__to_lower__2" label: "To_Lower\n/home/runner/work/GNAT-FSF-builds/GNAT-FSF-builds/sbx/arm-elf-linux64/embedded-runtimes/install/arm-eabi/lib/gnat/embedded-nrf52832/gnat/a-wichha.adb:180:4\n56 bytes (static)\n0 dynamic objects" }
edge: { sourcename: "ada__wide_characters__handling__to_lower__2" targetname: "system__secondary_stack__ss_allocate" label: "/home/runner/work/GNAT-FSF-builds/GNAT-FSF-builds/sbx/arm-elf-linux64/embedded-runtimes/install/arm-eabi/lib/gnat/embedded-nrf52832/gnat/a-wichha.adb:180:4" }
edge: { sourcename: "ada__wide_characters__handling__to_lower__2" targetname: "system__secondary_stack__ss_allocate" label: "/home/runner/work/GNAT-FSF-builds/GNAT-FSF-builds/sbx/arm-elf-linux64/embedded-runtimes/install/arm-eabi/lib/gnat/embedded-nrf52832/gnat/a-wichha.adb:180:4" }
edge: { sourcename: "ada__wide_characters__handling__to_lower__2" targetname: "system__utf_32__range_search" label: "/home/runner/work/GNAT-FSF-builds/GNAT-FSF-builds/sbx/arm-elf-linux64/embedded-runtimes/install/arm-eabi/lib/gnat/embedded-nrf52832/gnat/s-utf_32.adb:12541:35" }
node: { title: "ada__wide_characters__handling__to_upper" label: "To_Upper\n/home/runner/work/GNAT-FSF-builds/GNAT-FSF-builds/sbx/arm-elf-linux64/embedded-runtimes/install/arm-eabi/lib/gnat/embedded-nrf52832/gnat/a-wichha.adb:195:13\n8 bytes (static)\n0 dynamic objects" }
edge: { sourcename: "ada__wide_characters__handling__to_upper" targetname: "system__utf_32__range_search" label: "/home/runner/work/GNAT-FSF-builds/GNAT-FSF-builds/sbx/arm-elf-linux64/embedded-runtimes/install/arm-eabi/lib/gnat/embedded-nrf52832/gnat/s-utf_32.adb:12555:35" }
node: { title: "ada__wide_characters__handling__to_upper__2" label: "To_Upper\n/home/runner/work/GNAT-FSF-builds/GNAT-FSF-builds/sbx/arm-elf-linux64/embedded-runtimes/install/arm-eabi/lib/gnat/embedded-nrf52832/gnat/a-wichha.adb:198:4\n56 bytes (static)\n0 dynamic objects" }
edge: { sourcename: "ada__wide_characters__handling__to_upper__2" targetname: "system__secondary_stack__ss_allocate" label: "/home/runner/work/GNAT-FSF-builds/GNAT-FSF-builds/sbx/arm-elf-linux64/embedded-runtimes/install/arm-eabi/lib/gnat/embedded-nrf52832/gnat/a-wichha.adb:198:4" }
edge: { sourcename: "ada__wide_characters__handling__to_upper__2" targetname: "system__secondary_stack__ss_allocate" label: "/home/runner/work/GNAT-FSF-builds/GNAT-FSF-builds/sbx/arm-elf-linux64/embedded-runtimes/install/arm-eabi/lib/gnat/embedded-nrf52832/gnat/a-wichha.adb:198:4" }
edge: { sourcename: "ada__wide_characters__handling__to_upper__2" targetname: "system__utf_32__range_search" label: "/home/runner/work/GNAT-FSF-builds/GNAT-FSF-builds/sbx/arm-elf-linux64/embedded-runtimes/install/arm-eabi/lib/gnat/embedded-nrf52832/gnat/s-utf_32.adb:12555:35" }
node: { title: "ada__wide_characters__handling__to_basic" label: "To_Basic\n/home/runner/work/GNAT-FSF-builds/GNAT-FSF-builds/sbx/arm-elf-linux64/embedded-runtimes/install/arm-eabi/lib/gnat/embedded-nrf52832/gnat/a-wichha.adb:213:13\n8 bytes (static)\n0 dynamic objects" }
edge: { sourcename: "ada__wide_characters__handling__to_basic" targetname: "system__utf_32__decomposition_search" label: "/home/runner/work/GNAT-FSF-builds/GNAT-FSF-builds/sbx/arm-elf-linux64/embedded-runtimes/install/arm-eabi/lib/gnat/embedded-nrf52832/gnat/s-utf_32.adb:12527:9" }
node: { title: "ada__wide_characters__handling__to_basic__2" label: "To_Basic\n/home/runner/work/GNAT-FSF-builds/GNAT-FSF-builds/sbx/arm-elf-linux64/embedded-runtimes/install/arm-eabi/lib/gnat/embedded-nrf52832/gnat/a-wichha.adb:216:4\n56 bytes (static)\n0 dynamic objects" }
edge: { sourcename: "ada__wide_characters__handling__to_basic__2" targetname: "system__secondary_stack__ss_allocate" label: "/home/runner/work/GNAT-FSF-builds/GNAT-FSF-builds/sbx/arm-elf-linux64/embedded-runtimes/install/arm-eabi/lib/gnat/embedded-nrf52832/gnat/a-wichha.adb:216:4" }
edge: { sourcename: "ada__wide_characters__handling__to_basic__2" targetname: "system__secondary_stack__ss_allocate" label: "/home/runner/work/GNAT-FSF-builds/GNAT-FSF-builds/sbx/arm-elf-linux64/embedded-runtimes/install/arm-eabi/lib/gnat/embedded-nrf52832/gnat/a-wichha.adb:216:4" }
edge: { sourcename: "ada__wide_characters__handling__to_basic__2" targetname: "system__utf_32__decomposition_search" label: "/home/runner/work/GNAT-FSF-builds/GNAT-FSF-builds/sbx/arm-elf-linux64/embedded-runtimes/install/arm-eabi/lib/gnat/embedded-nrf52832/gnat/s-utf_32.adb:12527:9" }
}
