graph: { title: "/home/runner/work/GNAT-FSF-builds/GNAT-FSF-builds/sbx/arm-elf-linux64/embedded-runtimes/install/arm-eabi/lib/gnat/embedded-nrf52832/gnat/s-init.adb"
node: { title: "__gnat_finalize" label: "Finalize\n/home/runner/work/GNAT-FSF-builds/GNAT-FSF-builds/sbx/arm-elf-linux64/embedded-runtimes/install/arm-eabi/lib/gnat/embedded-nrf52832/gnat/s-init.adb:55:4\n0 bytes (static)\n0 dynamic objects" }
node: { title: "__gnat_initialize" label: "Initialize\n/home/runner/work/GNAT-FSF-builds/GNAT-FSF-builds/sbx/arm-elf-linux64/embedded-runtimes/install/arm-eabi/lib/gnat/embedded-nrf52832/gnat/s-init.adb:64:4\n0 bytes (static)\n0 dynamic objects" }
node: { title: "__gnat_install_handler" label: "Install_Handler\n/home/runner/work/GNAT-FSF-builds/GNAT-FSF-builds/sbx/arm-elf-linux64/embedded-runtimes/install/arm-eabi/lib/gnat/embedded-nrf52832/gnat/s-init.adb:73:4\n8 bytes (static)\n0 dynamic objects" }
node: { title: "system__bb__cpu_primitives__install_trap_handler" label: "Install_Trap_Handler\n/home/runner/work/GNAT-FSF-builds/GNAT-FSF-builds/sbx/arm-elf-linux64/embedded-runtimes/install/arm-eabi/lib/gnat/embedded-nrf52832/gnarl/s-bbcppr.ads:111:14" shape : ellipse }
edge: { sourcename: "__gnat_install_handler" targetname: "system__bb__cpu_primitives__install_trap_handler" label: "/home/runner/work/GNAT-FSF-builds/GNAT-FSF-builds/sbx/arm-elf-linux64/embedded-runtimes/install/arm-eabi/lib/gnat/embedded-nrf52832/gnarl/s-bbcppr.adb:516:7" }
edge: { sourcename: "__gnat_install_handler" targetname: "system__bb__cpu_primitives__install_trap_handler" label: "/home/runner/work/GNAT-FSF-builds/GNAT-FSF-builds/sbx/arm-elf-linux64/embedded-runtimes/install/arm-eabi/lib/gnat/embedded-nrf52832/gnarl/s-bbcppr.adb:517:7" }
edge: { sourcename: "__gnat_install_handler" targetname: "system__bb__cpu_primitives__install_trap_handler" label: "/home/runner/work/GNAT-FSF-builds/GNAT-FSF-builds/sbx/arm-elf-linux64/embedded-runtimes/install/arm-eabi/lib/gnat/embedded-nrf52832/gnarl/s-bbcppr.adb:518:7" }
edge: { sourcename: "__gnat_install_handler" targetname: "system__bb__cpu_primitives__install_trap_handler" label: "/home/runner/work/GNAT-FSF-builds/GNAT-FSF-builds/sbx/arm-elf-linux64/embedded-runtimes/install/arm-eabi/lib/gnat/embedded-nrf52832/gnarl/s-bbcppr.adb:519:7" }
edge: { sourcename: "__gnat_install_handler" targetname: "system__bb__cpu_primitives__install_trap_handler" label: "/home/runner/work/GNAT-FSF-builds/GNAT-FSF-builds/sbx/arm-elf-linux64/embedded-runtimes/install/arm-eabi/lib/gnat/embedded-nrf52832/gnarl/s-bbcppr.adb:520:7" }
edge: { sourcename: "__gnat_install_handler" targetname: "system__bb__cpu_primitives__install_trap_handler" label: "/home/runner/work/GNAT-FSF-builds/GNAT-FSF-builds/sbx/arm-elf-linux64/embedded-runtimes/install/arm-eabi/lib/gnat/embedded-nrf52832/gnarl/s-bbcppr.adb:523:10" }
edge: { sourcename: "__gnat_install_handler" targetname: "system__bb__cpu_primitives__install_trap_handler" label: "/home/runner/work/GNAT-FSF-builds/GNAT-FSF-builds/sbx/arm-elf-linux64/embedded-runtimes/install/arm-eabi/lib/gnat/embedded-nrf52832/gnarl/s-bbcppr.adb:524:10" }
node: { title: "__gnat_runtime_initialize" label: "Runtime_Initialize\n/home/runner/work/GNAT-FSF-builds/GNAT-FSF-builds/sbx/arm-elf-linux64/embedded-runtimes/install/arm-eabi/lib/gnat/embedded-nrf52832/gnat/s-init.adb:82:4\n8 bytes (static)\n0 dynamic objects" }
node: { title: "system__tasking__initialize" label: "Initialize\n/home/runner/work/GNAT-FSF-builds/GNAT-FSF-builds/sbx/arm-elf-linux64/embedded-runtimes/install/arm-eabi/lib/gnat/embedded-nrf52832/gnarl/s-taskin.ads:423:14" shape : ellipse }
edge: { sourcename: "__gnat_runtime_initialize" targetname: "system__tasking__initialize" label: "/home/runner/work/GNAT-FSF-builds/GNAT-FSF-builds/sbx/arm-elf-linux64/embedded-runtimes/install/arm-eabi/lib/gnat/embedded-nrf52832/gnat/s-init.adb:91:21" }
edge: { sourcename: "__gnat_runtime_initialize" targetname: "system__bb__cpu_primitives__install_trap_handler" label: "/home/runner/work/GNAT-FSF-builds/GNAT-FSF-builds/sbx/arm-elf-linux64/embedded-runtimes/install/arm-eabi/lib/gnat/embedded-nrf52832/gnarl/s-bbcppr.adb:516:7" }
edge: { sourcename: "__gnat_runtime_initialize" targetname: "system__bb__cpu_primitives__install_trap_handler" label: "/home/runner/work/GNAT-FSF-builds/GNAT-FSF-builds/sbx/arm-elf-linux64/embedded-runtimes/install/arm-eabi/lib/gnat/embedded-nrf52832/gnarl/s-bbcppr.adb:517:7" }
edge: { sourcename: "__gnat_runtime_initialize" targetname: "system__bb__cpu_primitives__install_trap_handler" label: "/home/runner/work/GNAT-FSF-builds/GNAT-FSF-builds/sbx/arm-elf-linux64/embedded-runtimes/install/arm-eabi/lib/gnat/embedded-nrf52832/gnarl/s-bbcppr.adb:518:7" }
edge: { sourcename: "__gnat_runtime_initialize" targetname: "system__bb__cpu_primitives__install_trap_handler" label: "/home/runner/work/GNAT-FSF-builds/GNAT-FSF-builds/sbx/arm-elf-linux64/embedded-runtimes/install/arm-eabi/lib/gnat/embedded-nrf52832/gnarl/s-bbcppr.adb:519:7" }
edge: { sourcename: "__gnat_runtime_initialize" targetname: "system__bb__cpu_primitives__install_trap_handler" label: "/home/runner/work/GNAT-FSF-builds/GNAT-FSF-builds/sbx/arm-elf-linux64/embedded-runtimes/install/arm-eabi/lib/gnat/embedded-nrf52832/gnarl/s-bbcppr.adb:520:7" }
edge: { sourcename: "__gnat_runtime_initialize" targetname: "system__bb__cpu_primitives__install_trap_handler" label: "/home/runner/work/GNAT-FSF-builds/GNAT-FSF-builds/sbx/arm-elf-linux64/embedded-runtimes/install/arm-eabi/lib/gnat/embedded-nrf52832/gnarl/s-bbcppr.adb:523:10" }
edge: { sourcename: "__gnat_runtime_initialize" targetname: "system__bb__cpu_primitives__install_trap_handler" label: "/home/runner/work/GNAT-FSF-builds/GNAT-FSF-builds/sbx/arm-elf-linux64/embedded-runtimes/install/arm-eabi/lib/gnat/embedded-nrf52832/gnarl/s-bbcppr.adb:524:10" }
node: { title: "__gnat_runtime_finalize" label: "Runtime_Finalize\n/home/runner/work/GNAT-FSF-builds/GNAT-FSF-builds/sbx/arm-elf-linux64/embedded-runtimes/install/arm-eabi/lib/gnat/embedded-nrf52832/gnat/s-init.adb:100:4\n0 bytes (static)\n0 dynamic objects" }
}
