graph: { title: "/home/runner/work/GNAT-FSF-builds/GNAT-FSF-builds/sbx/arm-elf-linux64/embedded-runtimes/install/arm-eabi/lib/gnat/embedded-nucleo_f401re/gnat/i-cstrin.adb"
node: { title: "/home/runner/work/GNAT-FSF-builds/GNAT-FSF-builds/sbx/arm-elf-linux64/embedded-runtimes/install/arm-eabi/lib/gnat/embedded-nucleo_f401re/gnat/i-cstrin.adb:interfaces__c__strings__strlen.part.0" label: "Part\n/home/runner/work/GNAT-FSF-builds/GNAT-FSF-builds/sbx/arm-elf-linux64/embedded-runtimes/install/arm-eabi/lib/gnat/embedded-nucleo_f401re/gnat/i-cstrin.adb:201:4\n8 bytes (static)\n0 dynamic objects" }
node: { title: "__gnat_raise_exception" label: "Raise_Exception_Always\n/home/runner/work/GNAT-FSF-builds/GNAT-FSF-builds/sbx/arm-elf-linux64/embedded-runtimes/install/arm-eabi/lib/gnat/embedded-nucleo_f401re/gnat/a-except.ads:178:14" shape : ellipse }
edge: { sourcename: "/home/runner/work/GNAT-FSF-builds/GNAT-FSF-builds/sbx/arm-elf-linux64/embedded-runtimes/install/arm-eabi/lib/gnat/embedded-nucleo_f401re/gnat/i-cstrin.adb:interfaces__c__strings__strlen.part.0" targetname: "__gnat_raise_exception" label: "/home/runner/work/GNAT-FSF-builds/GNAT-FSF-builds/sbx/arm-elf-linux64/embedded-runtimes/install/arm-eabi/lib/gnat/embedded-nucleo_f401re/gnat/i-cstrin.adb:206:10" }
node: { title: "interfaces__c__strings__chars_ptr_arrayIP" label: "chars_ptr_arrayIP\n<built-in>\n0 bytes (static)\n0 dynamic objects" }
node: { title: "memset" label: "builtin_memset\n<built-in>" shape : ellipse }
edge: { sourcename: "interfaces__c__strings__chars_ptr_arrayIP" targetname: "memset" }
node: { title: "interfaces__c__strings__free" label: "Free\n/home/runner/work/GNAT-FSF-builds/GNAT-FSF-builds/sbx/arm-elf-linux64/embedded-runtimes/install/arm-eabi/lib/gnat/embedded-nucleo_f401re/gnat/i-cstrin.adb:91:4\n8 bytes (static)\n0 dynamic objects" }
node: { title: "__gnat_free" label: "Memory_Free\n/home/runner/work/GNAT-FSF-builds/GNAT-FSF-builds/sbx/arm-elf-linux64/embedded-runtimes/install/arm-eabi/lib/gnat/embedded-nucleo_f401re/gnat/i-cstrin.adb:75:14" shape : ellipse }
edge: { sourcename: "interfaces__c__strings__free" targetname: "__gnat_free" label: "/home/runner/work/GNAT-FSF-builds/GNAT-FSF-builds/sbx/arm-elf-linux64/embedded-runtimes/install/arm-eabi/lib/gnat/embedded-nucleo_f401re/gnat/i-cstrin.adb:97:7" }
node: { title: "interfaces__c__strings__new_char_array" label: "New_Char_Array\n/home/runner/work/GNAT-FSF-builds/GNAT-FSF-builds/sbx/arm-elf-linux64/embedded-runtimes/install/arm-eabi/lib/gnat/embedded-nucleo_f401re/gnat/i-cstrin.adb:105:4\n24 bytes (static)\n0 dynamic objects" }
node: { title: "__gnat_malloc" label: "gnat_malloc\n<built-in>" shape : ellipse }
edge: { sourcename: "interfaces__c__strings__new_char_array" targetname: "__gnat_malloc" label: "/home/runner/work/GNAT-FSF-builds/GNAT-FSF-builds/sbx/arm-elf-linux64/embedded-runtimes/install/arm-eabi/lib/gnat/embedded-nucleo_f401re/gnat/i-cstrin.adb:114:18" }
node: { title: "interfaces__c__strings__new_string" label: "New_String\n/home/runner/work/GNAT-FSF-builds/GNAT-FSF-builds/sbx/arm-elf-linux64/embedded-runtimes/install/arm-eabi/lib/gnat/embedded-nucleo_f401re/gnat/i-cstrin.adb:141:4\n32 bytes (static)\n0 dynamic objects" }
edge: { sourcename: "interfaces__c__strings__new_string" targetname: "__gnat_malloc" label: "/home/runner/work/GNAT-FSF-builds/GNAT-FSF-builds/sbx/arm-elf-linux64/embedded-runtimes/install/arm-eabi/lib/gnat/embedded-nucleo_f401re/gnat/i-cstrin.adb:147:38" }
node: { title: "interfaces__c__to_c__3" label: "To_C\n/home/runner/work/GNAT-FSF-builds/GNAT-FSF-builds/sbx/arm-elf-linux64/embedded-runtimes/install/arm-eabi/lib/gnat/embedded-nucleo_f401re/gnat/i-c.ads:182:14" shape : ellipse }
edge: { sourcename: "interfaces__c__strings__new_string" targetname: "interfaces__c__to_c__3" label: "/home/runner/work/GNAT-FSF-builds/GNAT-FSF-builds/sbx/arm-elf-linux64/embedded-runtimes/install/arm-eabi/lib/gnat/embedded-nucleo_f401re/gnat/i-cstrin.adb:156:7" }
node: { title: "interfaces__c__strings__strlen" label: "Strlen\n/home/runner/work/GNAT-FSF-builds/GNAT-FSF-builds/sbx/arm-elf-linux64/embedded-runtimes/install/arm-eabi/lib/gnat/embedded-nucleo_f401re/gnat/i-cstrin.adb:201:4\n8 bytes (static)\n0 dynamic objects" }
edge: { sourcename: "interfaces__c__strings__strlen" targetname: "/home/runner/work/GNAT-FSF-builds/GNAT-FSF-builds/sbx/arm-elf-linux64/embedded-runtimes/install/arm-eabi/lib/gnat/embedded-nucleo_f401re/gnat/i-cstrin.adb:interfaces__c__strings__strlen.part.0" }
node: { title: "strlen" label: "builtin_strlen\n<built-in>" shape : ellipse }
edge: { sourcename: "interfaces__c__strings__strlen" targetname: "strlen" label: "/home/runner/work/GNAT-FSF-builds/GNAT-FSF-builds/sbx/arm-elf-linux64/embedded-runtimes/install/arm-eabi/lib/gnat/embedded-nucleo_f401re/gnat/i-cstrin.adb:170:7" }
node: { title: "interfaces__c__strings__to_chars_ptr" label: "To_Chars_Ptr\n/home/runner/work/GNAT-FSF-builds/GNAT-FSF-builds/sbx/arm-elf-linux64/embedded-runtimes/install/arm-eabi/lib/gnat/embedded-nucleo_f401re/gnat/i-cstrin.adb:222:4\n8 bytes (static)\n0 dynamic objects" }
edge: { sourcename: "interfaces__c__strings__to_chars_ptr" targetname: "__gnat_raise_exception" label: "/home/runner/work/GNAT-FSF-builds/GNAT-FSF-builds/sbx/arm-elf-linux64/embedded-runtimes/install/arm-eabi/lib/gnat/embedded-nucleo_f401re/gnat/i-cstrin.adb:232:10" }
node: { title: "interfaces__c__strings__update" label: "Update\n/home/runner/work/GNAT-FSF-builds/GNAT-FSF-builds/sbx/arm-elf-linux64/embedded-runtimes/install/arm-eabi/lib/gnat/embedded-nucleo_f401re/gnat/i-cstrin.adb:242:4\n32 bytes (static)\n0 dynamic objects" }
edge: { sourcename: "interfaces__c__strings__update" targetname: "/home/runner/work/GNAT-FSF-builds/GNAT-FSF-builds/sbx/arm-elf-linux64/embedded-runtimes/install/arm-eabi/lib/gnat/embedded-nucleo_f401re/gnat/i-cstrin.adb:interfaces__c__strings__strlen.part.0" }
edge: { sourcename: "interfaces__c__strings__update" targetname: "strlen" label: "/home/runner/work/GNAT-FSF-builds/GNAT-FSF-builds/sbx/arm-elf-linux64/embedded-runtimes/install/arm-eabi/lib/gnat/embedded-nucleo_f401re/gnat/i-cstrin.adb:170:7" }
edge: { sourcename: "interfaces__c__strings__update" targetname: "__gnat_raise_exception" label: "/home/runner/work/GNAT-FSF-builds/GNAT-FSF-builds/sbx/arm-elf-linux64/embedded-runtimes/install/arm-eabi/lib/gnat/embedded-nucleo_f401re/gnat/i-cstrin.adb:252:10" }
node: { title: "interfaces__c__strings__update__2" label: "Update\n/home/runner/work/GNAT-FSF-builds/GNAT-FSF-builds/sbx/arm-elf-linux64/embedded-runtimes/install/arm-eabi/lib/gnat/embedded-nucleo_f401re/gnat/i-cstrin.adb:261:4\n40 bytes (static)\n0 dynamic objects" }
node: { title: "system__secondary_stack__ss_mark" label: "Ss_Mark\n/home/runner/work/GNAT-FSF-builds/GNAT-FSF-builds/sbx/arm-elf-linux64/embedded-runtimes/install/arm-eabi/lib/gnat/embedded-nucleo_f401re/gnat/s-secsta.ads:67:13" shape : ellipse }
edge: { sourcename: "interfaces__c__strings__update__2" targetname: "system__secondary_stack__ss_mark" label: "/home/runner/work/GNAT-FSF-builds/GNAT-FSF-builds/sbx/arm-elf-linux64/embedded-runtimes/install/arm-eabi/lib/gnat/embedded-nucleo_f401re/gnat/i-cstrin.adb:274:7" }
node: { title: "interfaces__c__to_c__2" label: "To_C\n/home/runner/work/GNAT-FSF-builds/GNAT-FSF-builds/sbx/arm-elf-linux64/embedded-runtimes/install/arm-eabi/lib/gnat/embedded-nucleo_f401re/gnat/i-c.ads:139:13" shape : ellipse }
edge: { sourcename: "interfaces__c__strings__update__2" targetname: "interfaces__c__to_c__2" label: "/home/runner/work/GNAT-FSF-builds/GNAT-FSF-builds/sbx/arm-elf-linux64/embedded-runtimes/install/arm-eabi/lib/gnat/embedded-nucleo_f401re/gnat/i-cstrin.adb:274:29" }
edge: { sourcename: "interfaces__c__strings__update__2" targetname: "interfaces__c__strings__update" label: "/home/runner/work/GNAT-FSF-builds/GNAT-FSF-builds/sbx/arm-elf-linux64/embedded-runtimes/install/arm-eabi/lib/gnat/embedded-nucleo_f401re/gnat/i-cstrin.adb:274:7" }
node: { title: "system__secondary_stack__ss_release" label: "Ss_Release\n/home/runner/work/GNAT-FSF-builds/GNAT-FSF-builds/sbx/arm-elf-linux64/embedded-runtimes/install/arm-eabi/lib/gnat/embedded-nucleo_f401re/gnat/s-secsta.ads:70:14" shape : ellipse }
edge: { sourcename: "interfaces__c__strings__update__2" targetname: "system__secondary_stack__ss_release" label: "/home/runner/work/GNAT-FSF-builds/GNAT-FSF-builds/sbx/arm-elf-linux64/embedded-runtimes/install/arm-eabi/lib/gnat/embedded-nucleo_f401re/gnat/i-cstrin.adb:274:0" }
edge: { sourcename: "interfaces__c__strings__update__2" targetname: "system__secondary_stack__ss_release" label: "/home/runner/work/GNAT-FSF-builds/GNAT-FSF-builds/sbx/arm-elf-linux64/embedded-runtimes/install/arm-eabi/lib/gnat/embedded-nucleo_f401re/gnat/i-cstrin.adb:274:0" }
node: { title: "_Unwind_Resume" label: "builtin_unwind_resume\n<built-in>" shape : ellipse }
edge: { sourcename: "interfaces__c__strings__update__2" targetname: "_Unwind_Resume" }
node: { title: "interfaces__c__strings__value" label: "Value\n/home/runner/work/GNAT-FSF-builds/GNAT-FSF-builds/sbx/arm-elf-linux64/embedded-runtimes/install/arm-eabi/lib/gnat/embedded-nucleo_f401re/gnat/i-cstrin.adb:281:4\n24 bytes (static)\n0 dynamic objects" }
edge: { sourcename: "interfaces__c__strings__value" targetname: "/home/runner/work/GNAT-FSF-builds/GNAT-FSF-builds/sbx/arm-elf-linux64/embedded-runtimes/install/arm-eabi/lib/gnat/embedded-nucleo_f401re/gnat/i-cstrin.adb:interfaces__c__strings__strlen.part.0" }
node: { title: "system__secondary_stack__ss_allocate" label: "Ss_Allocate\n/home/runner/work/GNAT-FSF-builds/GNAT-FSF-builds/sbx/arm-elf-linux64/embedded-runtimes/install/arm-eabi/lib/gnat/embedded-nucleo_f401re/gnat/s-secsta.ads:58:14" shape : ellipse }
edge: { sourcename: "interfaces__c__strings__value" targetname: "system__secondary_stack__ss_allocate" label: "/home/runner/work/GNAT-FSF-builds/GNAT-FSF-builds/sbx/arm-elf-linux64/embedded-runtimes/install/arm-eabi/lib/gnat/embedded-nucleo_f401re/gnat/i-cstrin.adb:281:4" }
edge: { sourcename: "interfaces__c__strings__value" targetname: "strlen" label: "/home/runner/work/GNAT-FSF-builds/GNAT-FSF-builds/sbx/arm-elf-linux64/embedded-runtimes/install/arm-eabi/lib/gnat/embedded-nucleo_f401re/gnat/i-cstrin.adb:170:7" }
node: { title: "interfaces__c__strings__value__2" label: "Value\n/home/runner/work/GNAT-FSF-builds/GNAT-FSF-builds/sbx/arm-elf-linux64/embedded-runtimes/install/arm-eabi/lib/gnat/embedded-nucleo_f401re/gnat/i-cstrin.adb:298:4\n32 bytes (static)\n0 dynamic objects" }
edge: { sourcename: "interfaces__c__strings__value__2" targetname: "__gnat_raise_exception" label: "/home/runner/work/GNAT-FSF-builds/GNAT-FSF-builds/sbx/arm-elf-linux64/embedded-runtimes/install/arm-eabi/lib/gnat/embedded-nucleo_f401re/gnat/i-cstrin.adb:304:10" }
node: { title: "__gnat_rcheck_CE_Explicit_Raise" label: "gnat_rcheck_CE_Explicit_Raise\n<built-in>" shape : ellipse }
edge: { sourcename: "interfaces__c__strings__value__2" targetname: "__gnat_rcheck_CE_Explicit_Raise" label: "/home/runner/work/GNAT-FSF-builds/GNAT-FSF-builds/sbx/arm-elf-linux64/embedded-runtimes/install/arm-eabi/lib/gnat/embedded-nucleo_f401re/gnat/i-cstrin.adb:312:10" }
edge: { sourcename: "interfaces__c__strings__value__2" targetname: "system__secondary_stack__ss_allocate" label: "/home/runner/work/GNAT-FSF-builds/GNAT-FSF-builds/sbx/arm-elf-linux64/embedded-runtimes/install/arm-eabi/lib/gnat/embedded-nucleo_f401re/gnat/i-cstrin.adb:315:7" }
edge: { sourcename: "interfaces__c__strings__value__2" targetname: "system__secondary_stack__ss_allocate" label: "/home/runner/work/GNAT-FSF-builds/GNAT-FSF-builds/sbx/arm-elf-linux64/embedded-runtimes/install/arm-eabi/lib/gnat/embedded-nucleo_f401re/gnat/i-cstrin.adb:323:16" }
node: { title: "memcpy" label: "builtin_memcpy\n<built-in>" shape : ellipse }
edge: { sourcename: "interfaces__c__strings__value__2" targetname: "memcpy" }
node: { title: "interfaces__c__strings__value__3" label: "Value\n/home/runner/work/GNAT-FSF-builds/GNAT-FSF-builds/sbx/arm-elf-linux64/embedded-runtimes/install/arm-eabi/lib/gnat/embedded-nucleo_f401re/gnat/i-cstrin.adb:331:4\n24 bytes (static)\n0 dynamic objects" }
edge: { sourcename: "interfaces__c__strings__value__3" targetname: "interfaces__c__strings__value" label: "/home/runner/work/GNAT-FSF-builds/GNAT-FSF-builds/sbx/arm-elf-linux64/embedded-runtimes/install/arm-eabi/lib/gnat/embedded-nucleo_f401re/gnat/i-cstrin.adb:333:22" }
node: { title: "interfaces__c__to_ada__2" label: "To_Ada\n/home/runner/work/GNAT-FSF-builds/GNAT-FSF-builds/sbx/arm-elf-linux64/embedded-runtimes/install/arm-eabi/lib/gnat/embedded-nucleo_f401re/gnat/i-c.ads:157:13" shape : ellipse }
edge: { sourcename: "interfaces__c__strings__value__3" targetname: "interfaces__c__to_ada__2" label: "/home/runner/work/GNAT-FSF-builds/GNAT-FSF-builds/sbx/arm-elf-linux64/embedded-runtimes/install/arm-eabi/lib/gnat/embedded-nucleo_f401re/gnat/i-cstrin.adb:333:14" }
node: { title: "interfaces__c__strings__value__4" label: "Value\n/home/runner/work/GNAT-FSF-builds/GNAT-FSF-builds/sbx/arm-elf-linux64/embedded-runtimes/install/arm-eabi/lib/gnat/embedded-nucleo_f401re/gnat/i-cstrin.adb:336:4\n48 bytes (dynamic)\n1 dynamic objects\n Result /home/runner/work/GNAT-FSF-builds/GNAT-FSF-builds/sbx/arm-elf-linux64/embedded-runtimes/install/arm-eabi/lib/gnat/embedded-nucleo_f401re/gnat/i-cstrin.adb:337:7" }
edge: { sourcename: "interfaces__c__strings__value__4" targetname: "__gnat_raise_exception" label: "/home/runner/work/GNAT-FSF-builds/GNAT-FSF-builds/sbx/arm-elf-linux64/embedded-runtimes/install/arm-eabi/lib/gnat/embedded-nucleo_f401re/gnat/i-cstrin.adb:345:10" }
edge: { sourcename: "interfaces__c__strings__value__4" targetname: "interfaces__c__to_ada__2" label: "/home/runner/work/GNAT-FSF-builds/GNAT-FSF-builds/sbx/arm-elf-linux64/embedded-runtimes/install/arm-eabi/lib/gnat/embedded-nucleo_f401re/gnat/i-cstrin.adb:352:20" }
edge: { sourcename: "interfaces__c__strings__value__4" targetname: "interfaces__c__to_ada__2" label: "/home/runner/work/GNAT-FSF-builds/GNAT-FSF-builds/sbx/arm-elf-linux64/embedded-runtimes/install/arm-eabi/lib/gnat/embedded-nucleo_f401re/gnat/i-cstrin.adb:357:14" }
}
