graph: { title: "/home/runner/work/GNAT-FSF-builds/GNAT-FSF-builds/sbx/arm-elf-linux64/embedded-runtimes/install/arm-eabi/lib/gnat/embedded-nucleo_f401re/gnat/s-fofi32.ads"
node: { title: "system__fore_fixed_32__impl__fore_fixed" label: "Fore_Fixed\n/home/runner/work/GNAT-FSF-builds/GNAT-FSF-builds/sbx/arm-elf-linux64/embedded-runtimes/install/arm-eabi/lib/gnat/embedded-nucleo_f401re/gnat/s-fore_f.adb:56:4\n40 bytes (static)\n0 dynamic objects" }
node: { title: "system__arith_32__scaled_divide32" label: "Scaled_Divide32\n/home/runner/work/GNAT-FSF-builds/GNAT-FSF-builds/sbx/arm-elf-linux64/embedded-runtimes/install/arm-eabi/lib/gnat/embedded-nucleo_f401re/gnat/s-arit32.ads:91:14" shape : ellipse }
edge: { sourcename: "system__fore_fixed_32__impl__fore_fixed" targetname: "system__arith_32__scaled_divide32" label: "/home/runner/work/GNAT-FSF-builds/GNAT-FSF-builds/sbx/arm-elf-linux64/embedded-runtimes/install/arm-eabi/lib/gnat/embedded-nucleo_f401re/gnat/s-fore_f.adb:80:10" }
node: { title: "system__exn_int__exponn_integer__expon" label: "Expon\n/home/runner/work/GNAT-FSF-builds/GNAT-FSF-builds/sbx/arm-elf-linux64/embedded-runtimes/install/arm-eabi/lib/gnat/embedded-nucleo_f401re/gnat/s-exponn.ads:66:13" shape : ellipse }
edge: { sourcename: "system__fore_fixed_32__impl__fore_fixed" targetname: "system__exn_int__exponn_integer__expon" label: "/home/runner/work/GNAT-FSF-builds/GNAT-FSF-builds/sbx/arm-elf-linux64/embedded-runtimes/install/arm-eabi/lib/gnat/embedded-nucleo_f401re/gnat/s-fore_f.adb:115:44" }
edge: { sourcename: "system__fore_fixed_32__impl__fore_fixed" targetname: "system__arith_32__scaled_divide32" label: "/home/runner/work/GNAT-FSF-builds/GNAT-FSF-builds/sbx/arm-elf-linux64/embedded-runtimes/install/arm-eabi/lib/gnat/embedded-nucleo_f401re/gnat/s-fore_f.adb:115:13" }
}
