graph: { title: "/home/runner/work/GNAT-FSF-builds/GNAT-FSF-builds/sbx/arm-elf-linux64/embedded-runtimes/install/arm-eabi/lib/gnat/embedded-stm32f469disco/gnat/a-nllrar.ads"
node: { title: "/home/runner/work/GNAT-FSF-builds/GNAT-FSF-builds/sbx/arm-elf-linux64/embedded-runtimes/install/arm-eabi/lib/gnat/embedded-stm32f469disco/gnat/a-nllrar.ads:ada__numerics__long_long_real_arrays__back_substitute__sub_row.0" label: "Sub_Row\n/home/runner/work/GNAT-FSF-builds/GNAT-FSF-builds/sbx/arm-elf-linux64/embedded-runtimes/install/arm-eabi/lib/gnat/embedded-stm32f469disco/gnat/s-gearop.adb:148:7\n40 bytes (static)\n0 dynamic objects" }
node: { title: "__aeabi_dmul" label: "aeabi_dmul\n<built-in>" shape : ellipse }
edge: { sourcename: "/home/runner/work/GNAT-FSF-builds/GNAT-FSF-builds/sbx/arm-elf-linux64/embedded-runtimes/install/arm-eabi/lib/gnat/embedded-stm32f469disco/gnat/a-nllrar.ads:ada__numerics__long_long_real_arrays__back_substitute__sub_row.0" targetname: "__aeabi_dmul" }
node: { title: "__aeabi_dsub" label: "aeabi_dsub\n<built-in>" shape : ellipse }
edge: { sourcename: "/home/runner/work/GNAT-FSF-builds/GNAT-FSF-builds/sbx/arm-elf-linux64/embedded-runtimes/install/arm-eabi/lib/gnat/embedded-stm32f469disco/gnat/a-nllrar.ads:ada__numerics__long_long_real_arrays__back_substitute__sub_row.0" targetname: "__aeabi_dsub" }
node: { title: "ada__numerics__long_long_real_arrays__real_vectorIP" label: "real_vectorIP\n<built-in>\n0 bytes (static)\n0 dynamic objects" }
node: { title: "ada__numerics__long_long_real_arrays__real_matrixIP" label: "real_matrixIP\n<built-in>\n0 bytes (static)\n0 dynamic objects" }
node: { title: "ada__numerics__long_long_real_arrays__back_substitute" label: "Back_Substitute\n/home/runner/work/GNAT-FSF-builds/GNAT-FSF-builds/sbx/arm-elf-linux64/embedded-runtimes/install/arm-eabi/lib/gnat/embedded-stm32f469disco/gnat/s-gearop.adb:128:4\n80 bytes (static)\n0 dynamic objects" }
node: { title: "__aeabi_dcmpeq" label: "aeabi_dcmpeq\n<built-in>" shape : ellipse }
edge: { sourcename: "ada__numerics__long_long_real_arrays__back_substitute" targetname: "__aeabi_dcmpeq" }
edge: { sourcename: "ada__numerics__long_long_real_arrays__back_substitute" targetname: "/home/runner/work/GNAT-FSF-builds/GNAT-FSF-builds/sbx/arm-elf-linux64/embedded-runtimes/install/arm-eabi/lib/gnat/embedded-stm32f469disco/gnat/a-nllrar.ads:ada__numerics__long_long_real_arrays__back_substitute__sub_row.0" label: "/home/runner/work/GNAT-FSF-builds/GNAT-FSF-builds/sbx/arm-elf-linux64/embedded-runtimes/install/arm-eabi/lib/gnat/embedded-stm32f469disco/gnat/s-gearop.adb:191:22" }
node: { title: "__aeabi_ddiv" label: "aeabi_ddiv\n<built-in>" shape : ellipse }
edge: { sourcename: "ada__numerics__long_long_real_arrays__back_substitute" targetname: "__aeabi_ddiv" }
edge: { sourcename: "ada__numerics__long_long_real_arrays__back_substitute" targetname: "/home/runner/work/GNAT-FSF-builds/GNAT-FSF-builds/sbx/arm-elf-linux64/embedded-runtimes/install/arm-eabi/lib/gnat/embedded-stm32f469disco/gnat/a-nllrar.ads:ada__numerics__long_long_real_arrays__back_substitute__sub_row.0" label: "/home/runner/work/GNAT-FSF-builds/GNAT-FSF-builds/sbx/arm-elf-linux64/embedded-runtimes/install/arm-eabi/lib/gnat/embedded-stm32f469disco/gnat/s-gearop.adb:192:22" }
edge: { sourcename: "ada__numerics__long_long_real_arrays__back_substitute" targetname: "__aeabi_ddiv" }
node: { title: "ada__numerics__long_long_real_arrays__diagonal" label: "Diagonal\n/home/runner/work/GNAT-FSF-builds/GNAT-FSF-builds/sbx/arm-elf-linux64/embedded-runtimes/install/arm-eabi/lib/gnat/embedded-stm32f469disco/gnat/s-gearop.adb:74:4\n48 bytes (static)\n0 dynamic objects" }
node: { title: "system__secondary_stack__ss_allocate" label: "Ss_Allocate\n/home/runner/work/GNAT-FSF-builds/GNAT-FSF-builds/sbx/arm-elf-linux64/embedded-runtimes/install/arm-eabi/lib/gnat/embedded-stm32f469disco/gnat/s-secsta.ads:58:14" shape : ellipse }
edge: { sourcename: "ada__numerics__long_long_real_arrays__diagonal" targetname: "system__secondary_stack__ss_allocate" label: "/home/runner/work/GNAT-FSF-builds/GNAT-FSF-builds/sbx/arm-elf-linux64/embedded-runtimes/install/arm-eabi/lib/gnat/embedded-stm32f469disco/gnat/s-gearop.adb:77:7" }
edge: { sourcename: "ada__numerics__long_long_real_arrays__diagonal" targetname: "system__secondary_stack__ss_allocate" label: "/home/runner/work/GNAT-FSF-builds/GNAT-FSF-builds/sbx/arm-elf-linux64/embedded-runtimes/install/arm-eabi/lib/gnat/embedded-stm32f469disco/gnat/s-gearop.adb:77:7" }
node: { title: "ada__numerics__long_long_real_arrays__forward_eliminate" label: "Forward_Eliminate\n/home/runner/work/GNAT-FSF-builds/GNAT-FSF-builds/sbx/arm-elf-linux64/embedded-runtimes/install/arm-eabi/lib/gnat/embedded-stm32f469disco/gnat/s-gearop.adb:213:4\n128 bytes (static)\n0 dynamic objects" }
node: { title: "__aeabi_dcmpgt" label: "aeabi_dcmpgt\n<built-in>" shape : ellipse }
edge: { sourcename: "ada__numerics__long_long_real_arrays__forward_eliminate" targetname: "__aeabi_dcmpgt" }
edge: { sourcename: "ada__numerics__long_long_real_arrays__forward_eliminate" targetname: "__aeabi_dcmpgt" }
edge: { sourcename: "ada__numerics__long_long_real_arrays__forward_eliminate" targetname: "__aeabi_dsub" }
edge: { sourcename: "ada__numerics__long_long_real_arrays__forward_eliminate" targetname: "__aeabi_ddiv" }
edge: { sourcename: "ada__numerics__long_long_real_arrays__forward_eliminate" targetname: "__aeabi_ddiv" }
edge: { sourcename: "ada__numerics__long_long_real_arrays__forward_eliminate" targetname: "/home/runner/work/GNAT-FSF-builds/GNAT-FSF-builds/sbx/arm-elf-linux64/embedded-runtimes/install/arm-eabi/lib/gnat/embedded-stm32f469disco/gnat/a-nllrar.ads:ada__numerics__long_long_real_arrays__forward_eliminate__sub_row.4" label: "/home/runner/work/GNAT-FSF-builds/GNAT-FSF-builds/sbx/arm-elf-linux64/embedded-runtimes/install/arm-eabi/lib/gnat/embedded-stm32f469disco/gnat/s-gearop.adb:417:22" }
edge: { sourcename: "ada__numerics__long_long_real_arrays__forward_eliminate" targetname: "/home/runner/work/GNAT-FSF-builds/GNAT-FSF-builds/sbx/arm-elf-linux64/embedded-runtimes/install/arm-eabi/lib/gnat/embedded-stm32f469disco/gnat/a-nllrar.ads:ada__numerics__long_long_real_arrays__forward_eliminate__sub_row.4" label: "/home/runner/work/GNAT-FSF-builds/GNAT-FSF-builds/sbx/arm-elf-linux64/embedded-runtimes/install/arm-eabi/lib/gnat/embedded-stm32f469disco/gnat/s-gearop.adb:418:22" }
edge: { sourcename: "ada__numerics__long_long_real_arrays__forward_eliminate" targetname: "__aeabi_dmul" }
node: { title: "ada__numerics__long_long_real_arrays__swap_column" label: "Swap_Column\n/home/runner/work/GNAT-FSF-builds/GNAT-FSF-builds/sbx/arm-elf-linux64/embedded-runtimes/install/arm-eabi/lib/gnat/embedded-stm32f469disco/gnat/s-gearop.adb:1066:4\n20 bytes (static)\n0 dynamic objects" }
node: { title: "/home/runner/work/GNAT-FSF-builds/GNAT-FSF-builds/sbx/arm-elf-linux64/embedded-runtimes/install/arm-eabi/lib/gnat/embedded-stm32f469disco/gnat/a-nllrar.ads:ada__numerics__long_long_real_arrays__sort_eigensystem__swap.15" label: "Swap\n/home/runner/work/GNAT-FSF-builds/GNAT-FSF-builds/sbx/arm-elf-linux64/embedded-runtimes/install/arm-eabi/lib/gnat/embedded-stm32f469disco/gnat/a-ngrear.adb:748:7\n12 bytes (static)\n0 dynamic objects" }
edge: { sourcename: "/home/runner/work/GNAT-FSF-builds/GNAT-FSF-builds/sbx/arm-elf-linux64/embedded-runtimes/install/arm-eabi/lib/gnat/embedded-stm32f469disco/gnat/a-nllrar.ads:ada__numerics__long_long_real_arrays__sort_eigensystem__swap.15" targetname: "ada__numerics__long_long_real_arrays__swap_column" label: "/home/runner/work/GNAT-FSF-builds/GNAT-FSF-builds/sbx/arm-elf-linux64/embedded-runtimes/install/arm-eabi/lib/gnat/embedded-stm32f469disco/gnat/a-ngrear.adb:751:10" }
node: { title: "/home/runner/work/GNAT-FSF-builds/GNAT-FSF-builds/sbx/arm-elf-linux64/embedded-runtimes/install/arm-eabi/lib/gnat/embedded-stm32f469disco/gnat/a-nllrar.ads:ada__numerics__long_long_real_arrays__sort_eigensystem__sort__sort__sift.16" label: "Sift\n/home/runner/work/GNAT-FSF-builds/GNAT-FSF-builds/sbx/arm-elf-linux64/embedded-runtimes/install/arm-eabi/lib/gnat/embedded-stm32f469disco/gnat/a-cogeso.adb:80:4\n64 bytes (static)\n0 dynamic objects" }
edge: { sourcename: "/home/runner/work/GNAT-FSF-builds/GNAT-FSF-builds/sbx/arm-elf-linux64/embedded-runtimes/install/arm-eabi/lib/gnat/embedded-stm32f469disco/gnat/a-nllrar.ads:ada__numerics__long_long_real_arrays__sort_eigensystem__sort__sort__sift.16" targetname: "__aeabi_dcmpgt" }
edge: { sourcename: "/home/runner/work/GNAT-FSF-builds/GNAT-FSF-builds/sbx/arm-elf-linux64/embedded-runtimes/install/arm-eabi/lib/gnat/embedded-stm32f469disco/gnat/a-nllrar.ads:ada__numerics__long_long_real_arrays__sort_eigensystem__sort__sort__sift.16" targetname: "/home/runner/work/GNAT-FSF-builds/GNAT-FSF-builds/sbx/arm-elf-linux64/embedded-runtimes/install/arm-eabi/lib/gnat/embedded-stm32f469disco/gnat/a-nllrar.ads:ada__numerics__long_long_real_arrays__sort_eigensystem__swap.15" label: "/home/runner/work/GNAT-FSF-builds/GNAT-FSF-builds/sbx/arm-elf-linux64/embedded-runtimes/install/arm-eabi/lib/gnat/embedded-stm32f469disco/gnat/a-cogeso.adb:71:7" }
edge: { sourcename: "/home/runner/work/GNAT-FSF-builds/GNAT-FSF-builds/sbx/arm-elf-linux64/embedded-runtimes/install/arm-eabi/lib/gnat/embedded-stm32f469disco/gnat/a-nllrar.ads:ada__numerics__long_long_real_arrays__sort_eigensystem__sort__sort__sift.16" targetname: "__aeabi_dcmpgt" }
edge: { sourcename: "/home/runner/work/GNAT-FSF-builds/GNAT-FSF-builds/sbx/arm-elf-linux64/embedded-runtimes/install/arm-eabi/lib/gnat/embedded-stm32f469disco/gnat/a-nllrar.ads:ada__numerics__long_long_real_arrays__sort_eigensystem__sort__sort__sift.16" targetname: "/home/runner/work/GNAT-FSF-builds/GNAT-FSF-builds/sbx/arm-elf-linux64/embedded-runtimes/install/arm-eabi/lib/gnat/embedded-stm32f469disco/gnat/a-nllrar.ads:ada__numerics__long_long_real_arrays__sort_eigensystem__swap.15" label: "/home/runner/work/GNAT-FSF-builds/GNAT-FSF-builds/sbx/arm-elf-linux64/embedded-runtimes/install/arm-eabi/lib/gnat/embedded-stm32f469disco/gnat/a-cogeso.adb:71:7" }
node: { title: "ada__numerics__long_long_real_arrays__transpose__2" label: "Transpose\n/home/runner/work/GNAT-FSF-builds/GNAT-FSF-builds/sbx/arm-elf-linux64/embedded-runtimes/install/arm-eabi/lib/gnat/embedded-stm32f469disco/gnat/s-gearop.adb:1080:4\n48 bytes (static)\n0 dynamic objects" }
node: { title: "ada__numerics__long_long_real_arrays__length" label: "Length\n/home/runner/work/GNAT-FSF-builds/GNAT-FSF-builds/sbx/arm-elf-linux64/embedded-runtimes/install/arm-eabi/lib/gnat/embedded-stm32f469disco/gnat/s-gearop.adb:93:4\n8 bytes (static)\n0 dynamic objects" }
node: { title: "__gnat_raise_exception" label: "Raise_Exception_Always\n/home/runner/work/GNAT-FSF-builds/GNAT-FSF-builds/sbx/arm-elf-linux64/embedded-runtimes/install/arm-eabi/lib/gnat/embedded-stm32f469disco/gnat/a-except.ads:178:14" shape : ellipse }
edge: { sourcename: "ada__numerics__long_long_real_arrays__length" targetname: "__gnat_raise_exception" label: "/home/runner/work/GNAT-FSF-builds/GNAT-FSF-builds/sbx/arm-elf-linux64/embedded-runtimes/install/arm-eabi/lib/gnat/embedded-stm32f469disco/gnat/s-gearop.adb:96:10" }
node: { title: "ada__numerics__long_long_real_arrays__sqrt" label: "Sqrt\n/home/runner/work/GNAT-FSF-builds/GNAT-FSF-builds/sbx/arm-elf-linux64/embedded-runtimes/install/arm-eabi/lib/gnat/embedded-stm32f469disco/gnat/s-gearop.adb:752:4\n48 bytes (static)\n0 dynamic objects" }
node: { title: "__aeabi_dcmpun" label: "aeabi_dcmpun\n<built-in>" shape : ellipse }
edge: { sourcename: "ada__numerics__long_long_real_arrays__sqrt" targetname: "__aeabi_dcmpun" }
node: { title: "__aeabi_dcmple" label: "aeabi_dcmple\n<built-in>" shape : ellipse }
edge: { sourcename: "ada__numerics__long_long_real_arrays__sqrt" targetname: "__aeabi_dcmple" }
edge: { sourcename: "ada__numerics__long_long_real_arrays__sqrt" targetname: "__aeabi_dcmpeq" }
edge: { sourcename: "ada__numerics__long_long_real_arrays__sqrt" targetname: "__gnat_raise_exception" label: "/home/runner/work/GNAT-FSF-builds/GNAT-FSF-builds/sbx/arm-elf-linux64/embedded-runtimes/install/arm-eabi/lib/gnat/embedded-stm32f469disco/gnat/s-gearop.adb:764:13" }
edge: { sourcename: "ada__numerics__long_long_real_arrays__sqrt" targetname: "__aeabi_dcmpgt" }
node: { title: "system__fat_llf__attr_long_long_float__decompose" label: "Decompose\n/home/runner/work/GNAT-FSF-builds/GNAT-FSF-builds/sbx/arm-elf-linux64/embedded-runtimes/install/arm-eabi/lib/gnat/embedded-stm32f469disco/gnat/s-fatgen.adb:150:14" shape : ellipse }
edge: { sourcename: "ada__numerics__long_long_real_arrays__sqrt" targetname: "system__fat_llf__attr_long_long_float__decompose" label: "/home/runner/work/GNAT-FSF-builds/GNAT-FSF-builds/sbx/arm-elf-linux64/embedded-runtimes/install/arm-eabi/lib/gnat/embedded-stm32f469disco/gnat/s-fatgen.adb:288:7" }
node: { title: "system__exn_llf__exn_long_long_float" label: "Exn_Long_Long_Float\n/home/runner/work/GNAT-FSF-builds/GNAT-FSF-builds/sbx/arm-elf-linux64/embedded-runtimes/install/arm-eabi/lib/gnat/embedded-stm32f469disco/gnat/s-exnllf.ads:38:13" shape : ellipse }
edge: { sourcename: "ada__numerics__long_long_real_arrays__sqrt" targetname: "system__exn_llf__exn_long_long_float" label: "/home/runner/work/GNAT-FSF-builds/GNAT-FSF-builds/sbx/arm-elf-linux64/embedded-runtimes/install/arm-eabi/lib/gnat/embedded-stm32f469disco/gnat/s-gearop.adb:787:46" }
edge: { sourcename: "ada__numerics__long_long_real_arrays__sqrt" targetname: "__aeabi_ddiv" }
node: { title: "__aeabi_dadd" label: "aeabi_dadd\n<built-in>" shape : ellipse }
edge: { sourcename: "ada__numerics__long_long_real_arrays__sqrt" targetname: "__aeabi_dadd" }
edge: { sourcename: "ada__numerics__long_long_real_arrays__sqrt" targetname: "__aeabi_dmul" }
edge: { sourcename: "ada__numerics__long_long_real_arrays__sqrt" targetname: "__aeabi_dcmpeq" }
node: { title: "ada__numerics__long_long_real_arrays__instantiations__OaddXnn" label: "+Xnn\n/home/runner/work/GNAT-FSF-builds/GNAT-FSF-builds/sbx/arm-elf-linux64/embedded-runtimes/install/arm-eabi/lib/gnat/embedded-stm32f469disco/gnat/s-gearop.adb:510:4\n24 bytes (static)\n0 dynamic objects" }
edge: { sourcename: "ada__numerics__long_long_real_arrays__instantiations__OaddXnn" targetname: "system__secondary_stack__ss_allocate" label: "/home/runner/work/GNAT-FSF-builds/GNAT-FSF-builds/sbx/arm-elf-linux64/embedded-runtimes/install/arm-eabi/lib/gnat/embedded-stm32f469disco/gnat/s-gearop.adb:512:7" }
edge: { sourcename: "ada__numerics__long_long_real_arrays__instantiations__OaddXnn" targetname: "system__secondary_stack__ss_allocate" label: "/home/runner/work/GNAT-FSF-builds/GNAT-FSF-builds/sbx/arm-elf-linux64/embedded-runtimes/install/arm-eabi/lib/gnat/embedded-stm32f469disco/gnat/s-gearop.adb:512:7" }
node: { title: "ada__numerics__long_long_real_arrays__instantiations__Oadd__2Xnn" label: "2xnn\n/home/runner/work/GNAT-FSF-builds/GNAT-FSF-builds/sbx/arm-elf-linux64/embedded-runtimes/install/arm-eabi/lib/gnat/embedded-stm32f469disco/gnat/s-gearop.adb:481:4\n40 bytes (static)\n0 dynamic objects" }
edge: { sourcename: "ada__numerics__long_long_real_arrays__instantiations__Oadd__2Xnn" targetname: "system__secondary_stack__ss_allocate" label: "/home/runner/work/GNAT-FSF-builds/GNAT-FSF-builds/sbx/arm-elf-linux64/embedded-runtimes/install/arm-eabi/lib/gnat/embedded-stm32f469disco/gnat/s-gearop.adb:483:7" }
edge: { sourcename: "ada__numerics__long_long_real_arrays__instantiations__Oadd__2Xnn" targetname: "system__secondary_stack__ss_allocate" label: "/home/runner/work/GNAT-FSF-builds/GNAT-FSF-builds/sbx/arm-elf-linux64/embedded-runtimes/install/arm-eabi/lib/gnat/embedded-stm32f469disco/gnat/s-gearop.adb:483:7" }
node: { title: "ada__numerics__long_long_real_arrays__instantiations__Oadd__3Xnn" label: "3xnn\n/home/runner/work/GNAT-FSF-builds/GNAT-FSF-builds/sbx/arm-elf-linux64/embedded-runtimes/install/arm-eabi/lib/gnat/embedded-stm32f469disco/gnat/s-gearop.adb:614:4\n48 bytes (static)\n0 dynamic objects" }
edge: { sourcename: "ada__numerics__long_long_real_arrays__instantiations__Oadd__3Xnn" targetname: "system__secondary_stack__ss_allocate" label: "/home/runner/work/GNAT-FSF-builds/GNAT-FSF-builds/sbx/arm-elf-linux64/embedded-runtimes/install/arm-eabi/lib/gnat/embedded-stm32f469disco/gnat/s-gearop.adb:619:7" }
edge: { sourcename: "ada__numerics__long_long_real_arrays__instantiations__Oadd__3Xnn" targetname: "__gnat_raise_exception" label: "/home/runner/work/GNAT-FSF-builds/GNAT-FSF-builds/sbx/arm-elf-linux64/embedded-runtimes/install/arm-eabi/lib/gnat/embedded-stm32f469disco/gnat/s-gearop.adb:621:13" }
edge: { sourcename: "ada__numerics__long_long_real_arrays__instantiations__Oadd__3Xnn" targetname: "__aeabi_dadd" }
node: { title: "ada__numerics__long_long_real_arrays__instantiations__Oadd__4Xnn" label: "4xnn\n/home/runner/work/GNAT-FSF-builds/GNAT-FSF-builds/sbx/arm-elf-linux64/embedded-runtimes/install/arm-eabi/lib/gnat/embedded-stm32f469disco/gnat/s-gearop.adb:523:4\n80 bytes (static)\n0 dynamic objects" }
edge: { sourcename: "ada__numerics__long_long_real_arrays__instantiations__Oadd__4Xnn" targetname: "system__secondary_stack__ss_allocate" label: "/home/runner/work/GNAT-FSF-builds/GNAT-FSF-builds/sbx/arm-elf-linux64/embedded-runtimes/install/arm-eabi/lib/gnat/embedded-stm32f469disco/gnat/s-gearop.adb:528:7" }
edge: { sourcename: "ada__numerics__long_long_real_arrays__instantiations__Oadd__4Xnn" targetname: "__gnat_raise_exception" label: "/home/runner/work/GNAT-FSF-builds/GNAT-FSF-builds/sbx/arm-elf-linux64/embedded-runtimes/install/arm-eabi/lib/gnat/embedded-stm32f469disco/gnat/s-gearop.adb:535:13" }
edge: { sourcename: "ada__numerics__long_long_real_arrays__instantiations__Oadd__4Xnn" targetname: "__aeabi_dadd" }
node: { title: "ada__numerics__long_long_real_arrays__instantiations__OsubtractXnn" label: "-Xnn\n/home/runner/work/GNAT-FSF-builds/GNAT-FSF-builds/sbx/arm-elf-linux64/embedded-runtimes/install/arm-eabi/lib/gnat/embedded-stm32f469disco/gnat/s-gearop.adb:510:4\n24 bytes (static)\n0 dynamic objects" }
edge: { sourcename: "ada__numerics__long_long_real_arrays__instantiations__OsubtractXnn" targetname: "system__secondary_stack__ss_allocate" label: "/home/runner/work/GNAT-FSF-builds/GNAT-FSF-builds/sbx/arm-elf-linux64/embedded-runtimes/install/arm-eabi/lib/gnat/embedded-stm32f469disco/gnat/s-gearop.adb:512:7" }
edge: { sourcename: "ada__numerics__long_long_real_arrays__instantiations__OsubtractXnn" targetname: "system__secondary_stack__ss_allocate" label: "/home/runner/work/GNAT-FSF-builds/GNAT-FSF-builds/sbx/arm-elf-linux64/embedded-runtimes/install/arm-eabi/lib/gnat/embedded-stm32f469disco/gnat/s-gearop.adb:512:7" }
node: { title: "ada__numerics__long_long_real_arrays__instantiations__Osubtract__2Xnn" label: "2xnn\n/home/runner/work/GNAT-FSF-builds/GNAT-FSF-builds/sbx/arm-elf-linux64/embedded-runtimes/install/arm-eabi/lib/gnat/embedded-stm32f469disco/gnat/s-gearop.adb:481:4\n64 bytes (static)\n0 dynamic objects" }
edge: { sourcename: "ada__numerics__long_long_real_arrays__instantiations__Osubtract__2Xnn" targetname: "system__secondary_stack__ss_allocate" label: "/home/runner/work/GNAT-FSF-builds/GNAT-FSF-builds/sbx/arm-elf-linux64/embedded-runtimes/install/arm-eabi/lib/gnat/embedded-stm32f469disco/gnat/s-gearop.adb:483:7" }
edge: { sourcename: "ada__numerics__long_long_real_arrays__instantiations__Osubtract__2Xnn" targetname: "system__secondary_stack__ss_allocate" label: "/home/runner/work/GNAT-FSF-builds/GNAT-FSF-builds/sbx/arm-elf-linux64/embedded-runtimes/install/arm-eabi/lib/gnat/embedded-stm32f469disco/gnat/s-gearop.adb:483:7" }
node: { title: "ada__numerics__long_long_real_arrays__instantiations__Osubtract__3Xnn" label: "3xnn\n/home/runner/work/GNAT-FSF-builds/GNAT-FSF-builds/sbx/arm-elf-linux64/embedded-runtimes/install/arm-eabi/lib/gnat/embedded-stm32f469disco/gnat/s-gearop.adb:614:4\n48 bytes (static)\n0 dynamic objects" }
edge: { sourcename: "ada__numerics__long_long_real_arrays__instantiations__Osubtract__3Xnn" targetname: "system__secondary_stack__ss_allocate" label: "/home/runner/work/GNAT-FSF-builds/GNAT-FSF-builds/sbx/arm-elf-linux64/embedded-runtimes/install/arm-eabi/lib/gnat/embedded-stm32f469disco/gnat/s-gearop.adb:619:7" }
edge: { sourcename: "ada__numerics__long_long_real_arrays__instantiations__Osubtract__3Xnn" targetname: "__gnat_raise_exception" label: "/home/runner/work/GNAT-FSF-builds/GNAT-FSF-builds/sbx/arm-elf-linux64/embedded-runtimes/install/arm-eabi/lib/gnat/embedded-stm32f469disco/gnat/s-gearop.adb:621:13" }
edge: { sourcename: "ada__numerics__long_long_real_arrays__instantiations__Osubtract__3Xnn" targetname: "__aeabi_dsub" }
node: { title: "ada__numerics__long_long_real_arrays__instantiations__Osubtract__4Xnn" label: "4xnn\n/home/runner/work/GNAT-FSF-builds/GNAT-FSF-builds/sbx/arm-elf-linux64/embedded-runtimes/install/arm-eabi/lib/gnat/embedded-stm32f469disco/gnat/s-gearop.adb:523:4\n80 bytes (static)\n0 dynamic objects" }
edge: { sourcename: "ada__numerics__long_long_real_arrays__instantiations__Osubtract__4Xnn" targetname: "system__secondary_stack__ss_allocate" label: "/home/runner/work/GNAT-FSF-builds/GNAT-FSF-builds/sbx/arm-elf-linux64/embedded-runtimes/install/arm-eabi/lib/gnat/embedded-stm32f469disco/gnat/s-gearop.adb:528:7" }
edge: { sourcename: "ada__numerics__long_long_real_arrays__instantiations__Osubtract__4Xnn" targetname: "__gnat_raise_exception" label: "/home/runner/work/GNAT-FSF-builds/GNAT-FSF-builds/sbx/arm-elf-linux64/embedded-runtimes/install/arm-eabi/lib/gnat/embedded-stm32f469disco/gnat/s-gearop.adb:535:13" }
edge: { sourcename: "ada__numerics__long_long_real_arrays__instantiations__Osubtract__4Xnn" targetname: "__aeabi_dsub" }
node: { title: "ada__numerics__long_long_real_arrays__instantiations__OmultiplyXnn" label: "*Xnn\n/home/runner/work/GNAT-FSF-builds/GNAT-FSF-builds/sbx/arm-elf-linux64/embedded-runtimes/install/arm-eabi/lib/gnat/embedded-stm32f469disco/gnat/s-gearop.adb:736:4\n48 bytes (static)\n0 dynamic objects" }
edge: { sourcename: "ada__numerics__long_long_real_arrays__instantiations__OmultiplyXnn" targetname: "system__secondary_stack__ss_allocate" label: "/home/runner/work/GNAT-FSF-builds/GNAT-FSF-builds/sbx/arm-elf-linux64/embedded-runtimes/install/arm-eabi/lib/gnat/embedded-stm32f469disco/gnat/s-gearop.adb:741:7" }
edge: { sourcename: "ada__numerics__long_long_real_arrays__instantiations__OmultiplyXnn" targetname: "system__secondary_stack__ss_allocate" label: "/home/runner/work/GNAT-FSF-builds/GNAT-FSF-builds/sbx/arm-elf-linux64/embedded-runtimes/install/arm-eabi/lib/gnat/embedded-stm32f469disco/gnat/s-gearop.adb:741:7" }
edge: { sourcename: "ada__numerics__long_long_real_arrays__instantiations__OmultiplyXnn" targetname: "__aeabi_dmul" }
node: { title: "ada__numerics__long_long_real_arrays__instantiations__Omultiply__2Xnn" label: "2xnn\n/home/runner/work/GNAT-FSF-builds/GNAT-FSF-builds/sbx/arm-elf-linux64/embedded-runtimes/install/arm-eabi/lib/gnat/embedded-stm32f469disco/gnat/s-gearop.adb:704:4\n80 bytes (static)\n0 dynamic objects" }
edge: { sourcename: "ada__numerics__long_long_real_arrays__instantiations__Omultiply__2Xnn" targetname: "system__secondary_stack__ss_allocate" label: "/home/runner/work/GNAT-FSF-builds/GNAT-FSF-builds/sbx/arm-elf-linux64/embedded-runtimes/install/arm-eabi/lib/gnat/embedded-stm32f469disco/gnat/s-gearop.adb:709:7" }
edge: { sourcename: "ada__numerics__long_long_real_arrays__instantiations__Omultiply__2Xnn" targetname: "__aeabi_dmul" }
edge: { sourcename: "ada__numerics__long_long_real_arrays__instantiations__Omultiply__2Xnn" targetname: "system__secondary_stack__ss_allocate" label: "/home/runner/work/GNAT-FSF-builds/GNAT-FSF-builds/sbx/arm-elf-linux64/embedded-runtimes/install/arm-eabi/lib/gnat/embedded-stm32f469disco/gnat/s-gearop.adb:709:7" }
node: { title: "ada__numerics__long_long_real_arrays__instantiations__Omultiply__3Xnn" label: "3xnn\n/home/runner/work/GNAT-FSF-builds/GNAT-FSF-builds/sbx/arm-elf-linux64/embedded-runtimes/install/arm-eabi/lib/gnat/embedded-stm32f469disco/gnat/s-gearop.adb:688:4\n48 bytes (static)\n0 dynamic objects" }
edge: { sourcename: "ada__numerics__long_long_real_arrays__instantiations__Omultiply__3Xnn" targetname: "system__secondary_stack__ss_allocate" label: "/home/runner/work/GNAT-FSF-builds/GNAT-FSF-builds/sbx/arm-elf-linux64/embedded-runtimes/install/arm-eabi/lib/gnat/embedded-stm32f469disco/gnat/s-gearop.adb:693:7" }
edge: { sourcename: "ada__numerics__long_long_real_arrays__instantiations__Omultiply__3Xnn" targetname: "system__secondary_stack__ss_allocate" label: "/home/runner/work/GNAT-FSF-builds/GNAT-FSF-builds/sbx/arm-elf-linux64/embedded-runtimes/install/arm-eabi/lib/gnat/embedded-stm32f469disco/gnat/s-gearop.adb:693:7" }
edge: { sourcename: "ada__numerics__long_long_real_arrays__instantiations__Omultiply__3Xnn" targetname: "__aeabi_dmul" }
node: { title: "ada__numerics__long_long_real_arrays__instantiations__Omultiply__4Xnn" label: "4xnn\n/home/runner/work/GNAT-FSF-builds/GNAT-FSF-builds/sbx/arm-elf-linux64/embedded-runtimes/install/arm-eabi/lib/gnat/embedded-stm32f469disco/gnat/s-gearop.adb:656:4\n80 bytes (static)\n0 dynamic objects" }
edge: { sourcename: "ada__numerics__long_long_real_arrays__instantiations__Omultiply__4Xnn" targetname: "system__secondary_stack__ss_allocate" label: "/home/runner/work/GNAT-FSF-builds/GNAT-FSF-builds/sbx/arm-elf-linux64/embedded-runtimes/install/arm-eabi/lib/gnat/embedded-stm32f469disco/gnat/s-gearop.adb:661:7" }
edge: { sourcename: "ada__numerics__long_long_real_arrays__instantiations__Omultiply__4Xnn" targetname: "__aeabi_dmul" }
edge: { sourcename: "ada__numerics__long_long_real_arrays__instantiations__Omultiply__4Xnn" targetname: "system__secondary_stack__ss_allocate" label: "/home/runner/work/GNAT-FSF-builds/GNAT-FSF-builds/sbx/arm-elf-linux64/embedded-runtimes/install/arm-eabi/lib/gnat/embedded-stm32f469disco/gnat/s-gearop.adb:661:7" }
node: { title: "ada__numerics__long_long_real_arrays__instantiations__Omultiply__5Xnn" label: "5xnn\n/home/runner/work/GNAT-FSF-builds/GNAT-FSF-builds/sbx/arm-elf-linux64/embedded-runtimes/install/arm-eabi/lib/gnat/embedded-stm32f469disco/gnat/s-gearop.adb:1034:4\n80 bytes (static)\n0 dynamic objects" }
edge: { sourcename: "ada__numerics__long_long_real_arrays__instantiations__Omultiply__5Xnn" targetname: "system__secondary_stack__ss_allocate" label: "/home/runner/work/GNAT-FSF-builds/GNAT-FSF-builds/sbx/arm-elf-linux64/embedded-runtimes/install/arm-eabi/lib/gnat/embedded-stm32f469disco/gnat/s-gearop.adb:1039:7" }
edge: { sourcename: "ada__numerics__long_long_real_arrays__instantiations__Omultiply__5Xnn" targetname: "__aeabi_dmul" }
edge: { sourcename: "ada__numerics__long_long_real_arrays__instantiations__Omultiply__5Xnn" targetname: "system__secondary_stack__ss_allocate" label: "/home/runner/work/GNAT-FSF-builds/GNAT-FSF-builds/sbx/arm-elf-linux64/embedded-runtimes/install/arm-eabi/lib/gnat/embedded-stm32f469disco/gnat/s-gearop.adb:1039:7" }
node: { title: "ada__numerics__long_long_real_arrays__instantiations__Omultiply__6Xnn" label: "6xnn\n/home/runner/work/GNAT-FSF-builds/GNAT-FSF-builds/sbx/arm-elf-linux64/embedded-runtimes/install/arm-eabi/lib/gnat/embedded-stm32f469disco/gnat/s-gearop.adb:439:4\n32 bytes (static)\n0 dynamic objects" }
edge: { sourcename: "ada__numerics__long_long_real_arrays__instantiations__Omultiply__6Xnn" targetname: "__gnat_raise_exception" label: "/home/runner/work/GNAT-FSF-builds/GNAT-FSF-builds/sbx/arm-elf-linux64/embedded-runtimes/install/arm-eabi/lib/gnat/embedded-stm32f469disco/gnat/s-gearop.adb:447:10" }
edge: { sourcename: "ada__numerics__long_long_real_arrays__instantiations__Omultiply__6Xnn" targetname: "__aeabi_dmul" }
edge: { sourcename: "ada__numerics__long_long_real_arrays__instantiations__Omultiply__6Xnn" targetname: "__aeabi_dadd" }
node: { title: "ada__numerics__long_long_real_arrays__instantiations__Omultiply__7Xnn" label: "7xnn\n/home/runner/work/GNAT-FSF-builds/GNAT-FSF-builds/sbx/arm-elf-linux64/embedded-runtimes/install/arm-eabi/lib/gnat/embedded-stm32f469disco/gnat/s-gearop.adb:1003:4\n80 bytes (static)\n0 dynamic objects" }
edge: { sourcename: "ada__numerics__long_long_real_arrays__instantiations__Omultiply__7Xnn" targetname: "system__secondary_stack__ss_allocate" label: "/home/runner/work/GNAT-FSF-builds/GNAT-FSF-builds/sbx/arm-elf-linux64/embedded-runtimes/install/arm-eabi/lib/gnat/embedded-stm32f469disco/gnat/s-gearop.adb:1008:7" }
edge: { sourcename: "ada__numerics__long_long_real_arrays__instantiations__Omultiply__7Xnn" targetname: "__gnat_raise_exception" label: "/home/runner/work/GNAT-FSF-builds/GNAT-FSF-builds/sbx/arm-elf-linux64/embedded-runtimes/install/arm-eabi/lib/gnat/embedded-stm32f469disco/gnat/s-gearop.adb:1010:13" }
edge: { sourcename: "ada__numerics__long_long_real_arrays__instantiations__Omultiply__7Xnn" targetname: "__aeabi_dmul" }
edge: { sourcename: "ada__numerics__long_long_real_arrays__instantiations__Omultiply__7Xnn" targetname: "__aeabi_dadd" }
node: { title: "ada__numerics__long_long_real_arrays__instantiations__Omultiply__8Xnn" label: "8xnn\n/home/runner/work/GNAT-FSF-builds/GNAT-FSF-builds/sbx/arm-elf-linux64/embedded-runtimes/install/arm-eabi/lib/gnat/embedded-stm32f469disco/gnat/s-gearop.adb:1179:4\n80 bytes (static)\n0 dynamic objects" }
edge: { sourcename: "ada__numerics__long_long_real_arrays__instantiations__Omultiply__8Xnn" targetname: "system__secondary_stack__ss_allocate" label: "/home/runner/work/GNAT-FSF-builds/GNAT-FSF-builds/sbx/arm-elf-linux64/embedded-runtimes/install/arm-eabi/lib/gnat/embedded-stm32f469disco/gnat/s-gearop.adb:1184:7" }
edge: { sourcename: "ada__numerics__long_long_real_arrays__instantiations__Omultiply__8Xnn" targetname: "__gnat_raise_exception" label: "/home/runner/work/GNAT-FSF-builds/GNAT-FSF-builds/sbx/arm-elf-linux64/embedded-runtimes/install/arm-eabi/lib/gnat/embedded-stm32f469disco/gnat/s-gearop.adb:1186:13" }
edge: { sourcename: "ada__numerics__long_long_real_arrays__instantiations__Omultiply__8Xnn" targetname: "__aeabi_dmul" }
edge: { sourcename: "ada__numerics__long_long_real_arrays__instantiations__Omultiply__8Xnn" targetname: "__aeabi_dadd" }
node: { title: "ada__numerics__long_long_real_arrays__instantiations__Omultiply__9Xnn" label: "9xnn\n/home/runner/work/GNAT-FSF-builds/GNAT-FSF-builds/sbx/arm-elf-linux64/embedded-runtimes/install/arm-eabi/lib/gnat/embedded-stm32f469disco/gnat/s-gearop.adb:810:4\n112 bytes (static)\n0 dynamic objects" }
edge: { sourcename: "ada__numerics__long_long_real_arrays__instantiations__Omultiply__9Xnn" targetname: "system__secondary_stack__ss_allocate" label: "/home/runner/work/GNAT-FSF-builds/GNAT-FSF-builds/sbx/arm-elf-linux64/embedded-runtimes/install/arm-eabi/lib/gnat/embedded-stm32f469disco/gnat/s-gearop.adb:815:7" }
edge: { sourcename: "ada__numerics__long_long_real_arrays__instantiations__Omultiply__9Xnn" targetname: "__gnat_raise_exception" label: "/home/runner/work/GNAT-FSF-builds/GNAT-FSF-builds/sbx/arm-elf-linux64/embedded-runtimes/install/arm-eabi/lib/gnat/embedded-stm32f469disco/gnat/s-gearop.adb:819:13" }
edge: { sourcename: "ada__numerics__long_long_real_arrays__instantiations__Omultiply__9Xnn" targetname: "__aeabi_dmul" }
edge: { sourcename: "ada__numerics__long_long_real_arrays__instantiations__Omultiply__9Xnn" targetname: "__aeabi_dadd" }
node: { title: "ada__numerics__long_long_real_arrays__instantiations__OdivideXnn" label: "/Xnn\n/home/runner/work/GNAT-FSF-builds/GNAT-FSF-builds/sbx/arm-elf-linux64/embedded-runtimes/install/arm-eabi/lib/gnat/embedded-stm32f469disco/gnat/s-gearop.adb:688:4\n48 bytes (static)\n0 dynamic objects" }
edge: { sourcename: "ada__numerics__long_long_real_arrays__instantiations__OdivideXnn" targetname: "system__secondary_stack__ss_allocate" label: "/home/runner/work/GNAT-FSF-builds/GNAT-FSF-builds/sbx/arm-elf-linux64/embedded-runtimes/install/arm-eabi/lib/gnat/embedded-stm32f469disco/gnat/s-gearop.adb:693:7" }
edge: { sourcename: "ada__numerics__long_long_real_arrays__instantiations__OdivideXnn" targetname: "system__secondary_stack__ss_allocate" label: "/home/runner/work/GNAT-FSF-builds/GNAT-FSF-builds/sbx/arm-elf-linux64/embedded-runtimes/install/arm-eabi/lib/gnat/embedded-stm32f469disco/gnat/s-gearop.adb:693:7" }
edge: { sourcename: "ada__numerics__long_long_real_arrays__instantiations__OdivideXnn" targetname: "__aeabi_ddiv" }
node: { title: "ada__numerics__long_long_real_arrays__instantiations__Odivide__2Xnn" label: "2xnn\n/home/runner/work/GNAT-FSF-builds/GNAT-FSF-builds/sbx/arm-elf-linux64/embedded-runtimes/install/arm-eabi/lib/gnat/embedded-stm32f469disco/gnat/s-gearop.adb:656:4\n80 bytes (static)\n0 dynamic objects" }
edge: { sourcename: "ada__numerics__long_long_real_arrays__instantiations__Odivide__2Xnn" targetname: "system__secondary_stack__ss_allocate" label: "/home/runner/work/GNAT-FSF-builds/GNAT-FSF-builds/sbx/arm-elf-linux64/embedded-runtimes/install/arm-eabi/lib/gnat/embedded-stm32f469disco/gnat/s-gearop.adb:661:7" }
edge: { sourcename: "ada__numerics__long_long_real_arrays__instantiations__Odivide__2Xnn" targetname: "__aeabi_ddiv" }
edge: { sourcename: "ada__numerics__long_long_real_arrays__instantiations__Odivide__2Xnn" targetname: "system__secondary_stack__ss_allocate" label: "/home/runner/work/GNAT-FSF-builds/GNAT-FSF-builds/sbx/arm-elf-linux64/embedded-runtimes/install/arm-eabi/lib/gnat/embedded-stm32f469disco/gnat/s-gearop.adb:661:7" }
node: { title: "ada__numerics__long_long_real_arrays__instantiations__OabsXnn" label: "AbsXnn\n/home/runner/work/GNAT-FSF-builds/GNAT-FSF-builds/sbx/arm-elf-linux64/embedded-runtimes/install/arm-eabi/lib/gnat/embedded-stm32f469disco/gnat/s-gearop.adb:462:4\n24 bytes (static)\n0 dynamic objects" }
edge: { sourcename: "ada__numerics__long_long_real_arrays__instantiations__OabsXnn" targetname: "__aeabi_dmul" }
edge: { sourcename: "ada__numerics__long_long_real_arrays__instantiations__OabsXnn" targetname: "__aeabi_dadd" }
edge: { sourcename: "ada__numerics__long_long_real_arrays__instantiations__OabsXnn" targetname: "ada__numerics__long_long_real_arrays__sqrt" label: "/home/runner/work/GNAT-FSF-builds/GNAT-FSF-builds/sbx/arm-elf-linux64/embedded-runtimes/install/arm-eabi/lib/gnat/embedded-stm32f469disco/gnat/s-gearop.adb:474:14" }
node: { title: "ada__numerics__long_long_real_arrays__instantiations__Oabs__2Xnn" label: "2xnn\n/home/runner/work/GNAT-FSF-builds/GNAT-FSF-builds/sbx/arm-elf-linux64/embedded-runtimes/install/arm-eabi/lib/gnat/embedded-stm32f469disco/gnat/s-gearop.adb:510:4\n24 bytes (static)\n0 dynamic objects" }
edge: { sourcename: "ada__numerics__long_long_real_arrays__instantiations__Oabs__2Xnn" targetname: "system__secondary_stack__ss_allocate" label: "/home/runner/work/GNAT-FSF-builds/GNAT-FSF-builds/sbx/arm-elf-linux64/embedded-runtimes/install/arm-eabi/lib/gnat/embedded-stm32f469disco/gnat/s-gearop.adb:512:7" }
edge: { sourcename: "ada__numerics__long_long_real_arrays__instantiations__Oabs__2Xnn" targetname: "system__secondary_stack__ss_allocate" label: "/home/runner/work/GNAT-FSF-builds/GNAT-FSF-builds/sbx/arm-elf-linux64/embedded-runtimes/install/arm-eabi/lib/gnat/embedded-stm32f469disco/gnat/s-gearop.adb:512:7" }
node: { title: "ada__numerics__long_long_real_arrays__instantiations__Oabs__3Xnn" label: "3xnn\n/home/runner/work/GNAT-FSF-builds/GNAT-FSF-builds/sbx/arm-elf-linux64/embedded-runtimes/install/arm-eabi/lib/gnat/embedded-stm32f469disco/gnat/s-gearop.adb:481:4\n64 bytes (static)\n0 dynamic objects" }
edge: { sourcename: "ada__numerics__long_long_real_arrays__instantiations__Oabs__3Xnn" targetname: "system__secondary_stack__ss_allocate" label: "/home/runner/work/GNAT-FSF-builds/GNAT-FSF-builds/sbx/arm-elf-linux64/embedded-runtimes/install/arm-eabi/lib/gnat/embedded-stm32f469disco/gnat/s-gearop.adb:483:7" }
edge: { sourcename: "ada__numerics__long_long_real_arrays__instantiations__Oabs__3Xnn" targetname: "system__secondary_stack__ss_allocate" label: "/home/runner/work/GNAT-FSF-builds/GNAT-FSF-builds/sbx/arm-elf-linux64/embedded-runtimes/install/arm-eabi/lib/gnat/embedded-stm32f469disco/gnat/s-gearop.adb:483:7" }
node: { title: "ada__numerics__long_long_real_arrays__instantiations__solveXnn" label: "Solvexnn\n/home/runner/work/GNAT-FSF-builds/GNAT-FSF-builds/sbx/arm-elf-linux64/embedded-runtimes/install/arm-eabi/lib/gnat/embedded-stm32f469disco/gnat/s-gearop.adb:858:4\n168 bytes (dynamic)\n2 dynamic objects\n Ma /home/runner/work/GNAT-FSF-builds/GNAT-FSF-builds/sbx/arm-elf-linux64/embedded-runtimes/install/arm-eabi/lib/gnat/embedded-stm32f469disco/gnat/s-gearop.adb:871:7\n Mx /home/runner/work/GNAT-FSF-builds/GNAT-FSF-builds/sbx/arm-elf-linux64/embedded-runtimes/install/arm-eabi/lib/gnat/embedded-stm32f469disco/gnat/s-gearop.adb:872:7" }
node: { title: "memcpy" label: "builtin_memcpy\n<built-in>" shape : ellipse }
edge: { sourcename: "ada__numerics__long_long_real_arrays__instantiations__solveXnn" targetname: "memcpy" }
edge: { sourcename: "ada__numerics__long_long_real_arrays__instantiations__solveXnn" targetname: "system__secondary_stack__ss_allocate" label: "/home/runner/work/GNAT-FSF-builds/GNAT-FSF-builds/sbx/arm-elf-linux64/embedded-runtimes/install/arm-eabi/lib/gnat/embedded-stm32f469disco/gnat/s-gearop.adb:858:4" }
edge: { sourcename: "ada__numerics__long_long_real_arrays__instantiations__solveXnn" targetname: "__gnat_raise_exception" label: "/home/runner/work/GNAT-FSF-builds/GNAT-FSF-builds/sbx/arm-elf-linux64/embedded-runtimes/install/arm-eabi/lib/gnat/embedded-stm32f469disco/gnat/s-gearop.adb:878:10" }
edge: { sourcename: "ada__numerics__long_long_real_arrays__instantiations__solveXnn" targetname: "__gnat_raise_exception" label: "/home/runner/work/GNAT-FSF-builds/GNAT-FSF-builds/sbx/arm-elf-linux64/embedded-runtimes/install/arm-eabi/lib/gnat/embedded-stm32f469disco/gnat/s-gearop.adb:882:10" }
edge: { sourcename: "ada__numerics__long_long_real_arrays__instantiations__solveXnn" targetname: "ada__numerics__long_long_real_arrays__forward_eliminate" label: "/home/runner/work/GNAT-FSF-builds/GNAT-FSF-builds/sbx/arm-elf-linux64/embedded-runtimes/install/arm-eabi/lib/gnat/embedded-stm32f469disco/gnat/s-gearop.adb:893:7" }
edge: { sourcename: "ada__numerics__long_long_real_arrays__instantiations__solveXnn" targetname: "__aeabi_dcmpeq" }
edge: { sourcename: "ada__numerics__long_long_real_arrays__instantiations__solveXnn" targetname: "memcpy" }
edge: { sourcename: "ada__numerics__long_long_real_arrays__instantiations__solveXnn" targetname: "__gnat_raise_exception" label: "/home/runner/work/GNAT-FSF-builds/GNAT-FSF-builds/sbx/arm-elf-linux64/embedded-runtimes/install/arm-eabi/lib/gnat/embedded-stm32f469disco/gnat/s-gearop.adb:896:10" }
edge: { sourcename: "ada__numerics__long_long_real_arrays__instantiations__solveXnn" targetname: "ada__numerics__long_long_real_arrays__back_substitute" label: "/home/runner/work/GNAT-FSF-builds/GNAT-FSF-builds/sbx/arm-elf-linux64/embedded-runtimes/install/arm-eabi/lib/gnat/embedded-stm32f469disco/gnat/s-gearop.adb:902:7" }
node: { title: "ada__numerics__long_long_real_arrays__instantiations__solve__2Xnn" label: "2xnn\n/home/runner/work/GNAT-FSF-builds/GNAT-FSF-builds/sbx/arm-elf-linux64/embedded-runtimes/install/arm-eabi/lib/gnat/embedded-stm32f469disco/gnat/s-gearop.adb:919:4\n160 bytes (dynamic)\n1 dynamic objects\n Ma /home/runner/work/GNAT-FSF-builds/GNAT-FSF-builds/sbx/arm-elf-linux64/embedded-runtimes/install/arm-eabi/lib/gnat/embedded-stm32f469disco/gnat/s-gearop.adb:932:7" }
edge: { sourcename: "ada__numerics__long_long_real_arrays__instantiations__solve__2Xnn" targetname: "system__secondary_stack__ss_allocate" label: "/home/runner/work/GNAT-FSF-builds/GNAT-FSF-builds/sbx/arm-elf-linux64/embedded-runtimes/install/arm-eabi/lib/gnat/embedded-stm32f469disco/gnat/s-gearop.adb:919:4" }
edge: { sourcename: "ada__numerics__long_long_real_arrays__instantiations__solve__2Xnn" targetname: "system__secondary_stack__ss_allocate" label: "/home/runner/work/GNAT-FSF-builds/GNAT-FSF-builds/sbx/arm-elf-linux64/embedded-runtimes/install/arm-eabi/lib/gnat/embedded-stm32f469disco/gnat/s-gearop.adb:919:4" }
edge: { sourcename: "ada__numerics__long_long_real_arrays__instantiations__solve__2Xnn" targetname: "__gnat_raise_exception" label: "/home/runner/work/GNAT-FSF-builds/GNAT-FSF-builds/sbx/arm-elf-linux64/embedded-runtimes/install/arm-eabi/lib/gnat/embedded-stm32f469disco/gnat/s-gearop.adb:938:10" }
edge: { sourcename: "ada__numerics__long_long_real_arrays__instantiations__solve__2Xnn" targetname: "__gnat_raise_exception" label: "/home/runner/work/GNAT-FSF-builds/GNAT-FSF-builds/sbx/arm-elf-linux64/embedded-runtimes/install/arm-eabi/lib/gnat/embedded-stm32f469disco/gnat/s-gearop.adb:942:10" }
edge: { sourcename: "ada__numerics__long_long_real_arrays__instantiations__solve__2Xnn" targetname: "ada__numerics__long_long_real_arrays__forward_eliminate" label: "/home/runner/work/GNAT-FSF-builds/GNAT-FSF-builds/sbx/arm-elf-linux64/embedded-runtimes/install/arm-eabi/lib/gnat/embedded-stm32f469disco/gnat/s-gearop.adb:984:7" }
edge: { sourcename: "ada__numerics__long_long_real_arrays__instantiations__solve__2Xnn" targetname: "__aeabi_dcmpeq" }
edge: { sourcename: "ada__numerics__long_long_real_arrays__instantiations__solve__2Xnn" targetname: "memcpy" }
edge: { sourcename: "ada__numerics__long_long_real_arrays__instantiations__solve__2Xnn" targetname: "__gnat_raise_exception" label: "/home/runner/work/GNAT-FSF-builds/GNAT-FSF-builds/sbx/arm-elf-linux64/embedded-runtimes/install/arm-eabi/lib/gnat/embedded-stm32f469disco/gnat/s-gearop.adb:987:10" }
edge: { sourcename: "ada__numerics__long_long_real_arrays__instantiations__solve__2Xnn" targetname: "ada__numerics__long_long_real_arrays__back_substitute" label: "/home/runner/work/GNAT-FSF-builds/GNAT-FSF-builds/sbx/arm-elf-linux64/embedded-runtimes/install/arm-eabi/lib/gnat/embedded-stm32f469disco/gnat/s-gearop.adb:993:7" }
edge: { sourcename: "ada__numerics__long_long_real_arrays__instantiations__solve__2Xnn" targetname: "system__secondary_stack__ss_allocate" label: "/home/runner/work/GNAT-FSF-builds/GNAT-FSF-builds/sbx/arm-elf-linux64/embedded-runtimes/install/arm-eabi/lib/gnat/embedded-stm32f469disco/gnat/s-gearop.adb:919:4" }
node: { title: "ada__numerics__long_long_real_arrays__instantiations__unit_matrixXnn" label: "Unit_Matrixxnn\n/home/runner/work/GNAT-FSF-builds/GNAT-FSF-builds/sbx/arm-elf-linux64/embedded-runtimes/install/arm-eabi/lib/gnat/embedded-stm32f469disco/gnat/s-gearop.adb:1142:4\n48 bytes (static)\n0 dynamic objects" }
node: { title: "__gnat_rcheck_CE_Explicit_Raise" label: "gnat_rcheck_CE_Explicit_Raise\n<built-in>" shape : ellipse }
edge: { sourcename: "ada__numerics__long_long_real_arrays__instantiations__unit_matrixXnn" targetname: "__gnat_rcheck_CE_Explicit_Raise" label: "/home/runner/work/GNAT-FSF-builds/GNAT-FSF-builds/sbx/arm-elf-linux64/embedded-runtimes/install/arm-eabi/lib/gnat/embedded-stm32f469disco/gnat/s-gearop.adb:118:10" }
edge: { sourcename: "ada__numerics__long_long_real_arrays__instantiations__unit_matrixXnn" targetname: "system__secondary_stack__ss_allocate" label: "/home/runner/work/GNAT-FSF-builds/GNAT-FSF-builds/sbx/arm-elf-linux64/embedded-runtimes/install/arm-eabi/lib/gnat/embedded-stm32f469disco/gnat/s-gearop.adb:1148:7" }
node: { title: "memset" label: "builtin_memset\n<built-in>" shape : ellipse }
edge: { sourcename: "ada__numerics__long_long_real_arrays__instantiations__unit_matrixXnn" targetname: "memset" }
node: { title: "ada__numerics__long_long_real_arrays__instantiations__unit_vectorXnn" label: "Unit_Vectorxnn\n/home/runner/work/GNAT-FSF-builds/GNAT-FSF-builds/sbx/arm-elf-linux64/embedded-runtimes/install/arm-eabi/lib/gnat/embedded-stm32f469disco/gnat/s-gearop.adb:1163:4\n32 bytes (static)\n0 dynamic objects" }
edge: { sourcename: "ada__numerics__long_long_real_arrays__instantiations__unit_vectorXnn" targetname: "__gnat_rcheck_CE_Explicit_Raise" label: "/home/runner/work/GNAT-FSF-builds/GNAT-FSF-builds/sbx/arm-elf-linux64/embedded-runtimes/install/arm-eabi/lib/gnat/embedded-stm32f469disco/gnat/s-gearop.adb:118:10" }
edge: { sourcename: "ada__numerics__long_long_real_arrays__instantiations__unit_vectorXnn" targetname: "system__secondary_stack__ss_allocate" label: "/home/runner/work/GNAT-FSF-builds/GNAT-FSF-builds/sbx/arm-elf-linux64/embedded-runtimes/install/arm-eabi/lib/gnat/embedded-stm32f469disco/gnat/s-gearop.adb:1169:7" }
edge: { sourcename: "ada__numerics__long_long_real_arrays__instantiations__unit_vectorXnn" targetname: "memset" }
node: { title: "ada__numerics__long_long_real_arrays__rotate" label: "Rotate\n/home/runner/work/GNAT-FSF-builds/GNAT-FSF-builds/sbx/arm-elf-linux64/embedded-runtimes/install/arm-eabi/lib/gnat/embedded-stm32f469disco/gnat/a-ngrear.adb:126:4\n80 bytes (static)\n0 dynamic objects" }
edge: { sourcename: "ada__numerics__long_long_real_arrays__rotate" targetname: "__aeabi_dmul" }
edge: { sourcename: "ada__numerics__long_long_real_arrays__rotate" targetname: "__aeabi_dadd" }
edge: { sourcename: "ada__numerics__long_long_real_arrays__rotate" targetname: "__aeabi_dmul" }
edge: { sourcename: "ada__numerics__long_long_real_arrays__rotate" targetname: "__aeabi_dmul" }
edge: { sourcename: "ada__numerics__long_long_real_arrays__rotate" targetname: "__aeabi_dsub" }
edge: { sourcename: "ada__numerics__long_long_real_arrays__rotate" targetname: "__aeabi_dmul" }
edge: { sourcename: "ada__numerics__long_long_real_arrays__rotate" targetname: "__aeabi_dsub" }
edge: { sourcename: "ada__numerics__long_long_real_arrays__rotate" targetname: "__aeabi_dadd" }
node: { title: "ada__numerics__long_long_real_arrays__swap" label: "Swap\n/home/runner/work/GNAT-FSF-builds/GNAT-FSF-builds/sbx/arm-elf-linux64/embedded-runtimes/install/arm-eabi/lib/gnat/embedded-stm32f469disco/gnat/a-ngrear.adb:138:4\n32 bytes (static)\n0 dynamic objects" }
node: { title: "ada__numerics__long_long_real_arrays__Oadd" label: "+\n/home/runner/work/GNAT-FSF-builds/GNAT-FSF-builds/sbx/arm-elf-linux64/embedded-runtimes/install/arm-eabi/lib/gnat/embedded-stm32f469disco/gnat/a-ngrear.adb:377:13\n16 bytes (static)\n0 dynamic objects" }
edge: { sourcename: "ada__numerics__long_long_real_arrays__Oadd" targetname: "ada__numerics__long_long_real_arrays__instantiations__OaddXnn" label: "/home/runner/work/GNAT-FSF-builds/GNAT-FSF-builds/sbx/arm-elf-linux64/embedded-runtimes/install/arm-eabi/lib/gnat/embedded-stm32f469disco/gnat/a-ngrear.adb:377:13" }
node: { title: "ada__numerics__long_long_real_arrays__Oadd__3" label: "+\n/home/runner/work/GNAT-FSF-builds/GNAT-FSF-builds/sbx/arm-elf-linux64/embedded-runtimes/install/arm-eabi/lib/gnat/embedded-stm32f469disco/gnat/a-ngrear.adb:380:13\n16 bytes (static)\n0 dynamic objects" }
edge: { sourcename: "ada__numerics__long_long_real_arrays__Oadd__3" targetname: "ada__numerics__long_long_real_arrays__instantiations__Oadd__2Xnn" label: "/home/runner/work/GNAT-FSF-builds/GNAT-FSF-builds/sbx/arm-elf-linux64/embedded-runtimes/install/arm-eabi/lib/gnat/embedded-stm32f469disco/gnat/a-ngrear.adb:380:13" }
node: { title: "ada__numerics__long_long_real_arrays__Oadd__2" label: "+\n/home/runner/work/GNAT-FSF-builds/GNAT-FSF-builds/sbx/arm-elf-linux64/embedded-runtimes/install/arm-eabi/lib/gnat/embedded-stm32f469disco/gnat/a-ngrear.adb:383:13\n40 bytes (static)\n0 dynamic objects" }
edge: { sourcename: "ada__numerics__long_long_real_arrays__Oadd__2" targetname: "ada__numerics__long_long_real_arrays__instantiations__Oadd__3Xnn" label: "/home/runner/work/GNAT-FSF-builds/GNAT-FSF-builds/sbx/arm-elf-linux64/embedded-runtimes/install/arm-eabi/lib/gnat/embedded-stm32f469disco/gnat/a-ngrear.adb:383:13" }
node: { title: "ada__numerics__long_long_real_arrays__Oadd__4" label: "+\n/home/runner/work/GNAT-FSF-builds/GNAT-FSF-builds/sbx/arm-elf-linux64/embedded-runtimes/install/arm-eabi/lib/gnat/embedded-stm32f469disco/gnat/a-ngrear.adb:386:13\n40 bytes (static)\n0 dynamic objects" }
edge: { sourcename: "ada__numerics__long_long_real_arrays__Oadd__4" targetname: "ada__numerics__long_long_real_arrays__instantiations__Oadd__4Xnn" label: "/home/runner/work/GNAT-FSF-builds/GNAT-FSF-builds/sbx/arm-elf-linux64/embedded-runtimes/install/arm-eabi/lib/gnat/embedded-stm32f469disco/gnat/a-ngrear.adb:386:13" }
node: { title: "ada__numerics__long_long_real_arrays__Osubtract" label: "-\n/home/runner/work/GNAT-FSF-builds/GNAT-FSF-builds/sbx/arm-elf-linux64/embedded-runtimes/install/arm-eabi/lib/gnat/embedded-stm32f469disco/gnat/a-ngrear.adb:393:13\n16 bytes (static)\n0 dynamic objects" }
edge: { sourcename: "ada__numerics__long_long_real_arrays__Osubtract" targetname: "ada__numerics__long_long_real_arrays__instantiations__OsubtractXnn" label: "/home/runner/work/GNAT-FSF-builds/GNAT-FSF-builds/sbx/arm-elf-linux64/embedded-runtimes/install/arm-eabi/lib/gnat/embedded-stm32f469disco/gnat/a-ngrear.adb:393:13" }
node: { title: "ada__numerics__long_long_real_arrays__Osubtract__3" label: "-\n/home/runner/work/GNAT-FSF-builds/GNAT-FSF-builds/sbx/arm-elf-linux64/embedded-runtimes/install/arm-eabi/lib/gnat/embedded-stm32f469disco/gnat/a-ngrear.adb:396:13\n16 bytes (static)\n0 dynamic objects" }
edge: { sourcename: "ada__numerics__long_long_real_arrays__Osubtract__3" targetname: "ada__numerics__long_long_real_arrays__instantiations__Osubtract__2Xnn" label: "/home/runner/work/GNAT-FSF-builds/GNAT-FSF-builds/sbx/arm-elf-linux64/embedded-runtimes/install/arm-eabi/lib/gnat/embedded-stm32f469disco/gnat/a-ngrear.adb:396:13" }
node: { title: "ada__numerics__long_long_real_arrays__Osubtract__2" label: "-\n/home/runner/work/GNAT-FSF-builds/GNAT-FSF-builds/sbx/arm-elf-linux64/embedded-runtimes/install/arm-eabi/lib/gnat/embedded-stm32f469disco/gnat/a-ngrear.adb:399:13\n40 bytes (static)\n0 dynamic objects" }
edge: { sourcename: "ada__numerics__long_long_real_arrays__Osubtract__2" targetname: "ada__numerics__long_long_real_arrays__instantiations__Osubtract__3Xnn" label: "/home/runner/work/GNAT-FSF-builds/GNAT-FSF-builds/sbx/arm-elf-linux64/embedded-runtimes/install/arm-eabi/lib/gnat/embedded-stm32f469disco/gnat/a-ngrear.adb:399:13" }
node: { title: "ada__numerics__long_long_real_arrays__Osubtract__4" label: "-\n/home/runner/work/GNAT-FSF-builds/GNAT-FSF-builds/sbx/arm-elf-linux64/embedded-runtimes/install/arm-eabi/lib/gnat/embedded-stm32f469disco/gnat/a-ngrear.adb:402:13\n40 bytes (static)\n0 dynamic objects" }
edge: { sourcename: "ada__numerics__long_long_real_arrays__Osubtract__4" targetname: "ada__numerics__long_long_real_arrays__instantiations__Osubtract__4Xnn" label: "/home/runner/work/GNAT-FSF-builds/GNAT-FSF-builds/sbx/arm-elf-linux64/embedded-runtimes/install/arm-eabi/lib/gnat/embedded-stm32f469disco/gnat/a-ngrear.adb:402:13" }
node: { title: "ada__numerics__long_long_real_arrays__Omultiply__2" label: "*\n/home/runner/work/GNAT-FSF-builds/GNAT-FSF-builds/sbx/arm-elf-linux64/embedded-runtimes/install/arm-eabi/lib/gnat/embedded-stm32f469disco/gnat/a-ngrear.adb:411:13\n16 bytes (static)\n0 dynamic objects" }
edge: { sourcename: "ada__numerics__long_long_real_arrays__Omultiply__2" targetname: "ada__numerics__long_long_real_arrays__instantiations__OmultiplyXnn" label: "/home/runner/work/GNAT-FSF-builds/GNAT-FSF-builds/sbx/arm-elf-linux64/embedded-runtimes/install/arm-eabi/lib/gnat/embedded-stm32f469disco/gnat/a-ngrear.adb:411:13" }
node: { title: "ada__numerics__long_long_real_arrays__Omultiply__8" label: "*\n/home/runner/work/GNAT-FSF-builds/GNAT-FSF-builds/sbx/arm-elf-linux64/embedded-runtimes/install/arm-eabi/lib/gnat/embedded-stm32f469disco/gnat/a-ngrear.adb:417:13\n16 bytes (static)\n0 dynamic objects" }
edge: { sourcename: "ada__numerics__long_long_real_arrays__Omultiply__8" targetname: "ada__numerics__long_long_real_arrays__instantiations__Omultiply__2Xnn" label: "/home/runner/work/GNAT-FSF-builds/GNAT-FSF-builds/sbx/arm-elf-linux64/embedded-runtimes/install/arm-eabi/lib/gnat/embedded-stm32f469disco/gnat/a-ngrear.adb:417:13" }
node: { title: "ada__numerics__long_long_real_arrays__Omultiply__3" label: "*\n/home/runner/work/GNAT-FSF-builds/GNAT-FSF-builds/sbx/arm-elf-linux64/embedded-runtimes/install/arm-eabi/lib/gnat/embedded-stm32f469disco/gnat/a-ngrear.adb:414:13\n16 bytes (static)\n0 dynamic objects" }
edge: { sourcename: "ada__numerics__long_long_real_arrays__Omultiply__3" targetname: "ada__numerics__long_long_real_arrays__instantiations__Omultiply__3Xnn" label: "/home/runner/work/GNAT-FSF-builds/GNAT-FSF-builds/sbx/arm-elf-linux64/embedded-runtimes/install/arm-eabi/lib/gnat/embedded-stm32f469disco/gnat/a-ngrear.adb:414:13" }
node: { title: "ada__numerics__long_long_real_arrays__Omultiply__9" label: "*\n/home/runner/work/GNAT-FSF-builds/GNAT-FSF-builds/sbx/arm-elf-linux64/embedded-runtimes/install/arm-eabi/lib/gnat/embedded-stm32f469disco/gnat/a-ngrear.adb:420:13\n16 bytes (static)\n0 dynamic objects" }
edge: { sourcename: "ada__numerics__long_long_real_arrays__Omultiply__9" targetname: "ada__numerics__long_long_real_arrays__instantiations__Omultiply__4Xnn" label: "/home/runner/work/GNAT-FSF-builds/GNAT-FSF-builds/sbx/arm-elf-linux64/embedded-runtimes/install/arm-eabi/lib/gnat/embedded-stm32f469disco/gnat/a-ngrear.adb:420:13" }
node: { title: "ada__numerics__long_long_real_arrays__Omultiply__5" label: "*\n/home/runner/work/GNAT-FSF-builds/GNAT-FSF-builds/sbx/arm-elf-linux64/embedded-runtimes/install/arm-eabi/lib/gnat/embedded-stm32f469disco/gnat/a-ngrear.adb:428:13\n40 bytes (static)\n0 dynamic objects" }
edge: { sourcename: "ada__numerics__long_long_real_arrays__Omultiply__5" targetname: "ada__numerics__long_long_real_arrays__instantiations__Omultiply__5Xnn" label: "/home/runner/work/GNAT-FSF-builds/GNAT-FSF-builds/sbx/arm-elf-linux64/embedded-runtimes/install/arm-eabi/lib/gnat/embedded-stm32f469disco/gnat/a-ngrear.adb:428:13" }
node: { title: "ada__numerics__long_long_real_arrays__Omultiply" label: "*\n/home/runner/work/GNAT-FSF-builds/GNAT-FSF-builds/sbx/arm-elf-linux64/embedded-runtimes/install/arm-eabi/lib/gnat/embedded-stm32f469disco/gnat/a-ngrear.adb:425:13\n0 bytes (static)\n0 dynamic objects" }
edge: { sourcename: "ada__numerics__long_long_real_arrays__Omultiply" targetname: "ada__numerics__long_long_real_arrays__instantiations__Omultiply__6Xnn" label: "/home/runner/work/GNAT-FSF-builds/GNAT-FSF-builds/sbx/arm-elf-linux64/embedded-runtimes/install/arm-eabi/lib/gnat/embedded-stm32f469disco/gnat/a-ngrear.adb:425:13" }
node: { title: "ada__numerics__long_long_real_arrays__Omultiply__7" label: "*\n/home/runner/work/GNAT-FSF-builds/GNAT-FSF-builds/sbx/arm-elf-linux64/embedded-runtimes/install/arm-eabi/lib/gnat/embedded-stm32f469disco/gnat/a-ngrear.adb:434:13\n40 bytes (static)\n0 dynamic objects" }
edge: { sourcename: "ada__numerics__long_long_real_arrays__Omultiply__7" targetname: "ada__numerics__long_long_real_arrays__instantiations__Omultiply__7Xnn" label: "/home/runner/work/GNAT-FSF-builds/GNAT-FSF-builds/sbx/arm-elf-linux64/embedded-runtimes/install/arm-eabi/lib/gnat/embedded-stm32f469disco/gnat/a-ngrear.adb:434:13" }
node: { title: "ada__numerics__long_long_real_arrays__Omultiply__6" label: "*\n/home/runner/work/GNAT-FSF-builds/GNAT-FSF-builds/sbx/arm-elf-linux64/embedded-runtimes/install/arm-eabi/lib/gnat/embedded-stm32f469disco/gnat/a-ngrear.adb:431:13\n40 bytes (static)\n0 dynamic objects" }
edge: { sourcename: "ada__numerics__long_long_real_arrays__Omultiply__6" targetname: "ada__numerics__long_long_real_arrays__instantiations__Omultiply__8Xnn" label: "/home/runner/work/GNAT-FSF-builds/GNAT-FSF-builds/sbx/arm-elf-linux64/embedded-runtimes/install/arm-eabi/lib/gnat/embedded-stm32f469disco/gnat/a-ngrear.adb:431:13" }
node: { title: "ada__numerics__long_long_real_arrays__Omultiply__4" label: "*\n/home/runner/work/GNAT-FSF-builds/GNAT-FSF-builds/sbx/arm-elf-linux64/embedded-runtimes/install/arm-eabi/lib/gnat/embedded-stm32f469disco/gnat/a-ngrear.adb:439:13\n40 bytes (static)\n0 dynamic objects" }
edge: { sourcename: "ada__numerics__long_long_real_arrays__Omultiply__4" targetname: "ada__numerics__long_long_real_arrays__instantiations__Omultiply__9Xnn" label: "/home/runner/work/GNAT-FSF-builds/GNAT-FSF-builds/sbx/arm-elf-linux64/embedded-runtimes/install/arm-eabi/lib/gnat/embedded-stm32f469disco/gnat/a-ngrear.adb:439:13" }
node: { title: "ada__numerics__long_long_real_arrays__Odivide" label: "/\n/home/runner/work/GNAT-FSF-builds/GNAT-FSF-builds/sbx/arm-elf-linux64/embedded-runtimes/install/arm-eabi/lib/gnat/embedded-stm32f469disco/gnat/a-ngrear.adb:446:13\n16 bytes (static)\n0 dynamic objects" }
edge: { sourcename: "ada__numerics__long_long_real_arrays__Odivide" targetname: "ada__numerics__long_long_real_arrays__instantiations__OdivideXnn" label: "/home/runner/work/GNAT-FSF-builds/GNAT-FSF-builds/sbx/arm-elf-linux64/embedded-runtimes/install/arm-eabi/lib/gnat/embedded-stm32f469disco/gnat/a-ngrear.adb:446:13" }
node: { title: "ada__numerics__long_long_real_arrays__Odivide__2" label: "/\n/home/runner/work/GNAT-FSF-builds/GNAT-FSF-builds/sbx/arm-elf-linux64/embedded-runtimes/install/arm-eabi/lib/gnat/embedded-stm32f469disco/gnat/a-ngrear.adb:449:13\n16 bytes (static)\n0 dynamic objects" }
edge: { sourcename: "ada__numerics__long_long_real_arrays__Odivide__2" targetname: "ada__numerics__long_long_real_arrays__instantiations__Odivide__2Xnn" label: "/home/runner/work/GNAT-FSF-builds/GNAT-FSF-builds/sbx/arm-elf-linux64/embedded-runtimes/install/arm-eabi/lib/gnat/embedded-stm32f469disco/gnat/a-ngrear.adb:449:13" }
node: { title: "ada__numerics__long_long_real_arrays__Oabs__2" label: "Abs\n/home/runner/work/GNAT-FSF-builds/GNAT-FSF-builds/sbx/arm-elf-linux64/embedded-runtimes/install/arm-eabi/lib/gnat/embedded-stm32f469disco/gnat/a-ngrear.adb:456:13\n24 bytes (static)\n0 dynamic objects" }
edge: { sourcename: "ada__numerics__long_long_real_arrays__Oabs__2" targetname: "__aeabi_dmul" }
edge: { sourcename: "ada__numerics__long_long_real_arrays__Oabs__2" targetname: "__aeabi_dadd" }
edge: { sourcename: "ada__numerics__long_long_real_arrays__Oabs__2" targetname: "ada__numerics__long_long_real_arrays__sqrt" label: "/home/runner/work/GNAT-FSF-builds/GNAT-FSF-builds/sbx/arm-elf-linux64/embedded-runtimes/install/arm-eabi/lib/gnat/embedded-stm32f469disco/gnat/s-gearop.adb:474:14" }
node: { title: "ada__numerics__long_long_real_arrays__Oabs" label: "Abs\n/home/runner/work/GNAT-FSF-builds/GNAT-FSF-builds/sbx/arm-elf-linux64/embedded-runtimes/install/arm-eabi/lib/gnat/embedded-stm32f469disco/gnat/a-ngrear.adb:459:13\n16 bytes (static)\n0 dynamic objects" }
edge: { sourcename: "ada__numerics__long_long_real_arrays__Oabs" targetname: "ada__numerics__long_long_real_arrays__instantiations__Oabs__2Xnn" label: "/home/runner/work/GNAT-FSF-builds/GNAT-FSF-builds/sbx/arm-elf-linux64/embedded-runtimes/install/arm-eabi/lib/gnat/embedded-stm32f469disco/gnat/a-ngrear.adb:459:13" }
node: { title: "ada__numerics__long_long_real_arrays__Oabs__3" label: "Abs\n/home/runner/work/GNAT-FSF-builds/GNAT-FSF-builds/sbx/arm-elf-linux64/embedded-runtimes/install/arm-eabi/lib/gnat/embedded-stm32f469disco/gnat/a-ngrear.adb:462:13\n16 bytes (static)\n0 dynamic objects" }
edge: { sourcename: "ada__numerics__long_long_real_arrays__Oabs__3" targetname: "ada__numerics__long_long_real_arrays__instantiations__Oabs__3Xnn" label: "/home/runner/work/GNAT-FSF-builds/GNAT-FSF-builds/sbx/arm-elf-linux64/embedded-runtimes/install/arm-eabi/lib/gnat/embedded-stm32f469disco/gnat/a-ngrear.adb:462:13" }
node: { title: "ada__numerics__long_long_real_arrays__determinant" label: "Determinant\n/home/runner/work/GNAT-FSF-builds/GNAT-FSF-builds/sbx/arm-elf-linux64/embedded-runtimes/install/arm-eabi/lib/gnat/embedded-stm32f469disco/gnat/a-ngrear.adb:469:4\n72 bytes (dynamic)\n1 dynamic objects\n M /home/runner/work/GNAT-FSF-builds/GNAT-FSF-builds/sbx/arm-elf-linux64/embedded-runtimes/install/arm-eabi/lib/gnat/embedded-stm32f469disco/gnat/a-ngrear.adb:470:7" }
edge: { sourcename: "ada__numerics__long_long_real_arrays__determinant" targetname: "memcpy" }
edge: { sourcename: "ada__numerics__long_long_real_arrays__determinant" targetname: "ada__numerics__long_long_real_arrays__forward_eliminate" label: "/home/runner/work/GNAT-FSF-builds/GNAT-FSF-builds/sbx/arm-elf-linux64/embedded-runtimes/install/arm-eabi/lib/gnat/embedded-stm32f469disco/gnat/a-ngrear.adb:474:7" }
node: { title: "ada__numerics__long_long_real_arrays__inverse" label: "Inverse\n/home/runner/work/GNAT-FSF-builds/GNAT-FSF-builds/sbx/arm-elf-linux64/embedded-runtimes/install/arm-eabi/lib/gnat/embedded-stm32f469disco/gnat/a-ngrear.adb:512:4\n40 bytes (static)\n0 dynamic objects" }
edge: { sourcename: "ada__numerics__long_long_real_arrays__inverse" targetname: "ada__numerics__long_long_real_arrays__length" label: "/home/runner/work/GNAT-FSF-builds/GNAT-FSF-builds/sbx/arm-elf-linux64/embedded-runtimes/install/arm-eabi/lib/gnat/embedded-stm32f469disco/gnat/a-ngrear.adb:513:30" }
edge: { sourcename: "ada__numerics__long_long_real_arrays__inverse" targetname: "ada__numerics__long_long_real_arrays__instantiations__unit_matrixXnn" label: "/home/runner/work/GNAT-FSF-builds/GNAT-FSF-builds/sbx/arm-elf-linux64/embedded-runtimes/install/arm-eabi/lib/gnat/embedded-stm32f469disco/gnat/a-ngrear.adb:774:13" }
edge: { sourcename: "ada__numerics__long_long_real_arrays__inverse" targetname: "ada__numerics__long_long_real_arrays__instantiations__solve__2Xnn" label: "/home/runner/work/GNAT-FSF-builds/GNAT-FSF-builds/sbx/arm-elf-linux64/embedded-runtimes/install/arm-eabi/lib/gnat/embedded-stm32f469disco/gnat/a-ngrear.adb:726:13" }
node: { title: "ada__numerics__long_long_real_arrays__jacobi" label: "Jacobi\n/home/runner/work/GNAT-FSF-builds/GNAT-FSF-builds/sbx/arm-elf-linux64/embedded-runtimes/install/arm-eabi/lib/gnat/embedded-stm32f469disco/gnat/a-ngrear.adb:521:4\n376 bytes (dynamic)\n4 dynamic objects\n M /home/runner/work/GNAT-FSF-builds/GNAT-FSF-builds/sbx/arm-elf-linux64/embedded-runtimes/install/arm-eabi/lib/gnat/embedded-stm32f469disco/gnat/a-ngrear.adb:597:7\n Diag /home/runner/work/GNAT-FSF-builds/GNAT-FSF-builds/sbx/arm-elf-linux64/embedded-runtimes/install/arm-eabi/lib/gnat/embedded-stm32f469disco/gnat/a-ngrear.adb:600:7\n Diag_Adj /home/runner/work/GNAT-FSF-builds/GNAT-FSF-builds/sbx/arm-elf-linux64/embedded-runtimes/install/arm-eabi/lib/gnat/embedded-stm32f469disco/gnat/a-ngrear.adb:601:7\n C229b /home/runner/work/GNAT-FSF-builds/GNAT-FSF-builds/sbx/arm-elf-linux64/embedded-runtimes/install/arm-eabi/lib/gnat/embedded-stm32f469disco/gnat/a-ngrear.adb:628:19" }
edge: { sourcename: "ada__numerics__long_long_real_arrays__jacobi" targetname: "ada__numerics__long_long_real_arrays__length" label: "/home/runner/work/GNAT-FSF-builds/GNAT-FSF-builds/sbx/arm-elf-linux64/embedded-runtimes/install/arm-eabi/lib/gnat/embedded-stm32f469disco/gnat/a-ngrear.adb:553:45" }
edge: { sourcename: "ada__numerics__long_long_real_arrays__jacobi" targetname: "memcpy" }
edge: { sourcename: "ada__numerics__long_long_real_arrays__jacobi" targetname: "__gnat_raise_exception" label: "/home/runner/work/GNAT-FSF-builds/GNAT-FSF-builds/sbx/arm-elf-linux64/embedded-runtimes/install/arm-eabi/lib/gnat/embedded-stm32f469disco/gnat/a-ngrear.adb:614:10" }
edge: { sourcename: "ada__numerics__long_long_real_arrays__jacobi" targetname: "__gnat_raise_exception" label: "/home/runner/work/GNAT-FSF-builds/GNAT-FSF-builds/sbx/arm-elf-linux64/embedded-runtimes/install/arm-eabi/lib/gnat/embedded-stm32f469disco/gnat/a-ngrear.adb:617:10" }
edge: { sourcename: "ada__numerics__long_long_real_arrays__jacobi" targetname: "ada__numerics__long_long_real_arrays__transpose__2" label: "/home/runner/work/GNAT-FSF-builds/GNAT-FSF-builds/sbx/arm-elf-linux64/embedded-runtimes/install/arm-eabi/lib/gnat/embedded-stm32f469disco/gnat/a-ngrear.adb:87:7" }
edge: { sourcename: "ada__numerics__long_long_real_arrays__jacobi" targetname: "memcpy" }
edge: { sourcename: "ada__numerics__long_long_real_arrays__jacobi" targetname: "__aeabi_dcmpeq" }
edge: { sourcename: "ada__numerics__long_long_real_arrays__jacobi" targetname: "__aeabi_dcmpeq" }
edge: { sourcename: "ada__numerics__long_long_real_arrays__jacobi" targetname: "__gnat_raise_exception" label: "/home/runner/work/GNAT-FSF-builds/GNAT-FSF-builds/sbx/arm-elf-linux64/embedded-runtimes/install/arm-eabi/lib/gnat/embedded-stm32f469disco/gnat/a-ngrear.adb:620:10" }
node: { title: "system__secondary_stack__ss_mark" label: "Ss_Mark\n/home/runner/work/GNAT-FSF-builds/GNAT-FSF-builds/sbx/arm-elf-linux64/embedded-runtimes/install/arm-eabi/lib/gnat/embedded-stm32f469disco/gnat/s-secsta.ads:67:13" shape : ellipse }
edge: { sourcename: "ada__numerics__long_long_real_arrays__jacobi" targetname: "system__secondary_stack__ss_mark" label: "/home/runner/work/GNAT-FSF-builds/GNAT-FSF-builds/sbx/arm-elf-linux64/embedded-runtimes/install/arm-eabi/lib/gnat/embedded-stm32f469disco/gnat/a-ngrear.adb:628:15" }
edge: { sourcename: "ada__numerics__long_long_real_arrays__jacobi" targetname: "ada__numerics__long_long_real_arrays__instantiations__unit_matrixXnn" label: "/home/runner/work/GNAT-FSF-builds/GNAT-FSF-builds/sbx/arm-elf-linux64/embedded-runtimes/install/arm-eabi/lib/gnat/embedded-stm32f469disco/gnat/a-ngrear.adb:774:13" }
edge: { sourcename: "ada__numerics__long_long_real_arrays__jacobi" targetname: "memcpy" }
edge: { sourcename: "ada__numerics__long_long_real_arrays__jacobi" targetname: "memcpy" }
node: { title: "system__secondary_stack__ss_release" label: "Ss_Release\n/home/runner/work/GNAT-FSF-builds/GNAT-FSF-builds/sbx/arm-elf-linux64/embedded-runtimes/install/arm-eabi/lib/gnat/embedded-stm32f469disco/gnat/s-secsta.ads:70:14" shape : ellipse }
edge: { sourcename: "ada__numerics__long_long_real_arrays__jacobi" targetname: "system__secondary_stack__ss_release" label: "/home/runner/work/GNAT-FSF-builds/GNAT-FSF-builds/sbx/arm-elf-linux64/embedded-runtimes/install/arm-eabi/lib/gnat/embedded-stm32f469disco/gnat/a-ngrear.adb:628:0" }
edge: { sourcename: "ada__numerics__long_long_real_arrays__jacobi" targetname: "system__secondary_stack__ss_mark" label: "/home/runner/work/GNAT-FSF-builds/GNAT-FSF-builds/sbx/arm-elf-linux64/embedded-runtimes/install/arm-eabi/lib/gnat/embedded-stm32f469disco/gnat/a-ngrear.adb:630:14" }
edge: { sourcename: "ada__numerics__long_long_real_arrays__jacobi" targetname: "ada__numerics__long_long_real_arrays__diagonal" label: "/home/runner/work/GNAT-FSF-builds/GNAT-FSF-builds/sbx/arm-elf-linux64/embedded-runtimes/install/arm-eabi/lib/gnat/embedded-stm32f469disco/gnat/a-ngrear.adb:630:17" }
node: { title: "memmove" label: "builtin_memmove\n<built-in>" shape : ellipse }
edge: { sourcename: "ada__numerics__long_long_real_arrays__jacobi" targetname: "memmove" label: "/home/runner/work/GNAT-FSF-builds/GNAT-FSF-builds/sbx/arm-elf-linux64/embedded-runtimes/install/arm-eabi/lib/gnat/embedded-stm32f469disco/gnat/a-ngrear.adb:630:14" }
edge: { sourcename: "ada__numerics__long_long_real_arrays__jacobi" targetname: "system__secondary_stack__ss_release" label: "/home/runner/work/GNAT-FSF-builds/GNAT-FSF-builds/sbx/arm-elf-linux64/embedded-runtimes/install/arm-eabi/lib/gnat/embedded-stm32f469disco/gnat/a-ngrear.adb:630:0" }
node: { title: "__aeabi_i2d" label: "aeabi_i2d\n<built-in>" shape : ellipse }
edge: { sourcename: "ada__numerics__long_long_real_arrays__jacobi" targetname: "__aeabi_i2d" }
edge: { sourcename: "ada__numerics__long_long_real_arrays__jacobi" targetname: "__aeabi_dadd" }
edge: { sourcename: "ada__numerics__long_long_real_arrays__jacobi" targetname: "__aeabi_dcmpeq" }
edge: { sourcename: "ada__numerics__long_long_real_arrays__jacobi" targetname: "__aeabi_dmul" }
edge: { sourcename: "ada__numerics__long_long_real_arrays__jacobi" targetname: "__aeabi_ddiv" }
edge: { sourcename: "ada__numerics__long_long_real_arrays__jacobi" targetname: "memcpy" }
edge: { sourcename: "ada__numerics__long_long_real_arrays__jacobi" targetname: "memset" }
edge: { sourcename: "ada__numerics__long_long_real_arrays__jacobi" targetname: "__aeabi_dmul" }
edge: { sourcename: "ada__numerics__long_long_real_arrays__jacobi" targetname: "__aeabi_dadd" }
edge: { sourcename: "ada__numerics__long_long_real_arrays__jacobi" targetname: "__aeabi_dcmpeq" }
edge: { sourcename: "ada__numerics__long_long_real_arrays__jacobi" targetname: "__aeabi_dadd" }
edge: { sourcename: "ada__numerics__long_long_real_arrays__jacobi" targetname: "__aeabi_dcmpeq" }
edge: { sourcename: "ada__numerics__long_long_real_arrays__jacobi" targetname: "__aeabi_dcmpgt" }
edge: { sourcename: "ada__numerics__long_long_real_arrays__jacobi" targetname: "__aeabi_dsub" }
edge: { sourcename: "ada__numerics__long_long_real_arrays__jacobi" targetname: "__aeabi_dmul" }
edge: { sourcename: "ada__numerics__long_long_real_arrays__jacobi" targetname: "__aeabi_dadd" }
edge: { sourcename: "ada__numerics__long_long_real_arrays__jacobi" targetname: "__aeabi_dcmpeq" }
edge: { sourcename: "ada__numerics__long_long_real_arrays__jacobi" targetname: "__aeabi_ddiv" }
edge: { sourcename: "ada__numerics__long_long_real_arrays__jacobi" targetname: "__aeabi_dadd" }
edge: { sourcename: "ada__numerics__long_long_real_arrays__jacobi" targetname: "__aeabi_ddiv" }
edge: { sourcename: "ada__numerics__long_long_real_arrays__jacobi" targetname: "ada__numerics__long_long_real_arrays__sqrt" label: "/home/runner/work/GNAT-FSF-builds/GNAT-FSF-builds/sbx/arm-elf-linux64/embedded-runtimes/install/arm-eabi/lib/gnat/embedded-stm32f469disco/gnat/a-ngrear.adb:569:46" }
edge: { sourcename: "ada__numerics__long_long_real_arrays__jacobi" targetname: "__aeabi_dmul" }
edge: { sourcename: "ada__numerics__long_long_real_arrays__jacobi" targetname: "__aeabi_dadd" }
edge: { sourcename: "ada__numerics__long_long_real_arrays__jacobi" targetname: "__aeabi_dadd" }
edge: { sourcename: "ada__numerics__long_long_real_arrays__jacobi" targetname: "__aeabi_ddiv" }
edge: { sourcename: "ada__numerics__long_long_real_arrays__jacobi" targetname: "ada__numerics__long_long_real_arrays__sqrt" label: "/home/runner/work/GNAT-FSF-builds/GNAT-FSF-builds/sbx/arm-elf-linux64/embedded-runtimes/install/arm-eabi/lib/gnat/embedded-stm32f469disco/gnat/a-ngrear.adb:674:51" }
edge: { sourcename: "ada__numerics__long_long_real_arrays__jacobi" targetname: "__aeabi_dmul" }
edge: { sourcename: "ada__numerics__long_long_real_arrays__jacobi" targetname: "__aeabi_dadd" }
edge: { sourcename: "ada__numerics__long_long_real_arrays__jacobi" targetname: "__aeabi_ddiv" }
edge: { sourcename: "ada__numerics__long_long_real_arrays__jacobi" targetname: "__aeabi_dmul" }
edge: { sourcename: "ada__numerics__long_long_real_arrays__jacobi" targetname: "__aeabi_dadd" }
edge: { sourcename: "ada__numerics__long_long_real_arrays__jacobi" targetname: "__aeabi_ddiv" }
edge: { sourcename: "ada__numerics__long_long_real_arrays__jacobi" targetname: "__aeabi_dmul" }
edge: { sourcename: "ada__numerics__long_long_real_arrays__jacobi" targetname: "__aeabi_dsub" }
edge: { sourcename: "ada__numerics__long_long_real_arrays__jacobi" targetname: "__aeabi_dadd" }
edge: { sourcename: "ada__numerics__long_long_real_arrays__jacobi" targetname: "__aeabi_dsub" }
edge: { sourcename: "ada__numerics__long_long_real_arrays__jacobi" targetname: "__aeabi_dadd" }
edge: { sourcename: "ada__numerics__long_long_real_arrays__jacobi" targetname: "__aeabi_dmul" }
edge: { sourcename: "ada__numerics__long_long_real_arrays__jacobi" targetname: "__aeabi_dadd" }
edge: { sourcename: "ada__numerics__long_long_real_arrays__jacobi" targetname: "__aeabi_dmul" }
edge: { sourcename: "ada__numerics__long_long_real_arrays__jacobi" targetname: "__aeabi_dsub" }
edge: { sourcename: "ada__numerics__long_long_real_arrays__jacobi" targetname: "__aeabi_dmul" }
edge: { sourcename: "ada__numerics__long_long_real_arrays__jacobi" targetname: "__aeabi_dsub" }
edge: { sourcename: "ada__numerics__long_long_real_arrays__jacobi" targetname: "__aeabi_dmul" }
edge: { sourcename: "ada__numerics__long_long_real_arrays__jacobi" targetname: "__aeabi_dadd" }
edge: { sourcename: "ada__numerics__long_long_real_arrays__jacobi" targetname: "__aeabi_dmul" }
edge: { sourcename: "ada__numerics__long_long_real_arrays__jacobi" targetname: "__aeabi_dadd" }
edge: { sourcename: "ada__numerics__long_long_real_arrays__jacobi" targetname: "__aeabi_dmul" }
edge: { sourcename: "ada__numerics__long_long_real_arrays__jacobi" targetname: "__aeabi_dsub" }
edge: { sourcename: "ada__numerics__long_long_real_arrays__jacobi" targetname: "__aeabi_dmul" }
edge: { sourcename: "ada__numerics__long_long_real_arrays__jacobi" targetname: "__aeabi_dsub" }
edge: { sourcename: "ada__numerics__long_long_real_arrays__jacobi" targetname: "__aeabi_dmul" }
edge: { sourcename: "ada__numerics__long_long_real_arrays__jacobi" targetname: "__aeabi_dadd" }
edge: { sourcename: "ada__numerics__long_long_real_arrays__jacobi" targetname: "__aeabi_dmul" }
edge: { sourcename: "ada__numerics__long_long_real_arrays__jacobi" targetname: "__aeabi_dadd" }
edge: { sourcename: "ada__numerics__long_long_real_arrays__jacobi" targetname: "__aeabi_dmul" }
edge: { sourcename: "ada__numerics__long_long_real_arrays__jacobi" targetname: "__aeabi_dsub" }
edge: { sourcename: "ada__numerics__long_long_real_arrays__jacobi" targetname: "__aeabi_dmul" }
edge: { sourcename: "ada__numerics__long_long_real_arrays__jacobi" targetname: "__aeabi_dsub" }
edge: { sourcename: "ada__numerics__long_long_real_arrays__jacobi" targetname: "__aeabi_dmul" }
edge: { sourcename: "ada__numerics__long_long_real_arrays__jacobi" targetname: "__aeabi_dadd" }
edge: { sourcename: "ada__numerics__long_long_real_arrays__jacobi" targetname: "__aeabi_dmul" }
edge: { sourcename: "ada__numerics__long_long_real_arrays__jacobi" targetname: "__aeabi_dadd" }
edge: { sourcename: "ada__numerics__long_long_real_arrays__jacobi" targetname: "__aeabi_dmul" }
edge: { sourcename: "ada__numerics__long_long_real_arrays__jacobi" targetname: "__aeabi_dsub" }
edge: { sourcename: "ada__numerics__long_long_real_arrays__jacobi" targetname: "__aeabi_dmul" }
edge: { sourcename: "ada__numerics__long_long_real_arrays__jacobi" targetname: "__aeabi_dsub" }
edge: { sourcename: "ada__numerics__long_long_real_arrays__jacobi" targetname: "__aeabi_dmul" }
edge: { sourcename: "ada__numerics__long_long_real_arrays__jacobi" targetname: "__aeabi_dadd" }
edge: { sourcename: "ada__numerics__long_long_real_arrays__jacobi" targetname: "system__secondary_stack__ss_mark" label: "/home/runner/work/GNAT-FSF-builds/GNAT-FSF-builds/sbx/arm-elf-linux64/embedded-runtimes/install/arm-eabi/lib/gnat/embedded-stm32f469disco/gnat/a-ngrear.adb:709:17" }
edge: { sourcename: "ada__numerics__long_long_real_arrays__jacobi" targetname: "ada__numerics__long_long_real_arrays__instantiations__Oadd__3Xnn" label: "/home/runner/work/GNAT-FSF-builds/GNAT-FSF-builds/sbx/arm-elf-linux64/embedded-runtimes/install/arm-eabi/lib/gnat/embedded-stm32f469disco/gnat/a-ngrear.adb:383:13" }
edge: { sourcename: "ada__numerics__long_long_real_arrays__jacobi" targetname: "memmove" label: "/home/runner/work/GNAT-FSF-builds/GNAT-FSF-builds/sbx/arm-elf-linux64/embedded-runtimes/install/arm-eabi/lib/gnat/embedded-stm32f469disco/gnat/a-ngrear.adb:709:17" }
edge: { sourcename: "ada__numerics__long_long_real_arrays__jacobi" targetname: "system__secondary_stack__ss_release" label: "/home/runner/work/GNAT-FSF-builds/GNAT-FSF-builds/sbx/arm-elf-linux64/embedded-runtimes/install/arm-eabi/lib/gnat/embedded-stm32f469disco/gnat/a-ngrear.adb:709:0" }
edge: { sourcename: "ada__numerics__long_long_real_arrays__jacobi" targetname: "system__secondary_stack__ss_release" label: "/home/runner/work/GNAT-FSF-builds/GNAT-FSF-builds/sbx/arm-elf-linux64/embedded-runtimes/install/arm-eabi/lib/gnat/embedded-stm32f469disco/gnat/a-ngrear.adb:628:0" }
node: { title: "_Unwind_Resume" label: "builtin_unwind_resume\n<built-in>" shape : ellipse }
edge: { sourcename: "ada__numerics__long_long_real_arrays__jacobi" targetname: "_Unwind_Resume" }
edge: { sourcename: "ada__numerics__long_long_real_arrays__jacobi" targetname: "system__secondary_stack__ss_release" label: "/home/runner/work/GNAT-FSF-builds/GNAT-FSF-builds/sbx/arm-elf-linux64/embedded-runtimes/install/arm-eabi/lib/gnat/embedded-stm32f469disco/gnat/a-ngrear.adb:630:0" }
edge: { sourcename: "ada__numerics__long_long_real_arrays__jacobi" targetname: "_Unwind_Resume" }
edge: { sourcename: "ada__numerics__long_long_real_arrays__jacobi" targetname: "system__secondary_stack__ss_release" label: "/home/runner/work/GNAT-FSF-builds/GNAT-FSF-builds/sbx/arm-elf-linux64/embedded-runtimes/install/arm-eabi/lib/gnat/embedded-stm32f469disco/gnat/a-ngrear.adb:709:0" }
edge: { sourcename: "ada__numerics__long_long_real_arrays__jacobi" targetname: "_Unwind_Resume" }
edge: { sourcename: "ada__numerics__long_long_real_arrays__jacobi" targetname: "__gnat_raise_exception" label: "/home/runner/work/GNAT-FSF-builds/GNAT-FSF-builds/sbx/arm-elf-linux64/embedded-runtimes/install/arm-eabi/lib/gnat/embedded-stm32f469disco/gnat/a-ngrear.adb:715:10" }
node: { title: "ada__numerics__long_long_real_arrays__solve" label: "Solve\n/home/runner/work/GNAT-FSF-builds/GNAT-FSF-builds/sbx/arm-elf-linux64/embedded-runtimes/install/arm-eabi/lib/gnat/embedded-stm32f469disco/gnat/a-ngrear.adb:723:13\n40 bytes (static)\n0 dynamic objects" }
edge: { sourcename: "ada__numerics__long_long_real_arrays__solve" targetname: "ada__numerics__long_long_real_arrays__instantiations__solveXnn" label: "/home/runner/work/GNAT-FSF-builds/GNAT-FSF-builds/sbx/arm-elf-linux64/embedded-runtimes/install/arm-eabi/lib/gnat/embedded-stm32f469disco/gnat/a-ngrear.adb:723:13" }
node: { title: "ada__numerics__long_long_real_arrays__solve__2" label: "Solve\n/home/runner/work/GNAT-FSF-builds/GNAT-FSF-builds/sbx/arm-elf-linux64/embedded-runtimes/install/arm-eabi/lib/gnat/embedded-stm32f469disco/gnat/a-ngrear.adb:726:13\n40 bytes (static)\n0 dynamic objects" }
edge: { sourcename: "ada__numerics__long_long_real_arrays__solve__2" targetname: "ada__numerics__long_long_real_arrays__instantiations__solve__2Xnn" label: "/home/runner/work/GNAT-FSF-builds/GNAT-FSF-builds/sbx/arm-elf-linux64/embedded-runtimes/install/arm-eabi/lib/gnat/embedded-stm32f469disco/gnat/a-ngrear.adb:726:13" }
node: { title: "ada__numerics__long_long_real_arrays__sort_eigensystem" label: "Sort_Eigensystem\n/home/runner/work/GNAT-FSF-builds/GNAT-FSF-builds/sbx/arm-elf-linux64/embedded-runtimes/install/arm-eabi/lib/gnat/embedded-stm32f469disco/gnat/a-ngrear.adb:733:4\n88 bytes (static)\n0 dynamic objects" }
edge: { sourcename: "ada__numerics__long_long_real_arrays__sort_eigensystem" targetname: "/home/runner/work/GNAT-FSF-builds/GNAT-FSF-builds/sbx/arm-elf-linux64/embedded-runtimes/install/arm-eabi/lib/gnat/embedded-stm32f469disco/gnat/a-nllrar.ads:ada__numerics__long_long_real_arrays__sort_eigensystem__sort__sort__sift.16" label: "/home/runner/work/GNAT-FSF-builds/GNAT-FSF-builds/sbx/arm-elf-linux64/embedded-runtimes/install/arm-eabi/lib/gnat/embedded-stm32f469disco/gnat/a-cogeso.adb:117:7" }
edge: { sourcename: "ada__numerics__long_long_real_arrays__sort_eigensystem" targetname: "/home/runner/work/GNAT-FSF-builds/GNAT-FSF-builds/sbx/arm-elf-linux64/embedded-runtimes/install/arm-eabi/lib/gnat/embedded-stm32f469disco/gnat/a-nllrar.ads:ada__numerics__long_long_real_arrays__sort_eigensystem__swap.15" label: "/home/runner/work/GNAT-FSF-builds/GNAT-FSF-builds/sbx/arm-elf-linux64/embedded-runtimes/install/arm-eabi/lib/gnat/embedded-stm32f469disco/gnat/a-cogeso.adb:71:7" }
edge: { sourcename: "ada__numerics__long_long_real_arrays__sort_eigensystem" targetname: "/home/runner/work/GNAT-FSF-builds/GNAT-FSF-builds/sbx/arm-elf-linux64/embedded-runtimes/install/arm-eabi/lib/gnat/embedded-stm32f469disco/gnat/a-nllrar.ads:ada__numerics__long_long_real_arrays__sort_eigensystem__sort__sort__sift.16" label: "/home/runner/work/GNAT-FSF-builds/GNAT-FSF-builds/sbx/arm-elf-linux64/embedded-runtimes/install/arm-eabi/lib/gnat/embedded-stm32f469disco/gnat/a-cogeso.adb:123:7" }
node: { title: "ada__numerics__long_long_real_arrays__eigensystem" label: "Eigensystem\n/home/runner/work/GNAT-FSF-builds/GNAT-FSF-builds/sbx/arm-elf-linux64/embedded-runtimes/install/arm-eabi/lib/gnat/embedded-stm32f469disco/gnat/a-ngrear.adb:482:4\n56 bytes (static)\n0 dynamic objects" }
edge: { sourcename: "ada__numerics__long_long_real_arrays__eigensystem" targetname: "ada__numerics__long_long_real_arrays__jacobi" label: "/home/runner/work/GNAT-FSF-builds/GNAT-FSF-builds/sbx/arm-elf-linux64/embedded-runtimes/install/arm-eabi/lib/gnat/embedded-stm32f469disco/gnat/a-ngrear.adb:488:7" }
edge: { sourcename: "ada__numerics__long_long_real_arrays__eigensystem" targetname: "ada__numerics__long_long_real_arrays__sort_eigensystem" label: "/home/runner/work/GNAT-FSF-builds/GNAT-FSF-builds/sbx/arm-elf-linux64/embedded-runtimes/install/arm-eabi/lib/gnat/embedded-stm32f469disco/gnat/a-ngrear.adb:489:7" }
node: { title: "ada__numerics__long_long_real_arrays__F190b" label: "F190b\n<built-in>\n56 bytes (static)\n0 dynamic objects" }
edge: { sourcename: "ada__numerics__long_long_real_arrays__F190b" targetname: "ada__numerics__long_long_real_arrays__jacobi" label: "/home/runner/work/GNAT-FSF-builds/GNAT-FSF-builds/sbx/arm-elf-linux64/embedded-runtimes/install/arm-eabi/lib/gnat/embedded-stm32f469disco/gnat/a-ngrear.adb:502:13" }
edge: { sourcename: "ada__numerics__long_long_real_arrays__F190b" targetname: "ada__numerics__long_long_real_arrays__sort_eigensystem" label: "/home/runner/work/GNAT-FSF-builds/GNAT-FSF-builds/sbx/arm-elf-linux64/embedded-runtimes/install/arm-eabi/lib/gnat/embedded-stm32f469disco/gnat/a-ngrear.adb:503:13" }
node: { title: "ada__numerics__long_long_real_arrays__eigenvalues" label: "Eigenvalues\n/home/runner/work/GNAT-FSF-builds/GNAT-FSF-builds/sbx/arm-elf-linux64/embedded-runtimes/install/arm-eabi/lib/gnat/embedded-stm32f469disco/gnat/a-ngrear.adb:496:4\n72 bytes (static)\n0 dynamic objects" }
edge: { sourcename: "ada__numerics__long_long_real_arrays__eigenvalues" targetname: "system__secondary_stack__ss_allocate" label: "/home/runner/work/GNAT-FSF-builds/GNAT-FSF-builds/sbx/arm-elf-linux64/embedded-runtimes/install/arm-eabi/lib/gnat/embedded-stm32f469disco/gnat/a-ngrear.adb:496:4" }
edge: { sourcename: "ada__numerics__long_long_real_arrays__eigenvalues" targetname: "ada__numerics__long_long_real_arrays__jacobi" label: "/home/runner/work/GNAT-FSF-builds/GNAT-FSF-builds/sbx/arm-elf-linux64/embedded-runtimes/install/arm-eabi/lib/gnat/embedded-stm32f469disco/gnat/a-ngrear.adb:496:4" }
edge: { sourcename: "ada__numerics__long_long_real_arrays__eigenvalues" targetname: "ada__numerics__long_long_real_arrays__sort_eigensystem" label: "/home/runner/work/GNAT-FSF-builds/GNAT-FSF-builds/sbx/arm-elf-linux64/embedded-runtimes/install/arm-eabi/lib/gnat/embedded-stm32f469disco/gnat/a-ngrear.adb:496:4" }
node: { title: "ada__numerics__long_long_real_arrays__F296b" label: "F296b\n<built-in>\n8 bytes (static)\n0 dynamic objects" }
edge: { sourcename: "ada__numerics__long_long_real_arrays__F296b" targetname: "ada__numerics__long_long_real_arrays__transpose__2" label: "/home/runner/work/GNAT-FSF-builds/GNAT-FSF-builds/sbx/arm-elf-linux64/embedded-runtimes/install/arm-eabi/lib/gnat/embedded-stm32f469disco/gnat/a-ngrear.adb:766:10" }
node: { title: "ada__numerics__long_long_real_arrays__transpose" label: "Transpose\n/home/runner/work/GNAT-FSF-builds/GNAT-FSF-builds/sbx/arm-elf-linux64/embedded-runtimes/install/arm-eabi/lib/gnat/embedded-stm32f469disco/gnat/a-ngrear.adb:763:4\n40 bytes (static)\n0 dynamic objects" }
edge: { sourcename: "ada__numerics__long_long_real_arrays__transpose" targetname: "system__secondary_stack__ss_allocate" label: "/home/runner/work/GNAT-FSF-builds/GNAT-FSF-builds/sbx/arm-elf-linux64/embedded-runtimes/install/arm-eabi/lib/gnat/embedded-stm32f469disco/gnat/a-ngrear.adb:763:4" }
edge: { sourcename: "ada__numerics__long_long_real_arrays__transpose" targetname: "ada__numerics__long_long_real_arrays__transpose__2" label: "/home/runner/work/GNAT-FSF-builds/GNAT-FSF-builds/sbx/arm-elf-linux64/embedded-runtimes/install/arm-eabi/lib/gnat/embedded-stm32f469disco/gnat/a-ngrear.adb:763:4" }
node: { title: "ada__numerics__long_long_real_arrays__unit_matrix" label: "Unit_Matrix\n/home/runner/work/GNAT-FSF-builds/GNAT-FSF-builds/sbx/arm-elf-linux64/embedded-runtimes/install/arm-eabi/lib/gnat/embedded-stm32f469disco/gnat/a-ngrear.adb:774:13\n16 bytes (static)\n0 dynamic objects" }
edge: { sourcename: "ada__numerics__long_long_real_arrays__unit_matrix" targetname: "ada__numerics__long_long_real_arrays__instantiations__unit_matrixXnn" label: "/home/runner/work/GNAT-FSF-builds/GNAT-FSF-builds/sbx/arm-elf-linux64/embedded-runtimes/install/arm-eabi/lib/gnat/embedded-stm32f469disco/gnat/a-ngrear.adb:774:13" }
node: { title: "ada__numerics__long_long_real_arrays__unit_vector" label: "Unit_Vector\n/home/runner/work/GNAT-FSF-builds/GNAT-FSF-builds/sbx/arm-elf-linux64/embedded-runtimes/install/arm-eabi/lib/gnat/embedded-stm32f469disco/gnat/a-ngrear.adb:784:13\n16 bytes (static)\n0 dynamic objects" }
edge: { sourcename: "ada__numerics__long_long_real_arrays__unit_vector" targetname: "ada__numerics__long_long_real_arrays__instantiations__unit_vectorXnn" label: "/home/runner/work/GNAT-FSF-builds/GNAT-FSF-builds/sbx/arm-elf-linux64/embedded-runtimes/install/arm-eabi/lib/gnat/embedded-stm32f469disco/gnat/a-ngrear.adb:784:13" }
node: { title: "ada__numerics__long_long_real_arrays__is_non_zero" label: "Is_Non_Zero\n/home/runner/work/GNAT-FSF-builds/GNAT-FSF-builds/sbx/arm-elf-linux64/embedded-runtimes/install/arm-eabi/lib/gnat/embedded-stm32f469disco/gnat/a-ngrear.adb:59:4\n8 bytes (static)\n0 dynamic objects" }
edge: { sourcename: "ada__numerics__long_long_real_arrays__is_non_zero" targetname: "__aeabi_dcmpeq" }
node: { title: "ada__numerics__long_long_real_arrays__is_symmetric" label: "Is_Symmetric\n/home/runner/work/GNAT-FSF-builds/GNAT-FSF-builds/sbx/arm-elf-linux64/embedded-runtimes/install/arm-eabi/lib/gnat/embedded-stm32f469disco/gnat/a-ngrear.adb:86:4\n88 bytes (dynamic)\n2 dynamic objects\n C315b /home/runner/work/GNAT-FSF-builds/GNAT-FSF-builds/sbx/arm-elf-linux64/embedded-runtimes/install/arm-eabi/lib/gnat/embedded-stm32f469disco/gnat/a-ngrear.adb:87:7\n R /home/runner/work/GNAT-FSF-builds/GNAT-FSF-builds/sbx/arm-elf-linux64/embedded-runtimes/install/arm-eabi/lib/gnat/embedded-stm32f469disco/gnat/a-ngrear.adb:87:7" }
edge: { sourcename: "ada__numerics__long_long_real_arrays__is_symmetric" targetname: "ada__numerics__long_long_real_arrays__transpose__2" label: "/home/runner/work/GNAT-FSF-builds/GNAT-FSF-builds/sbx/arm-elf-linux64/embedded-runtimes/install/arm-eabi/lib/gnat/embedded-stm32f469disco/gnat/a-ngrear.adb:87:7" }
edge: { sourcename: "ada__numerics__long_long_real_arrays__is_symmetric" targetname: "memcpy" }
edge: { sourcename: "ada__numerics__long_long_real_arrays__is_symmetric" targetname: "__aeabi_dcmpeq" }
edge: { sourcename: "ada__numerics__long_long_real_arrays__is_symmetric" targetname: "__aeabi_dcmpeq" }
node: { title: "ada__numerics__long_long_real_arrays__is_tiny" label: "Is_Tiny\n/home/runner/work/GNAT-FSF-builds/GNAT-FSF-builds/sbx/arm-elf-linux64/embedded-runtimes/install/arm-eabi/lib/gnat/embedded-stm32f469disco/gnat/a-ngrear.adb:90:4\n16 bytes (static)\n0 dynamic objects" }
edge: { sourcename: "ada__numerics__long_long_real_arrays__is_tiny" targetname: "__aeabi_dmul" }
edge: { sourcename: "ada__numerics__long_long_real_arrays__is_tiny" targetname: "__aeabi_dadd" }
edge: { sourcename: "ada__numerics__long_long_real_arrays__is_tiny" targetname: "__aeabi_dcmpeq" }
}
