graph: { title: "/home/runner/work/GNAT-FSF-builds/GNAT-FSF-builds/sbx/arm-elf-linux64/embedded-runtimes/install/arm-eabi/lib/gnat/embedded-stm32f469disco/gnat/s-pack59.adb"
node: { title: "system__pack_59__clusterIP" label: "clusterIP\n<built-in>\n0 bytes (static)\n0 dynamic objects" }
node: { title: "system__pack_59__rev_clusterIP" label: "rev_clusterIP\n<built-in>\n0 bytes (static)\n0 dynamic objects" }
node: { title: "system__pack_59__get_59" label: "Get_59\n/home/runner/work/GNAT-FSF-builds/GNAT-FSF-builds/sbx/arm-elf-linux64/embedded-runtimes/install/arm-eabi/lib/gnat/embedded-stm32f469disco/gnat/s-pack59.adb:83:4\n4 bytes (static)\n0 dynamic objects" }
node: { title: "system__pack_59__set_59" label: "Set_59\n/home/runner/work/GNAT-FSF-builds/GNAT-FSF-builds/sbx/arm-elf-linux64/embedded-runtimes/install/arm-eabi/lib/gnat/embedded-stm32f469disco/gnat/s-pack59.adb:122:4\n8 bytes (static)\n0 dynamic objects" }
}
