graph: { title: "/home/runner/work/GNAT-FSF-builds/GNAT-FSF-builds/sbx/arm-elf-linux64/embedded-runtimes/install/arm-eabi/lib/gnat/embedded-stm32f746disco/gnat/s-pack20.adb"
node: { title: "system__pack_20__clusterIP" label: "clusterIP\n<built-in>\n0 bytes (static)\n0 dynamic objects" }
node: { title: "system__pack_20__rev_clusterIP" label: "rev_clusterIP\n<built-in>\n0 bytes (static)\n0 dynamic objects" }
node: { title: "system__pack_20__clusteruIP" label: "clusteruIP\n<built-in>\n0 bytes (static)\n0 dynamic objects" }
node: { title: "system__pack_20__rev_clusteruIP" label: "rev_clusteruIP\n<built-in>\n0 bytes (static)\n0 dynamic objects" }
node: { title: "system__pack_20__get_20" label: "Get_20\n/home/runner/work/GNAT-FSF-builds/GNAT-FSF-builds/sbx/arm-elf-linux64/embedded-runtimes/install/arm-eabi/lib/gnat/embedded-stm32f746disco/gnat/s-pack20.adb:98:4\n0 bytes (static)\n0 dynamic objects" }
node: { title: "system__pack_20__getu_20" label: "Getu_20\n/home/runner/work/GNAT-FSF-builds/GNAT-FSF-builds/sbx/arm-elf-linux64/embedded-runtimes/install/arm-eabi/lib/gnat/embedded-stm32f746disco/gnat/s-pack20.adb:137:4\n0 bytes (static)\n0 dynamic objects" }
node: { title: "system__pack_20__set_20" label: "Set_20\n/home/runner/work/GNAT-FSF-builds/GNAT-FSF-builds/sbx/arm-elf-linux64/embedded-runtimes/install/arm-eabi/lib/gnat/embedded-stm32f746disco/gnat/s-pack20.adb:176:4\n4 bytes (static)\n0 dynamic objects" }
node: { title: "system__pack_20__setu_20" label: "Setu_20\n/home/runner/work/GNAT-FSF-builds/GNAT-FSF-builds/sbx/arm-elf-linux64/embedded-runtimes/install/arm-eabi/lib/gnat/embedded-stm32f746disco/gnat/s-pack20.adb:215:4\n4 bytes (static)\n0 dynamic objects" }
}
