graph: { title: "/home/runner/work/GNAT-FSF-builds/GNAT-FSF-builds/sbx/arm-elf-linux64/embedded-runtimes/install/arm-eabi/lib/gnat/embedded-tms570/gnat/s-pack26.adb"
node: { title: "system__pack_26__clusterIP" label: "clusterIP\n<built-in>\n0 bytes (static)\n0 dynamic objects" }
node: { title: "system__pack_26__rev_clusterIP" label: "rev_clusterIP\n<built-in>\n0 bytes (static)\n0 dynamic objects" }
node: { title: "system__pack_26__clusteruIP" label: "clusteruIP\n<built-in>\n0 bytes (static)\n0 dynamic objects" }
node: { title: "system__pack_26__rev_clusteruIP" label: "rev_clusteruIP\n<built-in>\n0 bytes (static)\n0 dynamic objects" }
node: { title: "system__pack_26__get_26" label: "Get_26\n/home/runner/work/GNAT-FSF-builds/GNAT-FSF-builds/sbx/arm-elf-linux64/embedded-runtimes/install/arm-eabi/lib/gnat/embedded-tms570/gnat/s-pack26.adb:98:4\n0 bytes (static)\n0 dynamic objects" }
node: { title: "system__pack_26__getu_26" label: "Getu_26\n/home/runner/work/GNAT-FSF-builds/GNAT-FSF-builds/sbx/arm-elf-linux64/embedded-runtimes/install/arm-eabi/lib/gnat/embedded-tms570/gnat/s-pack26.adb:137:4\n0 bytes (static)\n0 dynamic objects" }
node: { title: "system__pack_26__set_26" label: "Set_26\n/home/runner/work/GNAT-FSF-builds/GNAT-FSF-builds/sbx/arm-elf-linux64/embedded-runtimes/install/arm-eabi/lib/gnat/embedded-tms570/gnat/s-pack26.adb:176:4\n4 bytes (static)\n0 dynamic objects" }
node: { title: "system__pack_26__setu_26" label: "Setu_26\n/home/runner/work/GNAT-FSF-builds/GNAT-FSF-builds/sbx/arm-elf-linux64/embedded-runtimes/install/arm-eabi/lib/gnat/embedded-tms570/gnat/s-pack26.adb:215:4\n4 bytes (static)\n0 dynamic objects" }
}
