graph: { title: "/home/runner/work/GNAT-FSF-builds/GNAT-FSF-builds/sbx/arm-elf-linux64/embedded-runtimes/install/arm-eabi/lib/gnat/light-nrf52840/gnat/i-cexten.ads"
node: { title: "interfaces__c__extensions__signed_128IP" label: "signed_128IP\n<built-in>\n0 bytes (static)\n0 dynamic objects" }
node: { title: "interfaces__c__extensions__float_128IP" label: "float_128IP\n<built-in>\n0 bytes (static)\n0 dynamic objects" }
node: { title: "interfaces__c__extensions__cfloat_128IP" label: "cfloat_128IP\n<built-in>\n0 bytes (static)\n0 dynamic objects" }
}
