graph: { title: "/home/runner/work/GNAT-FSF-builds/GNAT-FSF-builds/sbx/arm-elf-linux64/embedded-runtimes/install/arm-eabi/lib/gnat/light-cortex-m4f/gnat/s-imgcha.adb"
node: { title: "system__img_char__image_character" label: "Image_Character\n/home/runner/work/GNAT-FSF-builds/GNAT-FSF-builds/sbx/arm-elf-linux64/embedded-runtimes/install/arm-eabi/lib/gnat/light-cortex-m4f/gnat/s-imgcha.adb:38:4\n24 bytes (static)\n0 dynamic objects" }
node: { title: "system__img_char__image_character_05" label: "Image_Character_05\n/home/runner/work/GNAT-FSF-builds/GNAT-FSF-builds/sbx/arm-elf-linux64/embedded-runtimes/install/arm-eabi/lib/gnat/light-cortex-m4f/gnat/s-imgcha.adb:169:4\n4 bytes (static)\n0 dynamic objects" }
edge: { sourcename: "system__img_char__image_character_05" targetname: "system__img_char__image_character" label: "/home/runner/work/GNAT-FSF-builds/GNAT-FSF-builds/sbx/arm-elf-linux64/embedded-runtimes/install/arm-eabi/lib/gnat/light-cortex-m4f/gnat/s-imgcha.adb:180:10" }
}
