graph: { title: "/home/runner/work/GNAT-FSF-builds/GNAT-FSF-builds/sbx/arm-elf-linux64/embedded-runtimes/install/arm-eabi/lib/gnat/embedded-stm32f4/gnarl/s-tasque.adb"
node: { title: "system__tasking__queuing__count_waiting" label: "Count_Waiting\n/home/runner/work/GNAT-FSF-builds/GNAT-FSF-builds/sbx/arm-elf-linux64/embedded-runtimes/install/arm-eabi/lib/gnat/embedded-stm32f4/gnarl/s-tasque.adb:115:4\n0 bytes (static)\n0 dynamic objects" }
node: { title: "system__tasking__queuing__enqueue" label: "Enqueue\n/home/runner/work/GNAT-FSF-builds/GNAT-FSF-builds/sbx/arm-elf-linux64/embedded-runtimes/install/arm-eabi/lib/gnat/embedded-stm32f4/gnarl/s-tasque.adb:194:4\n0 bytes (static)\n0 dynamic objects" }
node: { title: "system__tasking__queuing__select_protected_entry_call" label: "Select_Protected_Entry_Call\n/home/runner/work/GNAT-FSF-builds/GNAT-FSF-builds/sbx/arm-elf-linux64/embedded-runtimes/install/arm-eabi/lib/gnat/embedded-stm32f4/gnarl/s-tasque.adb:233:4\n32 bytes (static)\n0 dynamic objects" }
node: { title: "__indirect_call" label: "Indirect Call Placeholder" shape : ellipse }
edge: { sourcename: "system__tasking__queuing__select_protected_entry_call" targetname: "__indirect_call" label: "/home/runner/work/GNAT-FSF-builds/GNAT-FSF-builds/sbx/arm-elf-linux64/embedded-runtimes/install/arm-eabi/lib/gnat/embedded-stm32f4/gnarl/s-tasque.adb:255:23" }
edge: { sourcename: "system__tasking__queuing__select_protected_entry_call" targetname: "__indirect_call" label: "/home/runner/work/GNAT-FSF-builds/GNAT-FSF-builds/sbx/arm-elf-linux64/embedded-runtimes/install/arm-eabi/lib/gnat/embedded-stm32f4/gnarl/s-tasque.adb:256:45" }
}
