graph: { title: "/home/runner/work/GNAT-FSF-builds/GNAT-FSF-builds/sbx/arm-elf-linux64/embedded-runtimes/install/arm-eabi/lib/gnat/embedded-zynq7000/gnat/s-pack42.adb"
node: { title: "system__pack_42__clusterIP" label: "clusterIP\n<built-in>\n0 bytes (static)\n0 dynamic objects" }
node: { title: "system__pack_42__rev_clusterIP" label: "rev_clusterIP\n<built-in>\n0 bytes (static)\n0 dynamic objects" }
node: { title: "system__pack_42__clusteruIP" label: "clusteruIP\n<built-in>\n0 bytes (static)\n0 dynamic objects" }
node: { title: "system__pack_42__rev_clusteruIP" label: "rev_clusteruIP\n<built-in>\n0 bytes (static)\n0 dynamic objects" }
node: { title: "system__pack_42__get_42" label: "Get_42\n/home/runner/work/GNAT-FSF-builds/GNAT-FSF-builds/sbx/arm-elf-linux64/embedded-runtimes/install/arm-eabi/lib/gnat/embedded-zynq7000/gnat/s-pack42.adb:98:4\n4 bytes (static)\n0 dynamic objects" }
node: { title: "system__pack_42__getu_42" label: "Getu_42\n/home/runner/work/GNAT-FSF-builds/GNAT-FSF-builds/sbx/arm-elf-linux64/embedded-runtimes/install/arm-eabi/lib/gnat/embedded-zynq7000/gnat/s-pack42.adb:137:4\n0 bytes (static)\n0 dynamic objects" }
node: { title: "system__pack_42__set_42" label: "Set_42\n/home/runner/work/GNAT-FSF-builds/GNAT-FSF-builds/sbx/arm-elf-linux64/embedded-runtimes/install/arm-eabi/lib/gnat/embedded-zynq7000/gnat/s-pack42.adb:176:4\n8 bytes (static)\n0 dynamic objects" }
node: { title: "system__pack_42__setu_42" label: "Setu_42\n/home/runner/work/GNAT-FSF-builds/GNAT-FSF-builds/sbx/arm-elf-linux64/embedded-runtimes/install/arm-eabi/lib/gnat/embedded-zynq7000/gnat/s-pack42.adb:215:4\n8 bytes (static)\n0 dynamic objects" }
}
