graph: { title: "/home/runner/work/GNAT-FSF-builds/GNAT-FSF-builds/sbx/arm-elf-linux64/embedded-runtimes/install/arm-eabi/lib/gnat/light-samg55/gnat/setup_pll.adb"
node: { title: "_ada_setup_pll" label: "Setup_Pll\n/home/runner/work/GNAT-FSF-builds/GNAT-FSF-builds/sbx/arm-elf-linux64/embedded-runtimes/install/arm-eabi/lib/gnat/light-samg55/gnat/setup_pll.adb:37:1\n32 bytes (static)\n0 dynamic objects" }
node: { title: "interfaces__sam__sysc__supc_mr_registerIP" label: "supc_mr_registerIP\n<built-in>" shape : ellipse }
edge: { sourcename: "_ada_setup_pll" targetname: "interfaces__sam__sysc__supc_mr_registerIP" label: "/home/runner/work/GNAT-FSF-builds/GNAT-FSF-builds/sbx/arm-elf-linux64/embedded-runtimes/install/arm-eabi/lib/gnat/light-samg55/gnat/setup_pll.adb:48:7" }
node: { title: "interfaces__sam__pmc__ckgr_mor_registerIP" label: "ckgr_mor_registerIP\n<built-in>" shape : ellipse }
edge: { sourcename: "_ada_setup_pll" targetname: "interfaces__sam__pmc__ckgr_mor_registerIP" label: "/home/runner/work/GNAT-FSF-builds/GNAT-FSF-builds/sbx/arm-elf-linux64/embedded-runtimes/install/arm-eabi/lib/gnat/light-samg55/gnat/setup_pll.adb:50:7" }
}
